
> the-boys-afisha-integration@0.2.0-candidate test:unit
> node --experimental-strip-types --test tests/unit/*.test.ts

✔ UNKNOWN never becomes EXPIRED or READY after TTL (0.7713ms)
✔ worker killed after possible submission becomes UNKNOWN (0.1054ms)
✔ known not submitted may recover READY (0.0493ms)
✔ known not submitted after deadline EXPIRED (0.0619ms)
✔ Redis loss does not revoke SUCCEEDED (0.0757ms)
✔ unsafe POST 503 is UNKNOWN (0.0989ms)
✔ logical false is not success (0.0637ms)
✔ accepted result means API acceptance only (0.0589ms)
✔ trusted 429 allows bounded retry (0.5945ms)
✔ personal scope does not need artificial group (0.1788ms)
✔ scope actor cannot be forged (0.3541ms)
✔ plan search non-participating organizer retained (0.3409ms)
(node:36008) [FSTDEP023] FastifyDeprecation: disableRequestLogging option is deprecated. Use the logController option with disableRequestLogging or isLogDisabled override instead. The disableRequestLogging top-level option will be removed in `fastify@6`.
(Use `node --trace-warnings ...` to show where the warning was created)
✔ ioredis named export is constructable in native Node ESM without opening a connection (0.7388ms)
✔ Drizzle PostgreSQL query types preserve parameterized SQL after declaration correction (2.408ms)
{"event":"http_end","requestId":"e31f3761-0554-4e32-98ca-31c88e956a02","route":"/synthetic-error-0","status":403}
{"event":"http_end","requestId":"b3c9c7fe-dc0b-4c41-819c-d156b4a2c3f8","route":"/synthetic-error-1","status":413}
{"event":"http_end","requestId":"945d51af-bbd0-4fc5-b1f9-8205af2707ea","route":"/synthetic-error-2","status":415}
{"event":"http_end","requestId":"01fe048b-a2a2-4950-9173-8c63b425d801","route":"/synthetic-error-3","status":503}
{"event":"http_end","requestId":"0157bdc7-7008-48a6-8e9c-58893e735f40","route":"/synthetic-error-4","status":503}
{"event":"http_end","requestId":"610f37c4-01a5-4973-ba44-75cbe6eea023","route":"/synthetic-error-5","status":503}
{"event":"http_end","requestId":"4350af59-a670-4b0e-a2b5-52e9a91fea5a","route":"/api/v1/plans","status":400}
✔ Fastify unknown error boundary preserves validation/domain/status behavior without leaking messages (87.732ms)
✔ Detail design variants are deterministic and explicitly synthetic (1.1423ms)
✔ unknown price stays unknown in the deterministic price variant (0.1127ms)
✔ missing venue stays explicit and is omitted from the hero (0.1006ms)
✔ unavailable source has no fabricated URL and disables the primary action (0.0792ms)
✔ runtime adapter preserves supplied start only and does not invent detail facts (0.3768ms)
✔ runtime source action is exposed only for an allowlisted safe URL (0.1808ms)
✔ Empty reset action clears user filters while preserving Moscow and timezone context (1.0196ms)
✔ loading, empty and error system states are explicit and deterministic (0.9792ms)
✔ retry and reset actions leave a deterministic preview destination (0.0928ms)
✔ offline state contains only explicitly supplied cached content (0.1226ms)
✔ deterministic Home fixture remains explicitly synthetic (0.7701ms)
✔ catalog adapter preserves server display evidence without changing domain models (0.1979ms)
✔ catalog adapter does not invent an event when the server returns no events (0.119ms)
✔ server catalog adapters do not assign design artwork or design map behavior (0.2772ms)
✔ HTTP amount discriminator rejects impossible amount field combinations (2.8374ms)
✔ HTTP canonical price preserves EXACT evidence and unknown totals (5.5555ms)
✔ HTTP canonical price preserves FROM evidence and unknown totals (0.8388ms)
✔ HTTP canonical price preserves RANGE evidence and unknown totals (0.7966ms)
✔ HTTP canonical price preserves FREE evidence and unknown totals (1.7425ms)
✔ HTTP canonical price preserves TEXT evidence and unknown totals (0.3469ms)
✔ HTTP canonical price preserves UNKNOWN evidence and unknown totals (0.4905ms)
✔ PC001 ended (3.3845ms)
✔ PC001 end equality (0.7358ms)
✔ PC001 upcoming (0.4806ms)
✔ PC001 already started, end missing (0.3731ms)
✔ PC001 ongoing (0.809ms)
✔ PC001 cancelled future event cannot pass (0.4038ms)
✔ PC002 cancellation after commitment deadline gets future informational TTL (12.968ms)
✔ PC002 cancellation cannot be delivered at/after event start (0.3328ms)
✔ PC002 stale selection, terminal and legacy notice guards (0.6279ms)
✔ PC003 500+30 remains 530 across JSON, domain validation and UI projection (2.7693ms)
✔ PC003 unknown required fees are not turned into zero or a complete price (0.2737ms)
✔ PC003 forged total rejected; included quote not double charged (0.8992ms)
✔ PC004 19 venue -> 21 null name/city projection and blocked external maps (1.1133ms)
✔ SOLO context-only count and no-cinema filters do not create group authority (0.6769ms)
✔ free text under admission hold is rejected, not silently dropped (0.1314ms)
✔ budget with unknown basis is clarification, not pass (0.073ms)
✔ source snapshot contains no personal query/history; changing time preserves source and appends (0.8869ms)
✔ organizer without participation has authority, no automatic active slot (0.0915ms)
✔ wall time conversion rejects fold, gap and invalid day; valid date exact (3.5713ms)
✔ deep links are locators only and do not contain tokens or actor data (0.4766ms)
✔ durable approval contract survives new service object; foreign/expired/mutated rejected (14.9857ms)
✔ AI20 candidate remains an explicit-confirmation draft; no tool side effect (0.6564ms)
✔ AI strict JSON rejects {"x":1,"x":2} (0.2571ms)
✔ AI strict JSON rejects {"x":1,"\u0078":2} (0.0788ms)
✔ AI strict JSON rejects {"__proto__":{}} (0.0291ms)
✔ price migration preserves legacy input and stales consent without rewriting immutable SQL rows (0.7634ms)
(node:42632) [FSTDEP023] FastifyDeprecation: disableRequestLogging option is deprecated. Use the logController option with disableRequestLogging or isLogDisabled override instead. The disableRequestLogging top-level option will be removed in `fastify@6`.
(Use `node --trace-warnings ...` to show where the warning was created)
✔ desired commands and subscription have only the entry flow (1.0631ms)
✔ command "/start" (0.0916ms)
✔ command " /HELP " (0.0376ms)
✔ command "/app" (0.0333ms)
✔ command "/start locator" (0.0547ms)
✔ command "/startle" (0.044ms)
✔ command "Привет" (0.0743ms)
✔ command "" (0.032ms)
✔ welcome uses native open_app with bot identity and safe catalog payload (0.2342ms)
✔ help has recovery, configured URL, published policy/about links (0.14ms)
✔ missing Mini App URL suppresses launch and never invents an address (0.1509ms)
✔ optional policy links are absent until published (0.0801ms)
✔ URLs are optional but production HTTPS is mandatory (0.4582ms)
✔ canonical secret config is separate; legacy test config remains compatible (0.4757ms)
✔ runtime config validates every configured product URL (0.2297ms)
✔ bot_started accepts current first_name and legacy name without inferring app rights (0.7007ms)
✔ lossless bot_started IDs and message_created commands retain exact recipient (0.1853ms)
✔ event identity deduplicates message_created across webhook timestamps (0.1638ms)
✔ groups, channels and bot echoes do not become personal destinations (0.1245ms)
✔ malformed supported payloads fail closed; callbacks are unsupported (0.1509ms)
{"event":"http_end","requestId":"03c3e11d-73b4-4423-a520-069ce3e16e7a","route":"/api/v1/max/webhook","status":403}
{"event":"http_end","requestId":"2c5ae874-9ed8-44b5-8135-bc19f5f4e5c3","route":"/api/v1/max/webhook","status":403}
✔ invalid or missing webhook secret returns 403 without a database connection (83.6034ms)
✔ Mini App URL permits 1024 and rejects 1025 without narrowing unrelated URLs (0.3355ms)
✔ MAX trust configuration keeps global Node trust unchanged (1.5159ms)
✔ T106.1 packaged MAX root is the independently sourced pinned public CA (2.6556ms)
✔ MAX 429 with ordinary error.message maps to safe retry and Retry-After (2.1622ms)
✔ transport preserves keyboard body and sends only to pinned MAX API2 (3.8028ms)
✔ HTTP outcome classification keeps ambiguous sends out of retry (1.9493ms)
✔ network failure after possible submission is UNKNOWN and is not retried (0.8462ms)
✔ HTTP 400 string message is a definitive response with scoped TLS (0.8422ms)
✔ HTTP 401 string message is a definitive response with scoped TLS (0.5175ms)
✔ HTTP 403 string message is a definitive response with scoped TLS (0.3501ms)
✔ HTTP 404 string message is a definitive response with scoped TLS (0.3289ms)
✔ HTTP 429 string message is a definitive response with scoped TLS (0.3773ms)
✔ definitive 401 does not depend on optional error body completion (0.6108ms)
✔ definitive 429 does not depend on optional error body completion (0.5079ms)
✔ capability matrix web (0.9374ms)
✔ capability matrix android (0.1931ms)
✔ capability matrix ios (0.2005ms)
✔ capability matrix desktop (0.1866ms)
✔ absent Bridge and CDN object without launch expose no native capabilities (0.1729ms)
✔ launch context version gate android 26.19.1 (0.104ms)
✔ launch context version gate android 26.19.2 (0.0537ms)
✔ launch context version gate ios 26.19.99 (0.0998ms)
✔ launch context version gate ios 26.20.0 (0.1197ms)
✔ launch context version gate ios unknown (0.135ms)
✔ launch context version gate web 99.99.99 (0.116ms)
✔ URL WebAppData is forwarded byte-exactly, without a fabricated Bridge (0.3404ms)
✔ reject ambiguous or malformed launch #WebAppData=x&WebAppData=x (0.4398ms)
✔ reject ambiguous or malformed launch #WebAppData=x&%57ebAppData=y (0.1344ms)
✔ reject ambiguous or malformed launch #WebAppData=x&WebAppPlatform=web&WebAppPlatform=ios (0.0973ms)
✔ reject ambiguous or malformed launch #WebAppData=%ff (0.0809ms)
✔ reject ambiguous or malformed launch #WebAppData=% (0.128ms)
✔ reject ambiguous or malformed launch #WebAppData= (0.0625ms)
✔ conflicting Bridge and fragment rejected before exchange (0.1018ms)
✔ unsafe user never read even when its getter throws (0.0772ms)
✔ only allowed context fields are read, never user identity (0.3133ms)
✔ 512 ASCII characters accepted; 513 or disallowed characters rejected (0.12ms)
✔ event deep link round-trip retains an occurrence locator, never an offer or permission (1.0464ms)
✔ campaign/referral are context only and route to personal home (0.1919ms)
✔ invalid or oversized event encoding fails closed to personal home (0.1992ms)
✔ launch context rejection and timeout are graceful (4.9718ms)
✔ viewport dimensions are bounded and failures leave CSS fallback (0.4321ms)
✔ native links are dispatched in the click turn and routed by exact MAX origin (0.5168ms)
✔ native rejection and missing APIs report explicit outcomes (0.4313ms)
✔ BackButton subscription and cleanup use the same callback (0.2618ms)
✔ resolved native error responses are never reported as invoked (0.2354ms)
✔ fresh MAX launch is verified before an existing cookie can select identity (19.8937ms)
✔ new launch rejection never falls back to the previous identity (1.1095ms)
✔ external browser can resume only an existing server session (1.0514ms)
✔ unsafe identity alone cannot issue a session (0.4793ms)
✔ transport retry reuses exact exchange body and bootstrap (1.0028ms)
✔ partial BackButton does not break browser fallback (0.4834ms)
✔ throwing share Bridge reports failure without throwing into UI (0.3654ms)
✔ blocked cookie storage is explicit and never a successful login (0.6412ms)
✔ external browser service outage does not trigger new session issuance (0.3417ms)
✔ a tab cannot replace its CSRF binding after another MAX account changes the cookie (0.336ms)
✔ R5-002 organizer without participation retains management, not a fictional vote (17.712ms)
✔ R3 consent on changed terms is a new APPLIED domain revision, not raw NO_CHANGE (1.2583ms)
✔ cosmetic snapshot preserves terms revision and original receipt snapshot (0.8256ms)
✔ time change cannot claim cosmetic (0.5468ms)
✔ outsider IDOR is neutral; cannot replay current access (0.3863ms)
✔ stale state command fails before mutation (0.3071ms)
✔ stale selection command fails (0.3573ms)
✔ stale terms response fails (0.368ms)
✔ deadline equality rejects positive response (0.4168ms)
✔ deadline equality rejects CONFIRMED (0.5179ms)
✔ DECLINED after deadline remains possible until terminal (0.3513ms)
✔ UNBOUND allowed at start and counts MISSING (0.2941ms)
✔ BLOCKED cannot be selected even with provisional override (0.2829ms)
✔ provisional selection requires explicit warning acknowledgement and reason (0.3506ms)
✔ organizer cannot create others as participants (0.0836ms)
✔ duplicate actor cannot occupy two slots (0.074ms)
✔ MIN is not silently reduced (0.0545ms)
✔ roster after selection returns collecting, archives commitments, retains same terms responses (0.3265ms)
✔ participant sees own responses, not another actor matrix (0.3477ms)
✔ removed actor loses read immediately (0.2695ms)
✔ unknown required fee prevents final confirmation and retains warnings (0.6998ms)
✔ terminal forbids writes (0.2482ms)
✔ unknown time zone rejected (0.109ms)
✔ invalid calendar date rejected (0.1165ms)
✔ UTC instant survives exact comparison without milliseconds (0.2344ms)
✔ strict commitment value null (0.3517ms)
✔ strict commitment value [] (0.2967ms)
✔ strict commitment value {} (0.2222ms)
✔ strict commitment value "confirmed" (0.6605ms)
✔ strict commitment value 1 (0.253ms)
✔ My Plans render includes nearest, other plans, status controls and active BottomNav (445.2918ms)
✔ Plan Detail render includes event summary, personal plan, participants and lightweight discussion (2.9105ms)
✔ participant status states render for host, going and thinking fixtures (2.6747ms)
✔ solo plan fixture renders without a group prerequisite (4.2569ms)
✔ multi-participant fixture and empty discussion state remain deterministic (2.8251ms)
WebSocket server error: Port 24678 is already in use
17:17:06 [vite] (client) Re-optimizing dependencies because vite config has changed
✔ Profile design render exposes the approved personalization surface (448.4214ms)
✔ Profile fixture is deterministic and explicitly non-persistent (0.5386ms)
✔ Preference chips only change during the local edit state (0.1382ms)
✔ Notifications control is local UI state only (0.0647ms)
✔ Profile fixtures show VK and OK as unconnected placeholders (2.5249ms)
✔ Server Profile renders connected services only from supplied connected records (4.129ms)
✔ Saved render model remains explicit, deterministic and close to the approved screen (1.5272ms)
✔ Saved segmented selection switches the visible deterministic collection (0.1487ms)
✔ Saved state removes and re-saves an event without changing its event model (0.1004ms)
✔ Saved screen renders the populated and empty saved states (536.8572ms)
✔ Search render model remains explicit, deterministic and map-design-only (0.8265ms)
✔ filter state selects and deselects a shared category option (0.163ms)
✔ removing a selected filter updates applied and draft state (0.099ms)
✔ reset clears all structured filters while preserving the query and sort context (0.0728ms)
✔ apply commits the Filter Sheet draft and closes it (0.063ms)
✔ sort switching updates the visible Search sort immediately (0.5288ms)
✔ Filter Sheet open and close restores the last applied filters (0.0772ms)
✔ signed >2^53 ID survives as decimal string (2.9373ms)
✔ bad HMAC fails (0.4311ms)
✔ wrong token fails (0.2037ms)
✔ freshness at 1h equality fails (0.2074ms)
✔ future >300 seconds fails (0.604ms)
✔ nullable chat allowed; no membership inferred (0.3948ms)
✔ duplicate form key rejected (0.2493ms)
✔ escaped duplicate form key rejected (0.2256ms)
✔ malformed form UTF-8 rejected (0.1894ms)
✔ HMAC computed over original nested JSON not reserialized (0.49ms)
✔ int64 exact 9007199254740993 (0.1729ms)
✔ int64 exact 9223372036854775807 (0.0621ms)
✔ int64 exact -9223372036854775808 (0.0285ms)
✔ reject invalid int64 9223372036854775808 (0.0787ms)
✔ reject invalid int64 -9223372036854775809 (0.0526ms)
✔ reject invalid int64 1e3 (0.067ms)
✔ reject invalid int64 1.0 (0.0727ms)
✔ reject invalid int64 "1" (0.0533ms)
✔ reject invalid int64 null (0.0452ms)
✔ reject invalid int64 [] (0.0352ms)
✔ reject invalid int64 {} (0.031ms)
✔ strict duplicate/prototype preflight {"a":1,"a":1} (0.088ms)
✔ strict duplicate/prototype preflight {"a":1,"\u0061":2} (0.0519ms)
✔ strict duplicate/prototype preflight {"x":{"a":0,"a":1}} (0.0392ms)
✔ strict duplicate/prototype preflight {"__proto__":1} (0.0385ms)
✔ strict duplicate/prototype preflight {"constructor":1} (0.0341ms)
✔ valid nested values not misidentified as duplicate keys (0.5727ms)
✔ depth bounded before native parse (0.0646ms)
✔ unsafe app JSON integer rejected instead of coerced (0.0655ms)
✔ fatal UTF8 does not replace invalid bytes (0.1382ms)
✔ signed wrong first_name type rejected [] (0.2335ms)
✔ signed wrong first_name type rejected {} (0.824ms)
✔ signed wrong first_name type rejected null (0.1645ms)
✔ signed wrong first_name type rejected true (0.1444ms)
✔ signed wrong first_name type rejected 1 (0.1278ms)
✔ AES-GCM escrow roundtrip; tamper fails (0.4878ms)
✔ empty optional MAX profile fields are valid strings (0.1831ms)
✔ valid HMAC-sized tampering rejected with AUTH_INVALID (0.2222ms)
✔ freshness boundaries: 3599 seconds and 300 second future skew accepted (0.2701ms)
✔ security rejects duplicate critical field &hash=000000 (0.129ms)
✔ security rejects duplicate critical field &%68ash=0000 (0.5534ms)
✔ security rejects duplicate critical field &auth_date=1 (0.1205ms)
✔ security rejects duplicate critical field &%61uth_date (0.068ms)
✔ security rejects malformed encoding user=%&hash=x (0.0625ms)
✔ security rejects malformed encoding user=%G0&hash=x (0.0501ms)
✔ security rejects malformed encoding user=%C0%AF&hash=x (0.0314ms)
✔ security rejects malformed encoding user=%ED%A0%80&hash=x (0.033ms)
✔ signed int64 max ID and non-ASCII profile remain exact (0.1753ms)
✔ signed start_param context never changes the validated actor (0.3539ms)
✔ Event is conceptual; two sessions yield two distinct occurrence proposals (13.1715ms)
✔ anonymous aliases ignore array order, title, price and end; duplicate session does not multiply (1.0696ms)
✔ conflicting duplicate aliases quarantine that identity and preserve siblings (0.8966ms)
✔ T104 free admission with mandatory 700 RUB deposit is conditional and never free (0.3262ms)
✔ explicit proven free, claimed free with unknown fees, numeric zero and missing price remain distinct (0.4056ms)
✔ FROM and RANGE preserve bounds without inventing affordable ceiling (0.1013ms)
✔ unknown fees and event-level scope cannot prove occurrence budget (0.0708ms)
✔ null end, null place and venue without coordinates remain honest (0.5282ms)
✔ invalid end is quarantined as a field, valid start survives (0.4092ms)
✔ invalid start, timezone, impossible date and source URL isolate records (1.3732ms)
✔ a malformed record is isolated and no page silently truncates 399 sessions (51.2683ms)
✔ duplicate provider rows dedupe; conflicting rows quarantine both (1.7746ms)
✔ T104 KudaGo null end, null place, 399 dates and actual_since do not create a cursor or fake facts (49.6371ms)
✔ KudaGo conflicting expanded start quarantines only that date; page size is bounded (0.8513ms)
✔ presentation exposes unknown/conditional/source-unavailable without fabricated end or venue (1.3503ms)
✔ malformed nested provider fields are bounded and isolated from valid siblings (0.9232ms)
✔ money overflow and contradictory no-fee evidence cannot enter canonical price (0.1388ms)
✔ malformed coordinate child cannot erase a valid session sibling (0.5544ms)
✔ ambiguous online place and contradictory venue format stay uncertain (3.7724ms)
✔ RUB presentation preserves kopecks rather than truncating a known price (0.6701ms)
✔ live source without explicit policy admission is rejected with a structured reason (0.1202ms)
✔ Only explicit allowlisted routes activate design fixtures (0.7081ms)
✔ Shared navigation preserves Profile for Saved and the originating section for Detail (0.1441ms)
✔ Selected preview events retain identity without inheriting invented Detail facts (0.1998ms)
✔ Selected solo plan stays solo and has no borrowed discussion (0.5213ms)
ℹ tests 264
ℹ suites 0
ℹ pass 264
ℹ fail 0
ℹ cancelled 0
ℹ skipped 0
ℹ todo 0
ℹ duration_ms 1055.0281
