ЗАМЕЧАНИЕ:  удаление распространяется на ещё 36 объектов
DETAIL:  удаление распространяется на объект таблица schema_migrations
удаление распространяется на объект таблица actors
удаление распространяется на объект таблица plans
удаление распространяется на объект таблица plan_slots
удаление распространяется на объект таблица snapshots
удаление распространяется на объект таблица command_receipts
удаление распространяется на объект таблица command_audit
удаление распространяется на объект функция immutable_row()
удаление распространяется на объект таблица invites
удаление распространяется на объект таблица join_requests
удаление распространяется на объект таблица session_bootstraps
удаление распространяется на объект таблица app_sessions
удаление распространяется на объект таблица session_exchanges
удаление распространяется на объект таблица destinations
удаление распространяется на объект таблица inbox
удаление распространяется на объект таблица quarantine
удаление распространяется на объект таблица max_ingress_owner
удаление распространяется на объект таблица outbound_control
удаление распространяется на объект таблица outbox
удаление распространяется на объект таблица delivery_attempts
удаление распространяется на объект таблица test_transport_receipts
удаление распространяется на объект таблица search_contexts
удаление распространяется на объект таблица search_approvals
удаление распространяется на объект таблица search_issued_offers
удаление распространяется на объект таблица catalog_occurrences
удаление распространяется на объект таблица catalog_choices
удаление распространяется на объект таблица ui_mapped_commands
удаление распространяется на объект таблица catalog_sources
удаление распространяется на объект таблица catalog_sync_runs
удаление распространяется на объект таблица catalog_sync_pages
удаление распространяется на объект таблица source_observations
удаление распространяется на объект таблица canonical_events
удаление распространяется на объект таблица canonical_venues
удаление распространяется на объект таблица canonical_occurrences
удаление распространяется на объект таблица occurrence_aliases
удаление распространяется на объект таблица catalog_normalization_quarantine
DROP SCHEMA
CREATE SCHEMA
