✔ Detail design variants are deterministic and explicitly synthetic (0.7075ms)
✔ unknown price stays unknown in the deterministic price variant (0.0655ms)
✔ missing venue stays explicit and is omitted from the hero (0.0505ms)
✔ unavailable source has no fabricated URL and disables the primary action (0.4107ms)
✔ runtime adapter preserves supplied start only and does not invent detail facts (0.2042ms)
✔ runtime source action is exposed only for an allowlisted safe URL (0.092ms)
✔ HTTP amount discriminator rejects impossible amount field combinations (1.799ms)
✔ HTTP canonical price preserves EXACT evidence and unknown totals (3.4036ms)
✔ HTTP canonical price preserves FROM evidence and unknown totals (0.4796ms)
✔ HTTP canonical price preserves RANGE evidence and unknown totals (0.4168ms)
✔ HTTP canonical price preserves FREE evidence and unknown totals (1.1918ms)
✔ HTTP canonical price preserves TEXT evidence and unknown totals (0.2803ms)
✔ HTTP canonical price preserves UNKNOWN evidence and unknown totals (0.247ms)
ℹ tests 13
ℹ suites 0
ℹ pass 13
ℹ fail 0
ℹ cancelled 0
ℹ skipped 0
ℹ todo 0
ℹ duration_ms 137.6556
