(node:35760) [FSTDEP023] FastifyDeprecation: disableRequestLogging option is deprecated. Use the logController option with disableRequestLogging or isLogDisabled override instead. The disableRequestLogging top-level option will be removed in `fastify@6`.
(Use `node --trace-warnings ...` to show where the warning was created)
{"event":"http_end","requestId":"afaca83d-f0de-4b6d-9710-dfb3c047d5ba","route":"/api/v1/session/bootstrap","status":200}
{"event":"http_end","requestId":"1892f973-5269-4e0c-bff4-791820d856f4","route":"/api/v1/session/max","status":200}
{"event":"http_end","requestId":"ce0b0653-e5fc-4105-b72c-a5cdd42c448d","route":"/api/v1/me/saved","status":200}
{"event":"http_end","requestId":"8449770a-85c9-4139-85e5-301ee26da824","route":"/api/v1/me/saved/:occurrenceId","status":200}
{"event":"http_end","requestId":"4ae810c1-6109-4e57-9d7d-0814d426f129","route":"/api/v1/me/saved/:occurrenceId","status":200}
{"event":"http_end","requestId":"a509bacf-9e02-4674-81db-d2cc8de1e05d","route":"/api/v1/me/saved/:occurrenceId","status":200}
{"event":"http_end","requestId":"51f10b2a-93b7-47c1-a7ca-7abf815b2bfe","route":"/api/v1/me/saved/:occurrenceId","status":200}
{"event":"http_end","requestId":"050b5a6f-1d36-4397-967e-459296e03b39","route":"/api/v1/me/saved/:occurrenceId","status":200}
{"event":"http_end","requestId":"55c731e4-d56d-41c2-8d65-c30d1de224d6","route":"/api/v1/me/saved/:occurrenceId","status":200}
{"event":"http_end","requestId":"9389c095-0a6f-4244-b060-f66b8155ffa6","route":"/api/v1/me/saved/:occurrenceId","status":200}
{"event":"http_end","requestId":"1aa0c6f0-236e-4ed0-a437-8c4fce98b02f","route":"/api/v1/me/saved/:occurrenceId","status":200}
{"event":"http_end","requestId":"05f36fa8-0e56-4e2c-b9a7-9468cd7995e2","route":"/api/v1/me/saved/:occurrenceId","status":200}
{"event":"http_end","requestId":"701430ac-67ff-4701-bccf-db961fd27f9e","route":"/api/v1/me/saved/:occurrenceId","status":200}
{"event":"http_end","requestId":"97ad0550-33fe-4fab-be2b-2538362837fe","route":"/api/v1/me/saved","status":200}
{"event":"http_end","requestId":"a1ca5b08-6fae-496f-8e76-ecac2c79b651","route":"/api/v1/me/saved/resolve","status":200}
{"event":"http_end","requestId":"ecc417f1-fafb-4e92-acb1-e3a2b46c49d6","route":"/api/v1/session/bootstrap","status":200}
{"event":"http_end","requestId":"9923c76a-d53e-4ebe-a759-cd3681f33a0e","route":"/api/v1/session/max","status":200}
{"event":"http_end","requestId":"90c71cc3-651b-4b01-9a94-1dc898e214b2","route":"/api/v1/me/saved","status":200}
✔ Save: idempotent PUT, concurrent duplicates, deterministic list and canonical UNKNOWN facts (167.4186ms)
{"event":"http_end","requestId":"0c2d0ebe-c0b4-4fd1-a058-300ab8b3d016","route":"/api/v1/session/bootstrap","status":200}
{"event":"http_end","requestId":"1ac3bd56-c60c-47da-999a-d3557b540001","route":"/api/v1/session/max","status":200}
{"event":"http_end","requestId":"618045da-ceb9-4df5-b470-582cebe0b134","route":"/api/v1/session/bootstrap","status":200}
{"event":"http_end","requestId":"be5134c0-a8be-46ee-b8d3-80af4777a203","route":"/api/v1/session/max","status":200}
{"event":"http_end","requestId":"ca2cb9ca-a001-42fa-905a-eeac9b6a91c4","route":"/api/v1/me/saved/:occurrenceId","status":200}
{"event":"http_end","requestId":"2783e67b-aed4-4eae-94d4-b5c79ea740fc","route":"/api/v1/me/saved","status":200}
{"event":"http_end","requestId":"831c0e17-5f6f-443e-b937-8bbe94d49db1","route":"/api/v1/me/saved/:occurrenceId","status":200}
{"event":"http_end","requestId":"eccc382c-f0ea-4b24-a404-c4a12ad6707c","route":"/api/v1/me/saved","status":200}
{"event":"http_end","requestId":"2f6ff841-aa6f-4448-8672-c5d3a5894229","route":"/api/v1/me/saved/:occurrenceId","status":200}
{"event":"http_end","requestId":"a21f2f30-93c7-4b26-9f58-fc3c24ef0ff4","route":"/api/v1/me/saved/:occurrenceId","status":200}
{"event":"http_end","requestId":"b3300f18-df1e-4ad7-9b30-6c39e6036c99","route":"/api/v1/me/saved","status":200}
{"event":"http_end","requestId":"abc68070-8bad-4281-8267-a5b8c68ad65d","route":"/api/v1/me/saved/:occurrenceId","status":404}
{"event":"http_end","requestId":"97373b00-4300-4469-9eb5-b734306252bc","route":"/api/v1/me/saved/:occurrenceId","status":400}
{"event":"http_end","requestId":"1dc16c87-e2ec-4d25-b662-ae3123169d08","route":"/api/v1/me/saved","status":401}
{"event":"http_end","requestId":"03e49753-5ff2-46a7-b1d3-ccd73b2f83ed","route":"/api/v1/me/saved/:occurrenceId","status":403}
{"event":"http_end","requestId":"5e2f1462-d27e-48e2-9090-8c340f88933c","route":"/api/v1/me/saved/:occurrenceId","status":403}
{"event":"http_end","requestId":"1852417e-1977-4ade-a6a1-ab991b6aaaa6","route":"/api/v1/me/saved/:occurrenceId","status":400}
✔ Save: DELETE converges, actor ownership, validation, session and Origin guards (56.1788ms)
{"event":"http_end","requestId":"4ed7d46a-d8cf-4476-82a3-07cb4a79d19d","route":"/api/v1/session/bootstrap","status":200}
{"event":"http_end","requestId":"15a4d233-6cbb-4ee6-8218-a286aa070e5f","route":"/api/v1/session/max","status":200}
{"event":"http_end","requestId":"e0fd659d-a0af-44aa-90b3-0d4a97fb8b83","route":"/api/v1/me/saved/:occurrenceId","status":200}
{"event":"http_end","requestId":"a4f8ae80-abaf-416e-8037-ceb1b8c5382f","route":"/api/v1/me/saved","status":200}
✔ Save: conditional price stays conditional through persistence and API (17.9219ms)
ℹ tests 3
ℹ suites 0
ℹ pass 3
ℹ fail 0
ℹ cancelled 0
ℹ skipped 0
ℹ todo 0
ℹ duration_ms 751.4532
