(node:39896) [FSTDEP023] FastifyDeprecation: disableRequestLogging option is deprecated. Use the logController option with disableRequestLogging or isLogDisabled override instead. The disableRequestLogging top-level option will be removed in `fastify@6`.
(Use `node --trace-warnings ...` to show where the warning was created)
{"event":"http_end","requestId":"52fa711c-718d-4a71-9c0d-4edac7af1b13","route":"/api/v1/session/bootstrap","status":200}
{"event":"http_end","requestId":"87c83385-126a-4417-9155-fc4c8dc4f90f","route":"/api/v1/session/max","status":200}
{"event":"http_end","requestId":"e15db99f-03d5-470e-bb9d-a6aab7007373","route":"/api/v1/me/saved","status":200}
{"event":"http_end","requestId":"6ce09b51-5426-4b68-98b6-4713e0dc4837","route":"/api/v1/me/saved/:occurrenceId","status":200}
{"event":"http_end","requestId":"c27c88be-1979-478a-8b6b-fc189b315bae","route":"/api/v1/me/saved/:occurrenceId","status":200}
{"event":"http_end","requestId":"613c8d4e-0d80-4c69-8641-506612099eda","route":"/api/v1/me/saved/:occurrenceId","status":200}
{"event":"http_end","requestId":"a41568a9-544f-46c3-be24-18a61158bd06","route":"/api/v1/me/saved/:occurrenceId","status":200}
{"event":"http_end","requestId":"b1a17e8d-d138-4d72-bbff-b3997e97e13f","route":"/api/v1/me/saved/:occurrenceId","status":200}
{"event":"http_end","requestId":"6839ed74-271b-4579-bec8-615ca92dc55b","route":"/api/v1/me/saved/:occurrenceId","status":200}
{"event":"http_end","requestId":"712063dc-35a2-4f3d-a923-e4529e6d9aa3","route":"/api/v1/me/saved/:occurrenceId","status":200}
{"event":"http_end","requestId":"c5a78a61-b8db-4303-aa2a-6a2b03b794e9","route":"/api/v1/me/saved/:occurrenceId","status":200}
{"event":"http_end","requestId":"9a63d838-404b-4c5f-8aae-01160d04728a","route":"/api/v1/me/saved/:occurrenceId","status":200}
{"event":"http_end","requestId":"4b786607-12dc-4ac8-949e-5997d9bfe57a","route":"/api/v1/me/saved/:occurrenceId","status":200}
{"event":"http_end","requestId":"066ee4a9-084b-407f-8467-4347734ac6c5","route":"/api/v1/me/saved","status":200}
{"event":"http_end","requestId":"72ceebb5-4d06-444e-9eb2-51bbfc20edd3","route":"/api/v1/me/saved/resolve","status":200}
{"event":"http_end","requestId":"358dc9c5-1490-4872-85c5-3d8cf43a5fd5","route":"/api/v1/session/bootstrap","status":200}
{"event":"http_end","requestId":"01eef50b-a117-4a38-a8be-069e1591430e","route":"/api/v1/session/max","status":200}
{"event":"http_end","requestId":"3fbadee6-67d3-4b4a-beed-15b97afe5631","route":"/api/v1/me/saved","status":200}
✔ Save: idempotent PUT, concurrent duplicates, deterministic list and canonical UNKNOWN facts (160.7949ms)
{"event":"http_end","requestId":"3db23311-4a4d-4517-8d14-813ac36e6652","route":"/api/v1/session/bootstrap","status":200}
{"event":"http_end","requestId":"7fec0956-4e24-419d-9df8-3eaae3ff5151","route":"/api/v1/session/max","status":200}
{"event":"http_end","requestId":"fff896de-e3dc-485a-b6a1-768f1591caf5","route":"/api/v1/session/bootstrap","status":200}
{"event":"http_end","requestId":"23a8d199-9e5e-43d7-9142-de94f0e540fc","route":"/api/v1/session/max","status":200}
{"event":"http_end","requestId":"9935085f-85de-4fbd-8e5d-4e3c83a93774","route":"/api/v1/me/saved/:occurrenceId","status":200}
{"event":"http_end","requestId":"40eb3bed-5d22-436b-981d-a993ba3ec3c3","route":"/api/v1/me/saved","status":200}
{"event":"http_end","requestId":"ed60059d-a798-4767-8b3a-ca86f3aa1ef8","route":"/api/v1/me/saved/:occurrenceId","status":200}
{"event":"http_end","requestId":"da6c071e-318f-46f9-869e-b137af8a2766","route":"/api/v1/me/saved","status":200}
{"event":"http_end","requestId":"26a9fe34-833a-4b75-b2a9-710815dca3fd","route":"/api/v1/me/saved/:occurrenceId","status":200}
{"event":"http_end","requestId":"f261ad0e-c688-4b85-9a15-2f216f09e4a0","route":"/api/v1/me/saved/:occurrenceId","status":200}
{"event":"http_end","requestId":"b2211c11-5ad0-4b3f-a393-0beaf145030b","route":"/api/v1/me/saved","status":200}
{"event":"http_end","requestId":"3ae9d539-a421-4711-aa42-9414186b0bc1","route":"/api/v1/me/saved/:occurrenceId","status":404}
{"event":"http_end","requestId":"ff1eb3dd-81f1-4fbe-8891-71242905ffa3","route":"/api/v1/me/saved/:occurrenceId","status":400}
{"event":"http_end","requestId":"348c5d38-4ffb-4edb-a000-33d0cbe9eaef","route":"/api/v1/me/saved","status":401}
{"event":"http_end","requestId":"e80cd438-0c83-4891-91de-7d7669bb2945","route":"/api/v1/me/saved/:occurrenceId","status":403}
{"event":"http_end","requestId":"59fe8ccc-0576-4013-b29a-853810fcfd6a","route":"/api/v1/me/saved/:occurrenceId","status":403}
{"event":"http_end","requestId":"6da74e76-f03f-444c-86fb-7dac81524515","route":"/api/v1/me/saved/:occurrenceId","status":400}
✔ Save: DELETE converges, actor ownership, validation, session and Origin guards (56.1877ms)
{"event":"http_end","requestId":"c344d025-c38b-4de1-819c-8534d7ac2639","route":"/api/v1/session/bootstrap","status":200}
{"event":"http_end","requestId":"6cff7f67-4a90-423b-ba62-9633dc2b8dc2","route":"/api/v1/session/max","status":200}
{"event":"http_end","requestId":"615c9142-7c10-4ab0-b79a-8969b184e14a","route":"/api/v1/me/saved/:occurrenceId","status":200}
{"event":"http_end","requestId":"cd57c0a2-5024-4685-8185-084ec1f73290","route":"/api/v1/me/saved","status":200}
✔ Save: conditional price stays conditional through persistence and API (18.4185ms)
ℹ tests 3
ℹ suites 0
ℹ pass 3
ℹ fail 0
ℹ cancelled 0
ℹ skipped 0
ℹ todo 0
ℹ duration_ms 728.0351
