(node:11816) [FSTDEP023] FastifyDeprecation: disableRequestLogging option is deprecated. Use the logController option with disableRequestLogging or isLogDisabled override instead. The disableRequestLogging top-level option will be removed in `fastify@6`.
(Use `node --trace-warnings ...` to show where the warning was created)
{"event":"http_end","requestId":"e1e750a8-d3d1-4f49-b922-1353c6e12893","route":"/api/v1/session/bootstrap","status":200}
{"event":"http_end","requestId":"779725b5-6b4f-40d9-b65c-362f1449758c","route":"/api/v1/session/max","status":200}
{"event":"http_end","requestId":"d48dd6d9-0baf-4d8d-81c0-e7d11a85c102","route":"/","status":200}
{"event":"http_end","requestId":"d682869c-72b2-4d6d-a2a2-4fa3721293a1","route":"/assets/:name","status":200}
{"event":"http_end","requestId":"ac7ad2d2-0083-4351-ba2b-e2b8ca6adaae","route":"/assets/:name","status":200}
{"event":"http_end","requestId":"7ef9abf3-8093-4109-9587-537081ed5083","route":"/api/v1/session","status":200}
{"event":"http_end","requestId":"75c459ef-c99a-4854-85ee-fee7458dfdba","status":404}
{"event":"http_end","requestId":"ea024ad4-e6f8-437e-84d0-13ee98f580c6","status":404}
{"event":"http_end","requestId":"25260d79-4b88-45a0-9580-a7b253c19e0d","status":404}
{"event":"http_end","requestId":"272fbf2a-d8b4-4a57-9813-5530967489d3","route":"/api/ui/v1/session","status":200}
{"event":"http_end","requestId":"196329b8-cea6-4d01-9b2b-720d5801f2a1","route":"/api/ui/v1/view","status":200}
{"event":"http_end","requestId":"29aa4345-f4e3-4889-8032-1e3a75ce487d","status":404}
{"event":"http_end","requestId":"7500baa3-c8c4-4434-9dba-b46902e022bd","status":404}
{"event":"http_end","requestId":"63eb5ba0-0307-46a4-9468-44af00134229","status":404}
{"event":"http_end","requestId":"a1d63606-8ab1-415b-a3c5-5b4f9ac3bc58","route":"/api/ui/v1/view","status":200}
{"event":"http_end","requestId":"42456002-8a8a-4665-bb11-bc3543c05803","route":"/api/v1/me/saved/resolve","status":200}
{"event":"http_end","requestId":"bdd86059-63cc-4746-a74e-96c91bbe9959","route":"/api/v1/me/saved/:occurrenceId","status":200}
{"event":"http_end","requestId":"a61b35c1-ba4f-4281-9dc0-276d55a9cf4a","route":"/api/v1/me/saved","status":200}
{"event":"http_end","requestId":"50543a6c-37f3-4f53-9c79-cfdb7b24dd2f","route":"/api/v1/me/saved/:occurrenceId","status":200}
{"event":"http_end","requestId":"f111ec85-d6ad-4702-a716-bf19226e0059","route":"/api/v1/me/saved/:occurrenceId","status":200}
{"event":"http_end","requestId":"a58481cd-a419-42b1-932f-82e32eea0022","route":"/","status":200}
{"event":"http_end","requestId":"3d211b83-11bd-4b04-938c-b92c86eb6509","route":"/assets/:name","status":200}
{"event":"http_end","requestId":"f9d7e63a-f393-4dae-bb8e-78197da4f428","route":"/assets/:name","status":200}
{"event":"http_end","requestId":"f491d30c-7b01-4924-87ea-e64c23305732","status":404}
{"event":"http_end","requestId":"1943a30e-0b7e-426c-8c2c-864f719658c6","status":404}
{"event":"http_end","requestId":"404e72ce-2700-4822-8593-5d46c5fc39d5","route":"/api/v1/session","status":200}
{"event":"http_end","requestId":"63436f44-78e7-4df4-bf0a-997daa061781","route":"/api/ui/v1/session","status":200}
{"event":"http_end","requestId":"76f2f099-f560-45bc-b082-f5c4adcb8523","route":"/api/ui/v1/view","status":200}
{"event":"http_end","requestId":"43a58263-d171-4598-b584-0581c93d5f46","status":404}
{"event":"http_end","requestId":"60b985fc-e853-4553-a5d9-b508e5aaadf6","route":"/api/v1/me/saved/resolve","status":200}
{"event":"http_end","requestId":"f54be95c-b03a-4a01-a640-0dec63b22bd1","route":"/api/v1/me/saved","status":200}
PASS runtime authenticated Event Detail Save → canonical Saved → unsave/resave → reload → rejected mutation stays saved
