
> the-boys-afisha-integration@0.2.0-candidate test:unit
> node --experimental-strip-types --test tests/unit/*.test.ts

✔ UNKNOWN never becomes EXPIRED or READY after TTL (0.7535ms)
✔ worker killed after possible submission becomes UNKNOWN (0.0861ms)
✔ known not submitted may recover READY (0.0466ms)
✔ known not submitted after deadline EXPIRED (0.041ms)
✔ Redis loss does not revoke SUCCEEDED (0.0522ms)
✔ unsafe POST 503 is UNKNOWN (0.0683ms)
✔ logical false is not success (0.0433ms)
✔ accepted result means API acceptance only (0.0435ms)
✔ trusted 429 allows bounded retry (0.7303ms)
✔ personal scope does not need artificial group (0.2268ms)
✔ scope actor cannot be forged (0.3719ms)
✔ plan search non-participating organizer retained (0.3011ms)
(node:26980) [FSTDEP023] FastifyDeprecation: disableRequestLogging option is deprecated. Use the logController option with disableRequestLogging or isLogDisabled override instead. The disableRequestLogging top-level option will be removed in `fastify@6`.
(Use `node --trace-warnings ...` to show where the warning was created)
✔ ioredis named export is constructable in native Node ESM without opening a connection (0.8582ms)
✔ Drizzle PostgreSQL query types preserve parameterized SQL after declaration correction (3.6404ms)
{"event":"http_end","requestId":"f8ccd3d8-77b5-41f9-92d4-1779ff270743","route":"/synthetic-error-0","status":403}
{"event":"http_end","requestId":"71e62e4e-6f54-4bbd-9536-2a7bec63a845","route":"/synthetic-error-1","status":413}
{"event":"http_end","requestId":"5c817616-1c96-4197-9f18-a2126b705ba9","route":"/synthetic-error-2","status":415}
{"event":"http_end","requestId":"65f9130c-18df-4482-b216-c68611f7a6e5","route":"/synthetic-error-3","status":503}
{"event":"http_end","requestId":"ef9de4bf-2408-454c-94f5-78160fe08cb0","route":"/synthetic-error-4","status":503}
{"event":"http_end","requestId":"53db319f-183d-48d6-b70d-2bd900a4cf21","route":"/synthetic-error-5","status":503}
{"event":"http_end","requestId":"024fce04-eab1-4a2d-886e-66eeae1ceec8","route":"/api/v1/plans","status":400}
✔ Fastify unknown error boundary preserves validation/domain/status behavior without leaking messages (118.2011ms)
✔ Detail design variants are deterministic and explicitly synthetic (1.231ms)
✔ unknown price stays unknown in the deterministic price variant (0.1089ms)
✔ missing venue stays explicit and is omitted from the hero (0.0944ms)
✔ unavailable source has no fabricated URL and disables the primary action (0.9931ms)
✔ runtime adapter preserves supplied start only and does not invent detail facts (0.3759ms)
✔ runtime source action is exposed only for an allowlisted safe URL (0.1184ms)
✔ Empty reset action clears user filters while preserving Moscow and timezone context (1.2138ms)
✔ loading, empty and error system states are explicit and deterministic (1.4089ms)
✔ retry and reset actions leave a deterministic preview destination (0.1382ms)
✔ offline state contains only explicitly supplied cached content (0.1575ms)
✔ deterministic Home fixture remains explicitly synthetic (1.7546ms)
✔ catalog adapter preserves server display evidence without changing domain models (0.2215ms)
✔ catalog adapter does not invent an event when the server returns no events (0.1219ms)
✔ server catalog adapters do not assign design artwork or design map behavior (0.2456ms)
✔ HTTP amount discriminator rejects impossible amount field combinations (3.6921ms)
✔ HTTP canonical price preserves EXACT evidence and unknown totals (7.5919ms)
✔ HTTP canonical price preserves FROM evidence and unknown totals (0.735ms)
✔ HTTP canonical price preserves RANGE evidence and unknown totals (0.9356ms)
✔ HTTP canonical price preserves FREE evidence and unknown totals (2.7714ms)
✔ HTTP canonical price preserves TEXT evidence and unknown totals (0.5936ms)
✔ HTTP canonical price preserves UNKNOWN evidence and unknown totals (0.4842ms)
✔ PC001 ended (4.8111ms)
✔ PC001 end equality (0.9653ms)
✔ PC001 upcoming (0.9692ms)
✔ PC001 already started, end missing (0.745ms)
✔ PC001 ongoing (1.831ms)
✔ PC001 cancelled future event cannot pass (0.901ms)
✔ PC002 cancellation after commitment deadline gets future informational TTL (17.4356ms)
✔ PC002 cancellation cannot be delivered at/after event start (0.6978ms)
✔ PC002 stale selection, terminal and legacy notice guards (0.8144ms)
✔ PC003 500+30 remains 530 across JSON, domain validation and UI projection (1.8174ms)
✔ PC003 unknown required fees are not turned into zero or a complete price (0.2643ms)
✔ PC003 forged total rejected; included quote not double charged (0.6058ms)
✔ PC004 19 venue -> 21 null name/city projection and blocked external maps (1.0182ms)
✔ SOLO context-only count and no-cinema filters do not create group authority (0.389ms)
✔ free text under admission hold is rejected, not silently dropped (0.5847ms)
✔ budget with unknown basis is clarification, not pass (0.2211ms)
✔ source snapshot contains no personal query/history; changing time preserves source and appends (1.5973ms)
✔ organizer without participation has authority, no automatic active slot (0.1602ms)
✔ wall time conversion rejects fold, gap and invalid day; valid date exact (8.0509ms)
✔ deep links are locators only and do not contain tokens or actor data (1.3205ms)
✔ durable approval contract survives new service object; foreign/expired/mutated rejected (17.4994ms)
✔ AI20 candidate remains an explicit-confirmation draft; no tool side effect (1.0005ms)
✔ AI strict JSON rejects {"x":1,"x":2} (0.3877ms)
✔ AI strict JSON rejects {"x":1,"\u0078":2} (0.1141ms)
✔ AI strict JSON rejects {"__proto__":{}} (0.0467ms)
✔ price migration preserves legacy input and stales consent without rewriting immutable SQL rows (1.4824ms)
(node:15400) [FSTDEP023] FastifyDeprecation: disableRequestLogging option is deprecated. Use the logController option with disableRequestLogging or isLogDisabled override instead. The disableRequestLogging top-level option will be removed in `fastify@6`.
(Use `node --trace-warnings ...` to show where the warning was created)
✔ desired commands and subscription have only the entry flow (0.9382ms)
✔ command "/start" (0.0989ms)
✔ command " /HELP " (0.0413ms)
✔ command "/app" (0.0354ms)
✔ command "/start locator" (0.1262ms)
✔ command "/startle" (0.082ms)
✔ command "Привет" (0.0781ms)
✔ command "" (0.0363ms)
✔ welcome uses native open_app with bot identity and safe catalog payload (0.2968ms)
✔ help has recovery, configured URL, published policy/about links (0.1667ms)
✔ missing Mini App URL suppresses launch and never invents an address (0.1452ms)
✔ optional policy links are absent until published (0.1217ms)
✔ URLs are optional but production HTTPS is mandatory (0.7911ms)
✔ canonical secret config is separate; legacy test config remains compatible (0.6876ms)
✔ runtime config validates every configured product URL (0.4569ms)
✔ bot_started accepts current first_name and legacy name without inferring app rights (1.2281ms)
✔ lossless bot_started IDs and message_created commands retain exact recipient (0.2079ms)
✔ event identity deduplicates message_created across webhook timestamps (0.1821ms)
✔ groups, channels and bot echoes do not become personal destinations (0.1348ms)
✔ malformed supported payloads fail closed; callbacks are unsupported (0.1626ms)
{"event":"http_end","requestId":"ece2dc6f-c67c-4970-955a-dcb9a7178bc8","route":"/api/v1/max/webhook","status":403}
{"event":"http_end","requestId":"9f5b8b50-23cf-4e67-aea9-915abb047331","route":"/api/v1/max/webhook","status":403}
✔ invalid or missing webhook secret returns 403 without a database connection (112.6924ms)
✔ Mini App URL permits 1024 and rejects 1025 without narrowing unrelated URLs (0.3998ms)
✔ MAX trust configuration keeps global Node trust unchanged (4.1275ms)
✔ T106.1 packaged MAX root is the independently sourced pinned public CA (2.9757ms)
✔ MAX 429 with ordinary error.message maps to safe retry and Retry-After (6.4653ms)
✔ transport preserves keyboard body and sends only to pinned MAX API2 (8.204ms)
✔ HTTP outcome classification keeps ambiguous sends out of retry (1.1264ms)
✔ network failure after possible submission is UNKNOWN and is not retried (0.7719ms)
✔ HTTP 400 string message is a definitive response with scoped TLS (0.695ms)
✔ HTTP 401 string message is a definitive response with scoped TLS (0.7069ms)
✔ HTTP 403 string message is a definitive response with scoped TLS (0.6281ms)
✔ HTTP 404 string message is a definitive response with scoped TLS (0.5225ms)
✔ HTTP 429 string message is a definitive response with scoped TLS (0.5615ms)
✔ definitive 401 does not depend on optional error body completion (0.906ms)
✔ definitive 429 does not depend on optional error body completion (0.7068ms)
✔ capability matrix web (1.1377ms)
✔ capability matrix android (0.2092ms)
✔ capability matrix ios (0.1783ms)
✔ capability matrix desktop (0.1066ms)
✔ absent Bridge and CDN object without launch expose no native capabilities (0.1364ms)
✔ launch context version gate android 26.19.1 (0.1185ms)
✔ launch context version gate android 26.19.2 (0.0601ms)
✔ launch context version gate ios 26.19.99 (0.085ms)
✔ launch context version gate ios 26.20.0 (0.0942ms)
✔ launch context version gate ios unknown (0.1575ms)
✔ launch context version gate web 99.99.99 (0.1327ms)
✔ URL WebAppData is forwarded byte-exactly, without a fabricated Bridge (0.3373ms)
✔ reject ambiguous or malformed launch #WebAppData=x&WebAppData=x (0.4131ms)
✔ reject ambiguous or malformed launch #WebAppData=x&%57ebAppData=y (0.0727ms)
✔ reject ambiguous or malformed launch #WebAppData=x&WebAppPlatform=web&WebAppPlatform=ios (0.0355ms)
✔ reject ambiguous or malformed launch #WebAppData=%ff (0.0578ms)
✔ reject ambiguous or malformed launch #WebAppData=% (0.1507ms)
✔ reject ambiguous or malformed launch #WebAppData= (0.0686ms)
✔ conflicting Bridge and fragment rejected before exchange (0.0711ms)
✔ unsafe user never read even when its getter throws (0.0489ms)
✔ only allowed context fields are read, never user identity (0.2852ms)
✔ 512 ASCII characters accepted; 513 or disallowed characters rejected (0.0766ms)
✔ event deep link round-trip retains an occurrence locator, never an offer or permission (0.905ms)
✔ campaign/referral are context only and route to personal home (0.2ms)
✔ invalid or oversized event encoding fails closed to personal home (0.1903ms)
✔ launch context rejection and timeout are graceful (7.6862ms)
✔ viewport dimensions are bounded and failures leave CSS fallback (0.7187ms)
✔ native links are dispatched in the click turn and routed by exact MAX origin (0.4454ms)
✔ native rejection and missing APIs report explicit outcomes (0.5252ms)
✔ BackButton subscription and cleanup use the same callback (0.3207ms)
✔ resolved native error responses are never reported as invoked (0.2487ms)
✔ fresh MAX launch is verified before an existing cookie can select identity (23.8521ms)
✔ new launch rejection never falls back to the previous identity (1.5887ms)
✔ external browser can resume only an existing server session (1.5364ms)
✔ unsafe identity alone cannot issue a session (1.1575ms)
✔ transport retry reuses exact exchange body and bootstrap (2.0776ms)
✔ partial BackButton does not break browser fallback (0.7332ms)
✔ throwing share Bridge reports failure without throwing into UI (0.4958ms)
✔ blocked cookie storage is explicit and never a successful login (0.7723ms)
✔ external browser service outage does not trigger new session issuance (0.4575ms)
✔ a tab cannot replace its CSRF binding after another MAX account changes the cookie (0.5016ms)
✔ R5-002 organizer without participation retains management, not a fictional vote (23.6892ms)
✔ R3 consent on changed terms is a new APPLIED domain revision, not raw NO_CHANGE (1.4212ms)
✔ cosmetic snapshot preserves terms revision and original receipt snapshot (0.8124ms)
✔ time change cannot claim cosmetic (0.8344ms)
✔ outsider IDOR is neutral; cannot replay current access (0.5ms)
✔ stale state command fails before mutation (0.4423ms)
✔ stale selection command fails (0.6651ms)
✔ stale terms response fails (0.5371ms)
✔ deadline equality rejects positive response (0.5795ms)
✔ deadline equality rejects CONFIRMED (0.6286ms)
✔ DECLINED after deadline remains possible until terminal (0.4452ms)
✔ UNBOUND allowed at start and counts MISSING (0.539ms)
✔ BLOCKED cannot be selected even with provisional override (0.4763ms)
✔ provisional selection requires explicit warning acknowledgement and reason (0.4594ms)
✔ organizer cannot create others as participants (0.1182ms)
✔ duplicate actor cannot occupy two slots (0.1043ms)
✔ MIN is not silently reduced (0.0879ms)
✔ roster after selection returns collecting, archives commitments, retains same terms responses (0.4537ms)
✔ participant sees own responses, not another actor matrix (0.5066ms)
✔ removed actor loses read immediately (0.4022ms)
✔ unknown required fee prevents final confirmation and retains warnings (0.9781ms)
✔ terminal forbids writes (0.362ms)
✔ unknown time zone rejected (0.1672ms)
✔ invalid calendar date rejected (0.1821ms)
✔ UTC instant survives exact comparison without milliseconds (0.3401ms)
✔ strict commitment value null (0.4846ms)
✔ strict commitment value [] (0.406ms)
✔ strict commitment value {} (0.354ms)
✔ strict commitment value "confirmed" (1.4051ms)
✔ strict commitment value 1 (0.9813ms)
✔ My Plans render includes nearest, other plans, status controls and active BottomNav (630.0351ms)
✔ Plan Detail render includes event summary, personal plan, participants and lightweight discussion (3.4531ms)
✔ participant status states render for host, going and thinking fixtures (3.0034ms)
✔ solo plan fixture renders without a group prerequisite (5.255ms)
✔ multi-participant fixture and empty discussion state remain deterministic (2.7806ms)
16:09:09 [vite] (client) Re-optimizing dependencies because vite config has changed
✔ Profile design render exposes the approved personalization surface (659.0322ms)
✔ Profile fixture is deterministic and explicitly non-persistent (0.6139ms)
✔ Preference chips only change during the local edit state (0.152ms)
✔ Notifications control is local UI state only (0.0781ms)
✔ Profile fixtures show VK and OK as unconnected placeholders (4.7573ms)
✔ Server Profile renders connected services only from supplied connected records (9.4288ms)
WebSocket server error: Port 24678 is already in use
16:09:09 [vite] (client) Re-optimizing dependencies because vite config has changed
✔ runtime Detail exposes Save and reports rejected mutation without false success (691.8939ms)
✔ runtime Saved model uses only server occurrences and preserves unknown facts (1.1412ms)
✔ Saved render model remains explicit, deterministic and close to the approved screen (1.1335ms)
✔ Saved segmented selection switches the visible deterministic collection (0.2463ms)
✔ Saved state removes and re-saves an event without changing its event model (1.4217ms)
✔ Saved screen renders the populated and empty saved states (761.7414ms)
✔ Search render model remains explicit, deterministic and map-design-only (1.1894ms)
✔ filter state selects and deselects a shared category option (0.2624ms)
✔ removing a selected filter updates applied and draft state (0.1855ms)
✔ reset clears all structured filters while preserving the query and sort context (0.3228ms)
✔ apply commits the Filter Sheet draft and closes it (0.1957ms)
✔ sort switching updates the visible Search sort immediately (1.4161ms)
✔ Filter Sheet open and close restores the last applied filters (0.1324ms)
✔ signed >2^53 ID survives as decimal string (4.1143ms)
✔ bad HMAC fails (0.8627ms)
✔ wrong token fails (0.4578ms)
✔ freshness at 1h equality fails (0.3476ms)
✔ future >300 seconds fails (0.2751ms)
✔ nullable chat allowed; no membership inferred (0.4064ms)
✔ duplicate form key rejected (0.2524ms)
✔ escaped duplicate form key rejected (0.1821ms)
✔ malformed form UTF-8 rejected (0.1315ms)
✔ HMAC computed over original nested JSON not reserialized (0.4398ms)
✔ int64 exact 9007199254740993 (0.1801ms)
✔ int64 exact 9223372036854775807 (0.0816ms)
✔ int64 exact -9223372036854775808 (0.0509ms)
✔ reject invalid int64 9223372036854775808 (0.0971ms)
✔ reject invalid int64 -9223372036854775809 (0.0437ms)
✔ reject invalid int64 1e3 (0.0578ms)
✔ reject invalid int64 1.0 (0.0418ms)
✔ reject invalid int64 "1" (0.0353ms)
✔ reject invalid int64 null (0.0326ms)
✔ reject invalid int64 [] (0.0492ms)
✔ reject invalid int64 {} (0.0543ms)
✔ strict duplicate/prototype preflight {"a":1,"a":1} (0.1098ms)
✔ strict duplicate/prototype preflight {"a":1,"\u0061":2} (0.0671ms)
✔ strict duplicate/prototype preflight {"x":{"a":0,"a":1}} (0.0481ms)
✔ strict duplicate/prototype preflight {"__proto__":1} (0.0381ms)
✔ strict duplicate/prototype preflight {"constructor":1} (0.0404ms)
✔ valid nested values not misidentified as duplicate keys (0.6291ms)
✔ depth bounded before native parse (0.0954ms)
✔ unsafe app JSON integer rejected instead of coerced (0.0803ms)
✔ fatal UTF8 does not replace invalid bytes (0.1011ms)
✔ signed wrong first_name type rejected [] (1.3245ms)
✔ signed wrong first_name type rejected {} (0.2237ms)
✔ signed wrong first_name type rejected null (0.1213ms)
✔ signed wrong first_name type rejected true (0.103ms)
✔ signed wrong first_name type rejected 1 (0.102ms)
✔ AES-GCM escrow roundtrip; tamper fails (0.5606ms)
✔ empty optional MAX profile fields are valid strings (0.1498ms)
✔ valid HMAC-sized tampering rejected with AUTH_INVALID (0.1781ms)
✔ freshness boundaries: 3599 seconds and 300 second future skew accepted (0.1853ms)
✔ security rejects duplicate critical field &hash=000000 (0.0888ms)
✔ security rejects duplicate critical field &%68ash=0000 (0.0531ms)
✔ security rejects duplicate critical field &auth_date=1 (0.0463ms)
✔ security rejects duplicate critical field &%61uth_date (0.0442ms)
✔ security rejects malformed encoding user=%&hash=x (0.0494ms)
✔ security rejects malformed encoding user=%G0&hash=x (0.0701ms)
✔ security rejects malformed encoding user=%C0%AF&hash=x (0.0387ms)
✔ security rejects malformed encoding user=%ED%A0%80&hash=x (0.0308ms)
✔ signed int64 max ID and non-ASCII profile remain exact (0.3002ms)
✔ signed start_param context never changes the validated actor (0.3308ms)
✔ Event is conceptual; two sessions yield two distinct occurrence proposals (13.0632ms)
✔ anonymous aliases ignore array order, title, price and end; duplicate session does not multiply (0.9442ms)
✔ conflicting duplicate aliases quarantine that identity and preserve siblings (0.8391ms)
✔ T104 free admission with mandatory 700 RUB deposit is conditional and never free (0.3302ms)
✔ explicit proven free, claimed free with unknown fees, numeric zero and missing price remain distinct (0.3999ms)
✔ FROM and RANGE preserve bounds without inventing affordable ceiling (0.1038ms)
✔ unknown fees and event-level scope cannot prove occurrence budget (0.0742ms)
✔ null end, null place and venue without coordinates remain honest (0.4918ms)
✔ invalid end is quarantined as a field, valid start survives (0.431ms)
✔ invalid start, timezone, impossible date and source URL isolate records (1.5847ms)
✔ a malformed record is isolated and no page silently truncates 399 sessions (52.3228ms)
✔ duplicate provider rows dedupe; conflicting rows quarantine both (3.5749ms)
✔ T104 KudaGo null end, null place, 399 dates and actual_since do not create a cursor or fake facts (73.9099ms)
✔ KudaGo conflicting expanded start quarantines only that date; page size is bounded (1.9371ms)
✔ presentation exposes unknown/conditional/source-unavailable without fabricated end or venue (1.8316ms)
✔ malformed nested provider fields are bounded and isolated from valid siblings (0.7734ms)
✔ money overflow and contradictory no-fee evidence cannot enter canonical price (0.1729ms)
✔ malformed coordinate child cannot erase a valid session sibling (0.6696ms)
✔ ambiguous online place and contradictory venue format stay uncertain (4.5952ms)
✔ RUB presentation preserves kopecks rather than truncating a known price (0.6282ms)
✔ live source without explicit policy admission is rejected with a structured reason (0.1661ms)
✔ Only explicit allowlisted routes activate design fixtures (0.6148ms)
✔ Shared navigation preserves Profile for Saved and the originating section for Detail (0.1186ms)
✔ Selected preview events retain identity without inheriting invented Detail facts (0.1882ms)
✔ Selected solo plan stays solo and has no borrowed discussion (0.4852ms)
ℹ tests 266
ℹ suites 0
ℹ pass 266
ℹ fail 0
ℹ cancelled 0
ℹ skipped 0
ℹ todo 0
ℹ duration_ms 1330.3085
