 Container p0-integration-final-postgres-1 Running
 Container p0-integration-final-redis-1 Running
 Container p0-integration-final-init-1 Starting
 Container p0-integration-final-init-1 Started
 Container p0-integration-final-postgres-1 Waiting
 Container p0-integration-final-init-1 Waiting
 Container p0-integration-final-init-1 Exited
 Container p0-integration-final-postgres-1 Healthy
 Container p0-integration-final-migrate-1 Starting
 Container p0-integration-final-migrate-1 Started
 Container p0-integration-final-redis-1 Waiting
 Container p0-integration-final-migrate-1 Waiting
 Container p0-integration-final-redis-1 Healthy
 Container p0-integration-final-migrate-1 Exited
 Container p0-integration-final-prepare-1 Starting
 Container p0-integration-final-prepare-1 Started
 Container p0-integration-final-prepare-1 Waiting
 Container p0-integration-final-prepare-1 Exited
 Container p0-integration-final-checks-run-f34f08b76809 Creating
 Container p0-integration-final-checks-run-f34f08b76809 Created
(node:13) [FSTDEP023] FastifyDeprecation: disableRequestLogging option is deprecated. Use the logController option with disableRequestLogging or isLogDisabled override instead. The disableRequestLogging top-level option will be removed in `fastify@6`.
(Use `node --trace-warnings ...` to show where the warning was created)
{"event":"http_end","requestId":"5b648cdf-ccc7-494e-80d5-ff92fe2116c3","route":"/api/v1/max/webhook","status":200}
✔ real durable ACK for bot_started; BullMQ delivers current Russian copy and native button (77.994902ms)
{"event":"http_end","requestId":"33662e68-b3c9-4229-87c3-d7f1a52ad789","route":"/api/v1/max/webhook","status":200}
{"event":"http_end","requestId":"dd51b91c-3b89-4d0c-9e7f-56361bd84378","route":"/api/v1/max/webhook","status":200}
✔ delayed older bot_started cannot replace a newer canonical destination (10.573046ms)
{"event":"http_end","requestId":"bf5520f4-9d0a-4e70-8d77-e4940785ff12","route":"/api/v1/max/webhook","status":200}
{"event":"http_end","requestId":"9bacce4a-b72a-46a0-8251-1b4eab0aa958","route":"/api/v1/max/webhook","status":200}
{"event":"http_end","requestId":"27d61e03-f5b1-425e-9b25-29238b6626b2","route":"/api/v1/max/webhook","status":200}
{"event":"http_end","requestId":"35a4eb42-27e6-44f2-a456-33c83a8bbdbe","route":"/api/v1/max/webhook","status":200}
✔ older then newer source event advances destination and exact duplicate is inert (13.952633ms)
{"event":"http_end","requestId":"2ab93ec6-ac97-4c71-adfa-b71f761df0a6","route":"/api/v1/max/webhook","status":200}
{"event":"http_end","requestId":"83d8d42f-2b86-4d77-b49e-2f19e4271092","route":"/api/v1/max/webhook","status":200}
{"event":"http_end","requestId":"684d04b7-9185-4f80-9b96-1d4a6a5b3c7e","route":"/api/v1/max/webhook","status":200}
{"event":"http_end","requestId":"91b57d8e-f1c7-4f4a-b3b7-b02e92ba0e39","route":"/api/v1/max/webhook","status":200}
{"event":"http_end","requestId":"2d0bc2eb-849c-4ddb-889b-13056f69eaae","route":"/api/v1/max/webhook","status":200}
{"event":"http_end","requestId":"a9421522-fe74-4581-972e-e256a5fb6749","route":"/api/v1/max/webhook","status":200}
{"event":"http_end","requestId":"390fbafa-e095-4d6a-8354-7e61ab189f39","route":"/api/v1/max/webhook","status":200}
{"event":"http_end","requestId":"c1bf3d14-9f2f-41d9-9eaa-fec150f7d90a","route":"/api/v1/max/webhook","status":200}
✔ competing destination updates serialize by source time, not commit order (27.804809ms)
{"event":"http_end","requestId":"fa0188e8-86ec-4d17-9d74-feb466d4eca1","route":"/api/v1/max/webhook","status":200}
{"event":"http_end","requestId":"710f2d99-2933-4d93-bec9-f9552bac4033","route":"/api/v1/max/webhook","status":200}
✔ equal source time with conflicting chats keeps the first committed destination (11.520108ms)
{"event":"http_end","requestId":"6628c2dd-6e0d-41c7-a212-7647947fd827","route":"/api/v1/max/webhook","status":200}
{"event":"http_end","requestId":"98914594-2baa-4825-9a00-1ad0f58bb9d4","route":"/api/v1/max/webhook","status":200}
✔ legacy destination holds ambiguous delayed evidence until a post-verification event (11.178696ms)
{"event":"http_end","requestId":"f04988e3-29ef-48a3-89d3-25bdc449fd3c","route":"/api/v1/max/webhook","status":200}
{"event":"http_end","requestId":"986a5aaa-e59e-46b7-9170-5e08df467c89","route":"/api/v1/max/webhook","status":200}
{"event":"http_end","requestId":"6fade055-e818-40bc-9bd6-632b93a1a731","route":"/api/v1/max/webhook","status":200}
{"event":"http_end","requestId":"51b008db-9401-4f8e-9988-a942cf6634fe","route":"/api/v1/max/webhook","status":200}
✔ message_created routes start/help/app into durable bot replies (2827.111722ms)
{"event":"http_end","requestId":"163e84ec-5b2f-486c-9ca2-b22abaa38933","route":"/api/v1/max/webhook","status":200}
{"event":"http_end","requestId":"45ca811d-b442-4945-82e1-72bf2193d5cf","route":"/api/v1/max/webhook","status":200}
{"event":"http_end","requestId":"a4d5fb7e-97c1-4b16-b9d4-88aaa94e8063","route":"/api/v1/max/webhook","status":200}
{"event":"http_end","requestId":"af206d63-0f2d-4738-b681-f57065141d14","route":"/api/v1/max/webhook","status":200}
{"event":"http_end","requestId":"09346cdb-cabf-4003-a8ec-5b63a775a17c","route":"/api/v1/max/webhook","status":200}
{"event":"http_end","requestId":"607ff586-c50d-47ba-96cd-1c66484a06e9","route":"/api/v1/max/webhook","status":200}
{"event":"http_end","requestId":"57109742-04fa-4bfd-b427-1afdbd4b7e3b","route":"/api/v1/max/webhook","status":200}
{"event":"http_end","requestId":"761d8170-234d-4b77-82a0-4cd2f58f43a9","route":"/api/v1/max/webhook","status":200}
{"event":"http_end","requestId":"3363ff74-94a6-462d-b387-d060a6f39f1d","route":"/api/v1/max/webhook","status":200}
✔ concurrent duplicate webhook and conflicting same-mid body create only one effect (47.933291ms)
{"event":"http_end","requestId":"4a193c75-8663-4b71-9031-a76c9895aaf6","route":"/api/v1/max/webhook","status":403}
{"event":"http_end","requestId":"9d6182ef-e4af-4fbb-bd02-f7fccf7d19ea","route":"/api/v1/max/webhook","status":200}
{"event":"http_end","requestId":"730d219d-3ab9-413b-b84c-293df1f769ee","route":"/api/v1/max/webhook","status":413}
{"event":"http_end","requestId":"82fd89ef-4520-48f4-a578-041a020ca147","route":"/api/v1/max/webhook","status":200}
✔ secret failure, malformed body, oversized body and unsupported callback stay isolated (6.884028ms)
{"event":"http_end","requestId":"699311e2-d6bf-4e39-98d9-ed5cb2652118","route":"/api/v1/max/webhook","status":200}
{"event":"http_end","requestId":"2b3849f4-7241-405c-a389-3c431ca9395d","route":"/api/v1/max/webhook","status":200}
{"event":"http_end","requestId":"ac15f30f-0e47-4070-9817-5e6faaa12dd6","route":"/api/v1/max/webhook","status":200}
✔ group/channel commands and bot echoes are acknowledged without a destination or reply (8.052673ms)
{"event":"http_end","requestId":"7dc5859a-1386-4352-b172-ab5670992ed0","route":"/api/v1/max/webhook","status":200}
✔ ambiguous external submission remains UNKNOWN and is not retried by reconciliation (41.339591ms)
{"event":"http_end","requestId":"9419441a-0913-4b51-a452-1de8b3aa5961","route":"/api/v1/max/webhook","status":200}
✔ 429 string message persists RETRY_WAIT and governor cooldown without immediate resend (39.808392ms)
(node:25) [FSTDEP023] FastifyDeprecation: disableRequestLogging option is deprecated. Use the logController option with disableRequestLogging or isLogDisabled override instead. The disableRequestLogging top-level option will be removed in `fastify@6`.
(Use `node --trace-warnings ...` to show where the warning was created)
{"event":"http_end","requestId":"7fb3c7f1-04d8-4c39-bb1e-a78c41c5b877","route":"/api/v1/session/bootstrap","status":200}
{"event":"http_end","requestId":"2d4020c1-b289-470e-83f9-41e2218b0284","route":"/api/v1/session/max","status":200}
{"event":"http_end","requestId":"9d278e30-fa3a-4fc9-a891-92bd29d8f6f9","route":"/api/v1/session","status":200}
✔ MAX-AUTH-01 valid launch preserves signed int64 and issues host-only secure HttpOnly cookie (31.673359ms)
{"event":"http_end","requestId":"fe0e9677-b120-4e20-8bbf-ef0231db5f98","route":"/api/v1/session/bootstrap","status":200}
{"event":"http_end","requestId":"527eefe5-409e-489e-91b5-72704269ec60","route":"/api/v1/session/max","status":401}
{"event":"http_end","requestId":"8cbb5661-cdb9-4bdc-b31a-70d345ceb1ed","route":"/api/v1/session/bootstrap","status":200}
{"event":"http_end","requestId":"4fa86d3d-46e4-42f8-8a03-e56dce8c390e","route":"/api/v1/session/max","status":401}
{"event":"http_end","requestId":"99315bf1-c210-4300-b800-46285b4df317","route":"/api/v1/session/bootstrap","status":200}
{"event":"http_end","requestId":"a0ef657c-b668-484b-8656-39ec1e45e7b9","route":"/api/v1/session/max","status":401}
{"event":"http_end","requestId":"6f3729b8-8c3d-49b8-8043-606a3a882be4","route":"/api/v1/session/bootstrap","status":200}
{"event":"http_end","requestId":"449f93ce-c861-4050-985a-81cc378ff286","route":"/api/v1/session/max","status":422}
{"event":"http_end","requestId":"31b33207-8f07-4753-a6dd-0231dc135501","route":"/api/v1/session/bootstrap","status":200}
{"event":"http_end","requestId":"6b41de62-3128-420c-892d-010fda5e61c6","route":"/api/v1/session/max","status":422}
{"event":"http_end","requestId":"9824fb85-5a6a-46d0-8c04-0c9b4426ec5a","route":"/api/v1/session/bootstrap","status":200}
{"event":"http_end","requestId":"37aa9c24-989a-4423-9aec-319b8860aadf","route":"/api/v1/session/max","status":422}
✔ MAX-AUTH-02 tampered hash, stale/future date, duplicates and malformed encoding are rejected (14.633311ms)
{"event":"http_end","requestId":"c70a3dde-f5df-4f53-997d-68755ffb3027","route":"/api/v1/session/bootstrap","status":200}
{"event":"http_end","requestId":"e681f35d-beea-4573-8974-48180a5ec005","route":"/api/v1/session/max","status":403}
{"event":"http_end","requestId":"ebb4f529-e2ac-49ab-baa2-0397c0d59d6f","route":"/api/v1/session/max","status":403}
{"event":"http_end","requestId":"9d417b0b-a55e-44ad-b125-44d6408d7813","route":"/api/v1/session/max","status":401}
{"event":"http_end","requestId":"9ebc7849-0657-43c0-98f1-88763343aee9","route":"/api/v1/session/max","status":401}
{"event":"http_end","requestId":"39a2b3c5-caf3-4fac-bf65-cc56d27c2b76","route":"/api/v1/session/bootstrap","status":403}
{"event":"http_end","requestId":"1cbdfd8c-2f55-4455-a5b1-2f73fcfc685a","route":"/api/v1/session/bootstrap","status":403}
{"event":"http_end","requestId":"96843eb2-672b-408b-ad09-6b811277fd9c","route":"/api/v1/session/bootstrap","status":403}
{"event":"http_end","requestId":"aecc078f-da6d-45a0-ac35-1e4eced3aa44","route":"/api/v1/session","status":401}
{"event":"http_end","requestId":"ae75a985-a5e3-44e1-ab37-7c7fd02584d1","route":"/api/ui/v1/session","status":401}
✔ MAX-AUTH-03 Origin and bootstrap CSRF are required for exchange; foreign bootstrap reads rejected (5.093371ms)
{"event":"http_end","requestId":"60207e6b-7f78-4916-9a37-e9a6aef7cf76","route":"/api/v1/plans","status":401}
{"event":"http_end","requestId":"b674761a-9670-45d4-b5e3-90241d56675e","route":"/api/v1/plans/:planId","status":401}
{"event":"http_end","requestId":"7e0fc83b-6724-4993-98b8-28f4629dbcd8","route":"/api/v1/session/bootstrap","status":200}
{"event":"http_end","requestId":"8ffbabea-4392-443e-898e-0a54477292a7","route":"/api/v1/session/max","status":400}
✔ MAX-AUTH-04 anonymous access and query/unsafe identities cannot authorize (3.789826ms)
{"event":"http_end","requestId":"99649249-5f16-4da4-9e56-b5abf7641fb9","route":"/api/v1/session/bootstrap","status":200}
{"event":"http_end","requestId":"b51cf135-5856-48fc-8f98-ed841c2f711f","route":"/api/v1/session/max","status":200}
{"event":"http_end","requestId":"068ac740-a562-445c-8ec9-4387237418f0","route":"/api/v1/session/bootstrap","status":200}
{"event":"http_end","requestId":"c853dfe7-1419-43cc-80e6-670eb82430af","route":"/api/v1/session/max","status":200}
{"event":"http_end","requestId":"eadc5896-c086-4108-898a-ba6a8f85b746","route":"/api/v1/plans","status":200}
{"event":"http_end","requestId":"8198a58b-d5d5-44e3-8a90-f38ae5b0bdf6","route":"/api/v1/session/bootstrap","status":200}
{"event":"http_end","requestId":"faee0d68-acf8-456d-b4d1-33673ba7eb87","route":"/api/v1/session/max","status":401}
{"event":"http_end","requestId":"d819cb05-8d4f-4976-9645-a252819c8a02","route":"/api/v1/session/bootstrap","status":200}
{"event":"http_end","requestId":"76037e57-e5c7-4f16-a555-03703ea5660d","route":"/api/v1/session/max","status":200}
{"event":"http_end","requestId":"fd804b7b-9f6b-4f6c-961a-ee32bd1f19dd","route":"/api/v1/plans/:planId","status":404}
{"event":"http_end","requestId":"4bd75db5-5dca-4dc3-a523-75c9698a05f9","route":"/api/v1/plans/:planId/invites","status":404}
{"event":"http_end","requestId":"a78921fc-0863-4e59-b538-cb1bb1c9f918","route":"/api/v1/plans/:planId","status":404}
{"event":"http_end","requestId":"205057f1-1c10-4497-8050-b61b2821cacb","route":"/api/v1/plans/:planId/invites","status":404}
✔ MAX-AUTH-05 start_param tampering invalidates HMAC; valid context grants no foreign-object ACL (37.190003ms)
{"event":"http_end","requestId":"2d7a2407-8826-4aab-bd4e-f471cc2f3ec3","route":"/api/v1/session/bootstrap","status":200}
{"event":"http_end","requestId":"811f4d35-c79d-4355-bc0f-e0c584eed92f","route":"/api/v1/session/max","status":200}
{"event":"http_end","requestId":"45df089d-cdb3-437a-812e-f1ea3802ae7e","route":"/api/v1/session/max","status":200}
{"event":"http_end","requestId":"edd86f84-702b-479f-999d-201dd72fb150","route":"/api/v1/session/max","status":401}
{"event":"http_end","requestId":"759a95b4-5b91-4b4e-a87a-e4acaf3f6a2e","route":"/api/v1/session/bootstrap","status":200}
{"event":"http_end","requestId":"62f96df2-c13a-4bc2-afb8-d3f4ea64dd61","route":"/api/v1/session/max","status":200}
{"event":"http_end","requestId":"2b694b3d-5730-406e-bf77-55b94b084428","route":"/api/v1/session/bootstrap","status":200}
{"event":"http_end","requestId":"6a3f05e1-54dd-4fd9-9478-0bb96a9d4837","route":"/api/v1/session/max","status":401}
✔ MAX-AUTH-06 replay same exchange is idempotent; new bootstrap resumes only exact active session (16.477326ms)
{"event":"http_end","requestId":"f5f1559f-659b-4d56-b7f1-3199ed5c160d","route":"/api/v1/session/bootstrap","status":200}
{"event":"http_end","requestId":"8bfb511c-e942-4ccc-8fb0-e9da1eae3a4d","route":"/api/v1/session/max","status":200}
{"event":"http_end","requestId":"531c62ff-795b-4212-9ee3-e29e2f350358","route":"/api/v1/session/bootstrap","status":200}
{"event":"http_end","requestId":"629f5603-0064-4bd0-97de-27528d6e043e","route":"/api/v1/session/max","status":200}
{"event":"http_end","requestId":"64c69e8f-68b4-483f-9f66-6536571d9466","route":"/api/v1/session","status":401}
{"event":"http_end","requestId":"1d00e8bf-2fad-411e-8968-fafb46adbbcb","route":"/api/v1/session/max","status":401}
{"event":"http_end","requestId":"a7169cdb-233f-4d8a-a89c-6a7ef4120587","route":"/api/v1/session/logout","status":403}
✔ MAX-AUTH-07 fresh launch rotates token and CSRF; new MAX account cannot inherit old identity (13.752152ms)
{"event":"http_end","requestId":"3a58b28a-c671-4c2d-81d1-327ea3fcb4f9","route":"/api/v1/session/bootstrap","status":200}
{"event":"http_end","requestId":"a32c9d8a-619d-4391-80a6-3618a3a32ace","route":"/api/v1/session/max","status":200}
{"event":"http_end","requestId":"7948f92f-1b45-4bee-9f3e-c3d101781f68","route":"/api/v1/session/logout","status":403}
{"event":"http_end","requestId":"e07daf0d-5472-4d72-a006-99f8b005e441","route":"/api/v1/session/logout","status":403}
{"event":"http_end","requestId":"b8b4c2f0-71b7-490b-b0ca-b474a381861e","route":"/api/v1/session/logout","status":403}
{"event":"http_end","requestId":"c958e31f-b20a-4f14-a508-916bc8822136","route":"/api/v1/session/logout","status":403}
{"event":"http_end","requestId":"aa621416-2394-4779-a2d1-4a68dc073fec","route":"/api/v1/session/logout","status":200}
{"event":"http_end","requestId":"f3faee03-365f-446e-8e27-ade9c00235a4","route":"/api/v1/session","status":401}
{"event":"http_end","requestId":"83f4c89e-064f-40a7-85f0-15e0e2c60663","route":"/api/v1/session/max","status":401}
{"event":"http_end","requestId":"97c5135f-9eac-4ff2-b23f-d6e066fc95ef","route":"/api/v1/session/bootstrap","status":200}
{"event":"http_end","requestId":"1ea26bbb-5205-43b1-96b0-41af57241064","route":"/api/v1/session/max","status":401}
✔ MAX-AUTH-08 logout revokes session and escrow; missing/wrong Origin and CSRF cannot log out (16.209189ms)
{"event":"http_end","requestId":"11adfdbc-6395-4320-9ebe-f6fdde834826","route":"/api/v1/session/bootstrap","status":200}
{"event":"http_end","requestId":"5005e55d-4907-4e30-bacb-86811adcdf9d","route":"/api/v1/session/max","status":200}
{"event":"http_end","requestId":"c4cdae1b-e48a-40b3-a9f3-5e55921eaf2e","route":"/api/v1/session","status":401}
{"event":"http_end","requestId":"3a29c269-a080-4846-8da2-eb7008acae91","route":"/api/v1/session/max","status":401}
{"event":"http_end","requestId":"13d21480-06c3-472a-b590-34a7ab315980","route":"/api/v1/session/bootstrap","status":200}
{"event":"http_end","requestId":"6e44d3d9-b71f-44c1-9217-6ff97044b9ad","route":"/api/v1/session/max","status":200}
{"event":"http_end","requestId":"093dce09-b362-4320-9412-572f7a3ee2d1","route":"/api/v1/session","status":401}
{"event":"http_end","requestId":"80580001-08b0-445d-947e-98639bf2517c","route":"/api/v1/session/max","status":401}
(node:25) [FSTDEP023] FastifyDeprecation: disableRequestLogging option is deprecated. Use the logController option with disableRequestLogging or isLogDisabled override instead. The disableRequestLogging top-level option will be removed in `fastify@6`.
✔ MAX-AUTH-09 idle and absolute expiry reject auth and exchange replay (16.064991ms)
{"event":"http_end","requestId":"2256f42f-fc57-4065-beed-42dd140d6c92","route":"/api/v1/session/bootstrap","status":200}
✔ MAX-AUTH-10 embedded cookie profile uses Secure SameSite=None Partitioned (13.161704ms)
{"event":"http_end","requestId":"b71d5757-e511-4093-bfb3-75e056b54088","route":"/api/v1/session/bootstrap","status":200}
{"event":"http_end","requestId":"cfeebf18-185b-4246-8264-bf8fcc6513d7","route":"/api/v1/session/max","status":200}
{"event":"http_end","requestId":"bdbbbba8-f43c-49ce-955a-25a1a981abe7","route":"/api/v1/session/max","status":200}
{"event":"http_end","requestId":"fce3eb5b-64c5-41ec-942e-e8e1438d4dcd","route":"/api/v1/session/bootstrap","status":200}
{"event":"http_end","requestId":"38d1668c-c67c-492f-8aec-d400f39652fb","route":"/api/v1/session/bootstrap","status":200}
{"event":"http_end","requestId":"f0127b18-3f62-43a9-8531-abe68d65b82c","route":"/api/v1/session/max","status":200}
{"event":"http_end","requestId":"b3b801d2-0c06-415b-88fa-e0ffdb0487fc","route":"/api/v1/session/max","status":401}
✔ MAX-AUTH-11 simultaneous same exchange is idempotent and cross-browser proof replay has one winner (16.569616ms)
{"event":"http_end","requestId":"514a415f-36eb-423f-8a7b-1e63401022c7","route":"/api/v1/session/bootstrap","status":200}
{"event":"http_end","requestId":"14c4a295-f57c-47df-a78d-210c42b06c63","route":"/api/v1/session/max","status":200}
{"event":"http_end","requestId":"25e3f6ac-f602-4b1c-8bb2-31cea41f297e","route":"/api/v1/session/bootstrap","status":200}
{"event":"http_end","requestId":"503d0406-50ee-4a14-aacd-73862c8b149e","route":"/api/v1/session/max","status":200}
{"event":"http_end","requestId":"93edbbb1-85e2-4f7d-bfb7-3f6341fa836e","route":"/api/v1/session/max","status":401}
✔ MAX-AUTH-12 same-account fresh launch rotates token; direct session revocation blocks escrow replay (13.869164ms)
{"event":"http_end","requestId":"dc5e7af6-982f-43c9-bd19-fd75393ad060","route":"/api/v1/session/bootstrap","status":200}
{"event":"http_end","requestId":"3b42ccd4-afe6-40ba-8932-ec062b1b1689","route":"/api/v1/session/max","status":200}
{"event":"http_end","requestId":"af77f5db-7d6a-4f53-a411-c3c5a5072a9e","route":"/api/v1/session","status":403}
{"event":"http_end","requestId":"b9c20cf0-7854-472b-85a5-bef5fb2cead7","route":"/api/v1/session","status":403}
{"event":"http_end","requestId":"e1d6e7d1-b56e-41c2-bf76-63fb08ed24ff","route":"/api/v1/session","status":403}
{"event":"http_end","requestId":"3f56e45e-3c8e-466f-9421-1b0a759961bc","route":"/api/v1/session","status":200}
{"event":"http_end","requestId":"0a2ab191-a2c9-4be3-9347-82e10d2dad24","route":"/api/ui/v1/session","status":403}
{"event":"http_end","requestId":"2228b0dc-46c1-4651-9e44-bd7ced7ae45e","route":"/api/ui/v1/session","status":403}
{"event":"http_end","requestId":"e0677998-c8f3-4c48-8ff9-4fca1d2f7521","route":"/api/ui/v1/session","status":403}
{"event":"http_end","requestId":"d37610a2-63ba-4a80-a710-f036e63b5d37","route":"/api/ui/v1/session","status":200}
✔ MAX-AUTH-13 authenticated reads retain Origin and fetch-site isolation (9.691632ms)
(node:37) [FSTDEP023] FastifyDeprecation: disableRequestLogging option is deprecated. Use the logController option with disableRequestLogging or isLogDisabled override instead. The disableRequestLogging top-level option will be removed in `fastify@6`.
(Use `node --trace-warnings ...` to show where the warning was created)
{"event":"http_end","requestId":"927279f4-4649-4ac4-b24c-e32bc2c23564","route":"/api/v1/session/bootstrap","status":200}
{"event":"http_end","requestId":"947f79e3-e409-428f-b2f7-41107cb34f0e","route":"/api/v1/session/max","status":200}
{"event":"http_end","requestId":"9fecd890-f9a3-4886-9c94-1673b89175a5","route":"/api/v1/me/saved","status":200}
{"event":"http_end","requestId":"1d785856-2714-4caa-a7e8-dcd131a8e444","route":"/api/v1/me/saved/:occurrenceId","status":200}
{"event":"http_end","requestId":"69d45234-df4c-4762-bfd7-3fab34c3e4b4","route":"/api/v1/me/saved/:occurrenceId","status":200}
{"event":"http_end","requestId":"c2b1cc4f-16ba-4eca-ba69-6ff64c8fc2e4","route":"/api/v1/me/saved/:occurrenceId","status":200}
{"event":"http_end","requestId":"fa195065-1c04-4ccb-bda1-9d6bf52b296c","route":"/api/v1/me/saved/:occurrenceId","status":200}
{"event":"http_end","requestId":"c7405f5e-7805-4a7a-8c1b-d26ed8a75916","route":"/api/v1/me/saved/:occurrenceId","status":200}
{"event":"http_end","requestId":"a2d0e4f4-14fa-4d63-9c8a-a9fcb1046671","route":"/api/v1/me/saved/:occurrenceId","status":200}
{"event":"http_end","requestId":"17b5f5a0-feaa-49d4-882b-f71ea8ecfdea","route":"/api/v1/me/saved/:occurrenceId","status":200}
{"event":"http_end","requestId":"9c6f5d9c-1cef-4a36-a3e6-9a0b7df065dc","route":"/api/v1/me/saved/:occurrenceId","status":200}
{"event":"http_end","requestId":"0ea27059-58d4-48d0-af03-576c29467090","route":"/api/v1/me/saved/:occurrenceId","status":200}
{"event":"http_end","requestId":"25131623-f2ea-4c9e-894a-96b1cf48cd28","route":"/api/v1/me/saved/:occurrenceId","status":200}
{"event":"http_end","requestId":"e606fbe9-2a8c-4cde-8b17-43f503b5abfc","route":"/api/v1/me/saved","status":200}
{"event":"http_end","requestId":"f7a82c9b-4546-410c-886d-cd97452be32b","route":"/api/v1/me/saved/resolve","status":200}
{"event":"http_end","requestId":"c8d867d1-7ff5-400d-ab69-c02c953f1fdd","route":"/api/v1/session/bootstrap","status":200}
{"event":"http_end","requestId":"6d82db7f-0e06-4ee2-935a-f724f91dd83b","route":"/api/v1/session/max","status":200}
{"event":"http_end","requestId":"74b875b7-8dfd-4de3-9b11-4e27c7c1bff2","route":"/api/v1/me/saved","status":200}
✔ Save: idempotent PUT, concurrent duplicates, deterministic list and canonical UNKNOWN facts (119.124063ms)
{"event":"http_end","requestId":"85cbbba6-20dc-4fe7-8c93-5ae880cfed06","route":"/api/v1/session/bootstrap","status":200}
{"event":"http_end","requestId":"960fa8ed-811a-4eeb-9c75-e50782a62cec","route":"/api/v1/session/max","status":200}
{"event":"http_end","requestId":"5f154800-85b5-4d60-a1e8-193e3fe2d8a5","route":"/api/v1/session/bootstrap","status":200}
{"event":"http_end","requestId":"fe9cefde-15a3-4332-9903-a3c75407f73f","route":"/api/v1/session/max","status":200}
{"event":"http_end","requestId":"a7e62573-cc1f-4cee-bb6e-d4cbe5da9636","route":"/api/v1/me/saved/:occurrenceId","status":200}
{"event":"http_end","requestId":"78b8e40d-c224-4396-b014-dfc8a62e8490","route":"/api/v1/me/saved","status":200}
{"event":"http_end","requestId":"1dc1f403-15cb-454a-9b35-f44bbad7ab60","route":"/api/v1/me/saved/:occurrenceId","status":200}
{"event":"http_end","requestId":"2d0c6a28-65e9-495d-bd3d-e7236cedb8b9","route":"/api/v1/me/saved","status":200}
{"event":"http_end","requestId":"3aa9a0c3-d934-426f-aa37-6defca8002ec","route":"/api/v1/me/saved/:occurrenceId","status":200}
{"event":"http_end","requestId":"6773cb73-54a5-41c7-899c-c1565cad0140","route":"/api/v1/me/saved/:occurrenceId","status":200}
{"event":"http_end","requestId":"ae00840a-aec7-414d-a338-3ec7371e21a6","route":"/api/v1/me/saved","status":200}
{"event":"http_end","requestId":"67d7c766-613e-4c7c-aa90-a6f2a874cbae","route":"/api/v1/me/saved/:occurrenceId","status":404}
{"event":"http_end","requestId":"c484b136-ceb0-4755-9748-7af756985a5c","route":"/api/v1/me/saved/:occurrenceId","status":400}
{"event":"http_end","requestId":"aa30187d-04c2-498a-9588-bc2dadb780f2","route":"/api/v1/me/saved","status":401}
{"event":"http_end","requestId":"59a7e861-2307-46ac-8494-d3211bba9f92","route":"/api/v1/me/saved/:occurrenceId","status":403}
{"event":"http_end","requestId":"c105612d-c46a-41bf-9c8a-3e22a65f25d2","route":"/api/v1/me/saved/:occurrenceId","status":403}
{"event":"http_end","requestId":"23336cc7-b761-4090-be1d-504d0e6dc738","route":"/api/v1/me/saved/:occurrenceId","status":400}
✔ Save: DELETE converges, actor ownership, validation, session and Origin guards (32.026471ms)
{"event":"http_end","requestId":"d2acd94f-fdf8-4e0e-a998-69fb98644ea4","route":"/api/v1/session/bootstrap","status":200}
{"event":"http_end","requestId":"be765356-bb9f-466a-be95-109972e6a3c0","route":"/api/v1/session/max","status":200}
{"event":"http_end","requestId":"1806d577-321d-404e-87d7-918300f17009","route":"/api/v1/me/saved/:occurrenceId","status":200}
{"event":"http_end","requestId":"c18d07b7-d43d-4384-9bb9-3bf512d32eed","route":"/api/v1/me/saved","status":200}
✔ Save: conditional price stays conditional through persistence and API (10.491581ms)
✔ T105 PG: Event has two durable occurrences with stable opaque UUID identities (43.443705ms)
✔ T105 PG: repeated fetch and duplicate row do not multiply occurrences or semantic revisions (16.867474ms)
✔ T105 PG: price update revises only stable occurrence; anonymous venue change creates new identity (24.979752ms)
✔ T105 PG: partial and failed pages preserve existing facts; no false cancellation (18.081006ms)
✔ T105 PG: zero-result run is query evidence and leaves prior occurrences intact (9.860967ms)
✔ T105 PG: malformed item is quarantined while a valid sibling commits (12.957249ms)
✔ T105 PG: SQL constraints reject invented end and unsupported FREE shape (22.213506ms)
✔ T105 PG: verified native session identity survives reschedule and venue change (28.693305ms)
✔ T105 PG: stale source sequence cannot overwrite newer canonical facts or freshness (21.746874ms)
✔ T105 PG: 429 and provider 5xx are failed observations, never empty or cancellation (15.583665ms)
✔ T105 PG: Event-only update has its own provenance and never refreshes an old session (12.616261ms)
(node:60) [FSTDEP023] FastifyDeprecation: disableRequestLogging option is deprecated. Use the logController option with disableRequestLogging or isLogDisabled override instead. The disableRequestLogging top-level option will be removed in `fastify@6`.
(Use `node --trace-warnings ...` to show where the warning was created)
{"event":"http_end","requestId":"14024aa7-9150-4f24-b869-d458ed2209c1","route":"/api/ui/v1/view","status":200}
{"event":"http_end","requestId":"034cbc18-efcb-418c-8802-17b90f4097bb","route":"/api/ui/v1/view","status":200}
{"event":"http_end","requestId":"e9708b19-3b2e-4109-825c-4252af651896","route":"/api/ui/v1/commands","status":409}
{"event":"http_end","requestId":"db346bd3-5046-4707-a9f1-6c4f27f19c1f","route":"/api/ui/v1/commands","status":200}
{"event":"http_end","requestId":"aed7416c-e2d2-4459-9a18-72b798fecf1f","route":"/api/ui/v1/commands","status":200}
{"event":"http_end","requestId":"1065632b-3d72-45f2-ab58-222fce4dfe47","route":"/api/v1/plans/:planId","status":200}
{"event":"http_end","requestId":"42c9523a-4b62-4486-bb94-970adbd1afcd","route":"/api/ui/v1/commands","status":200}
{"event":"http_end","requestId":"da835e74-dbb1-4c18-b1d3-ac9a0acc47cb","route":"/api/ui/v1/view","status":200}
{"event":"http_end","requestId":"3b30c37d-a56d-40f3-96a8-a4c1800621a6","route":"/api/ui/v1/commands","status":200}
{"event":"http_end","requestId":"cfc72385-ffbe-4a70-8050-e4c11d301bb5","route":"/api/ui/v1/view","status":200}
{"event":"http_end","requestId":"c77d375e-a7c1-4440-8ed5-60f7a33121a5","route":"/api/v1/plans/:planId","status":404}
✔ UI26-01 actual API personal -> 500+30 -> explicit group -> persisted edit -> replay, no implicit membership (132.867195ms)
{"event":"http_end","requestId":"f6d9da2c-06db-40ec-9b6a-20a15746426e","route":"/api/ui/v1/view","status":200}
{"event":"http_end","requestId":"a236597e-73c4-4e75-9512-04d6d9d7a768","route":"/api/ui/v1/commands","status":200}
{"event":"http_end","requestId":"2db1e56f-4e8f-4191-9f85-7fbe3892acfb","route":"/api/ui/v1/view","status":200}
{"event":"http_end","requestId":"cab757bf-346b-4e9a-9f11-1a9d030ccb5e","route":"/api/ui/v1/commands","status":422}
{"event":"http_end","requestId":"5218307f-d24a-41c1-9f67-7905c535fb0b","route":"/api/ui/v1/view","status":200}
✔ UI26-02 filter fields survive a new read; text rejection does not erase prior successful query (34.304115ms)
{"event":"http_end","requestId":"539a8e54-c2c2-4cec-a4ec-51ddd038affb","route":"/api/ui/v1/view","status":200}
{"event":"http_end","requestId":"4c2fbc6d-8f37-4c6e-9d3b-1761a10757fd","route":"/api/ui/v1/commands","status":200}
{"event":"http_end","requestId":"c9387ee7-4f79-40d8-98c1-fba673cf4093","route":"/api/ui/v1/view","status":200}
✔ catalog finds a matching occurrence after 100 earlier nonmatching rows and opens detail (212.707931ms)
ℹ tests 42
ℹ suites 0
ℹ pass 42
ℹ fail 0
ℹ cancelled 0
ℹ skipped 0
ℹ todo 0
ℹ duration_ms 9118.668091
