
> the-boys-afisha-integration@0.2.0-candidate test:unit
> node --experimental-strip-types --test tests/unit/*.test.ts

✔ UNKNOWN never becomes EXPIRED or READY after TTL (0.7771ms)
✔ worker killed after possible submission becomes UNKNOWN (0.1024ms)
✔ known not submitted may recover READY (0.0692ms)
✔ known not submitted after deadline EXPIRED (0.0594ms)
✔ Redis loss does not revoke SUCCEEDED (0.0763ms)
✔ unsafe POST 503 is UNKNOWN (0.0862ms)
✔ logical false is not success (0.0578ms)
✔ accepted result means API acceptance only (0.0569ms)
✔ trusted 429 allows bounded retry (0.5471ms)
✔ personal scope does not need artificial group (0.1917ms)
✔ scope actor cannot be forged (0.3772ms)
✔ plan search non-participating organizer retained (0.3825ms)
(node:15616) [FSTDEP023] FastifyDeprecation: disableRequestLogging option is deprecated. Use the logController option with disableRequestLogging or isLogDisabled override instead. The disableRequestLogging top-level option will be removed in `fastify@6`.
(Use `node --trace-warnings ...` to show where the warning was created)
✔ ioredis named export is constructable in native Node ESM without opening a connection (1.3869ms)
✔ Drizzle PostgreSQL query types preserve parameterized SQL after declaration correction (2.8147ms)
{"event":"http_end","requestId":"ff797109-4263-49ef-b358-5b821d52abc1","route":"/synthetic-error-0","status":403}
{"event":"http_end","requestId":"1d1a32fb-4809-4660-9b9f-831c588e8fd4","route":"/synthetic-error-1","status":413}
{"event":"http_end","requestId":"cc80b700-7051-4928-8313-f46a1d054c56","route":"/synthetic-error-2","status":415}
{"event":"http_end","requestId":"e811d119-d281-45f8-b0e4-4212f14e6066","route":"/synthetic-error-3","status":503}
{"event":"http_end","requestId":"b113abf4-0b1a-4598-9127-6f6fe4b844c4","route":"/synthetic-error-4","status":503}
{"event":"http_end","requestId":"3e74da0b-e6ae-4eef-b0df-d2c9bd67d142","route":"/synthetic-error-5","status":503}
{"event":"http_end","requestId":"540d2344-059c-4e72-99f0-6166ab6408bd","route":"/api/v1/plans","status":400}
✔ Fastify unknown error boundary preserves validation/domain/status behavior without leaking messages (110.4366ms)
✔ Detail design variants are deterministic and explicitly synthetic (0.8216ms)
✔ unknown price stays unknown in the deterministic price variant (0.0992ms)
✔ missing venue stays explicit and is omitted from the hero (0.0619ms)
✔ unavailable source has no fabricated URL and disables the primary action (0.6746ms)
✔ runtime adapter preserves supplied start only and does not invent detail facts (0.2769ms)
✔ runtime source action is exposed only for an allowlisted safe URL (0.1006ms)
✔ Empty reset action clears user filters while preserving Moscow and timezone context (1.0177ms)
✔ loading, empty and error system states are explicit and deterministic (1.1219ms)
✔ retry and reset actions leave a deterministic preview destination (0.1271ms)
✔ offline state contains only explicitly supplied cached content (0.1982ms)
✔ deterministic Home fixture remains explicitly synthetic (1.1617ms)
✔ catalog adapter preserves server display evidence without changing domain models (0.2331ms)
✔ catalog adapter does not invent an event when the server returns no events (0.1638ms)
✔ server catalog adapters do not assign design artwork or design map behavior (0.2641ms)
✔ HTTP amount discriminator rejects impossible amount field combinations (2.9219ms)
✔ HTTP canonical price preserves EXACT evidence and unknown totals (4.7089ms)
✔ HTTP canonical price preserves FROM evidence and unknown totals (0.5395ms)
✔ HTTP canonical price preserves RANGE evidence and unknown totals (0.4368ms)
✔ HTTP canonical price preserves FREE evidence and unknown totals (1.2501ms)
✔ HTTP canonical price preserves TEXT evidence and unknown totals (0.3233ms)
✔ HTTP canonical price preserves UNKNOWN evidence and unknown totals (0.3063ms)
✔ PC001 ended (5.2464ms)
✔ PC001 end equality (0.9871ms)
✔ PC001 upcoming (0.8766ms)
✔ PC001 already started, end missing (0.7433ms)
✔ PC001 ongoing (1.14ms)
✔ PC001 cancelled future event cannot pass (0.3915ms)
✔ PC002 cancellation after commitment deadline gets future informational TTL (16.4743ms)
✔ PC002 cancellation cannot be delivered at/after event start (0.5667ms)
✔ PC002 stale selection, terminal and legacy notice guards (0.5739ms)
✔ PC003 500+30 remains 530 across JSON, domain validation and UI projection (2.1476ms)
✔ PC003 unknown required fees are not turned into zero or a complete price (0.2636ms)
✔ PC003 forged total rejected; included quote not double charged (0.8037ms)
✔ PC004 19 venue -> 21 null name/city projection and blocked external maps (1.405ms)
✔ SOLO context-only count and no-cinema filters do not create group authority (0.426ms)
✔ free text under admission hold is rejected, not silently dropped (0.1293ms)
✔ budget with unknown basis is clarification, not pass (0.09ms)
✔ source snapshot contains no personal query/history; changing time preserves source and appends (1.3971ms)
✔ organizer without participation has authority, no automatic active slot (0.1294ms)
✔ wall time conversion rejects fold, gap and invalid day; valid date exact (5.9284ms)
✔ deep links are locators only and do not contain tokens or actor data (0.8111ms)
✔ durable approval contract survives new service object; foreign/expired/mutated rejected (17.8696ms)
✔ AI20 candidate remains an explicit-confirmation draft; no tool side effect (0.8694ms)
✔ AI strict JSON rejects {"x":1,"x":2} (0.2849ms)
✔ AI strict JSON rejects {"x":1,"\u0078":2} (0.0833ms)
✔ AI strict JSON rejects {"__proto__":{}} (0.0319ms)
✔ price migration preserves legacy input and stales consent without rewriting immutable SQL rows (0.7539ms)
(node:7264) [FSTDEP023] FastifyDeprecation: disableRequestLogging option is deprecated. Use the logController option with disableRequestLogging or isLogDisabled override instead. The disableRequestLogging top-level option will be removed in `fastify@6`.
(Use `node --trace-warnings ...` to show where the warning was created)
✔ desired commands and subscription have only the entry flow (0.7915ms)
✔ command "/start" (0.0901ms)
✔ command " /HELP " (0.038ms)
✔ command "/app" (0.033ms)
✔ command "/start locator" (0.053ms)
✔ command "/startle" (0.0357ms)
✔ command "Привет" (0.0752ms)
✔ command "" (0.0324ms)
✔ welcome uses native open_app with bot identity and safe catalog payload (0.2989ms)
✔ help has recovery, configured URL, published policy/about links (0.1574ms)
✔ missing Mini App URL suppresses launch and never invents an address (0.1391ms)
✔ optional policy links are absent until published (0.0409ms)
✔ URLs are optional but production HTTPS is mandatory (0.4286ms)
✔ canonical secret config is separate; legacy test config remains compatible (0.4685ms)
✔ runtime config validates every configured product URL (0.2385ms)
✔ bot_started accepts current first_name and legacy name without inferring app rights (0.8568ms)
✔ lossless bot_started IDs and message_created commands retain exact recipient (0.1915ms)
✔ event identity deduplicates message_created across webhook timestamps (0.1687ms)
✔ destination fencing uses the source update time, not nested message or receipt time (0.1046ms)
✔ groups, channels and bot echoes do not become personal destinations (0.1068ms)
✔ malformed supported payloads fail closed; callbacks are unsupported (0.1363ms)
{"event":"http_end","requestId":"248a034e-2dc3-40ef-a83e-373cc55eba3b","route":"/api/v1/max/webhook","status":403}
{"event":"http_end","requestId":"0df5f08f-bbb4-45db-bf95-ac213cc8e9ca","route":"/api/v1/max/webhook","status":403}
✔ invalid or missing webhook secret returns 403 without a database connection (82.8206ms)
✔ Mini App URL permits 1024 and rejects 1025 without narrowing unrelated URLs (0.3158ms)
✔ MAX trust configuration keeps global Node trust unchanged (2.3462ms)
✔ T106.1 packaged MAX root is the independently sourced pinned public CA (1.8016ms)
✔ MAX 429 with ordinary error.message maps to safe retry and Retry-After (3.582ms)
✔ transport preserves keyboard body and sends only to pinned MAX API2 (6.1922ms)
✔ HTTP outcome classification keeps ambiguous sends out of retry (1.5064ms)
✔ network failure after possible submission is UNKNOWN and is not retried (0.6919ms)
✔ HTTP 400 string message is a definitive response with scoped TLS (0.7535ms)
✔ HTTP 401 string message is a definitive response with scoped TLS (0.5261ms)
✔ HTTP 403 string message is a definitive response with scoped TLS (0.4273ms)
✔ HTTP 404 string message is a definitive response with scoped TLS (0.3874ms)
✔ HTTP 429 string message is a definitive response with scoped TLS (0.4639ms)
✔ definitive 401 does not depend on optional error body completion (0.9346ms)
✔ definitive 429 does not depend on optional error body completion (0.5024ms)
✔ capability matrix web (0.9776ms)
✔ capability matrix android (0.1877ms)
✔ capability matrix ios (0.1582ms)
✔ capability matrix desktop (0.0736ms)
✔ absent Bridge and CDN object without launch expose no native capabilities (0.1252ms)
✔ launch context version gate android 26.19.1 (0.089ms)
✔ launch context version gate android 26.19.2 (0.0614ms)
✔ launch context version gate ios 26.19.99 (0.0829ms)
✔ launch context version gate ios 26.20.0 (0.1031ms)
✔ launch context version gate ios unknown (0.1243ms)
✔ launch context version gate web 99.99.99 (0.1453ms)
✔ URL WebAppData is forwarded byte-exactly, without a fabricated Bridge (0.3706ms)
✔ reject ambiguous or malformed launch #WebAppData=x&WebAppData=x (0.35ms)
✔ reject ambiguous or malformed launch #WebAppData=x&%57ebAppData=y (0.0642ms)
✔ reject ambiguous or malformed launch #WebAppData=x&WebAppPlatform=web&WebAppPlatform=ios (0.0572ms)
✔ reject ambiguous or malformed launch #WebAppData=%ff (0.0997ms)
✔ reject ambiguous or malformed launch #WebAppData=% (0.1178ms)
✔ reject ambiguous or malformed launch #WebAppData= (0.0611ms)
✔ conflicting Bridge and fragment rejected before exchange (0.0889ms)
✔ unsafe user never read even when its getter throws (0.052ms)
✔ only allowed context fields are read, never user identity (0.2701ms)
✔ 512 ASCII characters accepted; 513 or disallowed characters rejected (0.1085ms)
✔ event deep link round-trip retains an occurrence locator, never an offer or permission (0.9212ms)
✔ campaign/referral are context only and route to personal home (0.1529ms)
✔ invalid or oversized event encoding fails closed to personal home (0.2746ms)
✔ launch context rejection and timeout are graceful (7.1225ms)
✔ viewport dimensions are bounded and failures leave CSS fallback (0.596ms)
✔ native links are dispatched in the click turn and routed by exact MAX origin (0.401ms)
✔ native rejection and missing APIs report explicit outcomes (0.3975ms)
✔ BackButton subscription and cleanup use the same callback (0.316ms)
✔ resolved native error responses are never reported as invoked (0.265ms)
✔ fresh MAX launch is verified before an existing cookie can select identity (32.0242ms)
✔ new launch rejection never falls back to the previous identity (1.7204ms)
✔ external browser can resume only an existing server session (1.0394ms)
✔ unsafe identity alone cannot issue a session (0.4524ms)
✔ transport retry reuses exact exchange body and bootstrap (0.9493ms)
✔ partial BackButton does not break browser fallback (0.492ms)
✔ throwing share Bridge reports failure without throwing into UI (0.5722ms)
✔ blocked cookie storage is explicit and never a successful login (0.78ms)
✔ external browser service outage does not trigger new session issuance (0.4266ms)
✔ a tab cannot replace its CSRF binding after another MAX account changes the cookie (0.4806ms)
✔ R5-002 organizer without participation retains management, not a fictional vote (21.104ms)
✔ R3 consent on changed terms is a new APPLIED domain revision, not raw NO_CHANGE (1.5805ms)
✔ cosmetic snapshot preserves terms revision and original receipt snapshot (0.8932ms)
✔ time change cannot claim cosmetic (0.7094ms)
✔ outsider IDOR is neutral; cannot replay current access (0.4871ms)
✔ stale state command fails before mutation (0.3984ms)
✔ stale selection command fails (0.4927ms)
✔ stale terms response fails (0.3982ms)
✔ deadline equality rejects positive response (0.8538ms)
✔ deadline equality rejects CONFIRMED (0.638ms)
✔ DECLINED after deadline remains possible until terminal (0.5137ms)
✔ UNBOUND allowed at start and counts MISSING (0.4048ms)
✔ BLOCKED cannot be selected even with provisional override (0.3846ms)
✔ provisional selection requires explicit warning acknowledgement and reason (0.4545ms)
✔ organizer cannot create others as participants (0.1036ms)
✔ duplicate actor cannot occupy two slots (0.1106ms)
✔ MIN is not silently reduced (0.0803ms)
✔ roster after selection returns collecting, archives commitments, retains same terms responses (0.4525ms)
✔ participant sees own responses, not another actor matrix (0.4998ms)
✔ removed actor loses read immediately (0.3896ms)
✔ unknown required fee prevents final confirmation and retains warnings (0.9569ms)
✔ terminal forbids writes (0.3456ms)
✔ unknown time zone rejected (0.1536ms)
✔ invalid calendar date rejected (0.1613ms)
✔ UTC instant survives exact comparison without milliseconds (0.3066ms)
✔ strict commitment value null (0.4322ms)
✔ strict commitment value [] (0.3646ms)
✔ strict commitment value {} (0.8892ms)
✔ strict commitment value "confirmed" (0.6141ms)
✔ strict commitment value 1 (0.3516ms)
✔ My Plans render includes nearest, other plans, status controls and active BottomNav (1726.1079ms)
✔ Plan Detail render includes event summary, personal plan, participants and lightweight discussion (3.3483ms)
✔ participant status states render for host, going and thinking fixtures (2.8277ms)
✔ solo plan fixture renders without a group prerequisite (4.2619ms)
✔ multi-participant fixture and empty discussion state remain deterministic (2.4933ms)
WebSocket server error: Port 24678 is already in use
✔ Profile design render exposes the approved personalization surface (1714.3086ms)
✔ Profile fixture is deterministic and explicitly non-persistent (0.4958ms)
✔ Preference chips only change during the local edit state (0.1336ms)
✔ Notifications control is local UI state only (0.0643ms)
✔ Profile fixtures show VK and OK as unconnected placeholders (2.9664ms)
✔ Server Profile renders connected services only from supplied connected records (4.5646ms)
WebSocket server error: Port 24678 is already in use
✔ runtime Detail exposes Save and reports rejected mutation without false success (1764.3293ms)
✔ runtime Saved model uses only server occurrences and preserves unknown facts (0.9582ms)
✔ Saved render model remains explicit, deterministic and close to the approved screen (0.7147ms)
✔ Saved segmented selection switches the visible deterministic collection (0.1779ms)
✔ Saved state removes and re-saves an event without changing its event model (0.1649ms)
✔ Saved screen renders the populated and empty saved states (1773.8555ms)
✔ Search render model remains explicit, deterministic and map-design-only (1.256ms)
✔ filter state selects and deselects a shared category option (0.224ms)
✔ removing a selected filter updates applied and draft state (0.1496ms)
✔ reset clears all structured filters while preserving the query and sort context (0.1001ms)
✔ apply commits the Filter Sheet draft and closes it (0.0917ms)
✔ sort switching updates the visible Search sort immediately (0.7543ms)
✔ Filter Sheet open and close restores the last applied filters (0.1082ms)
✔ signed >2^53 ID survives as decimal string (2.5945ms)
✔ bad HMAC fails (0.5527ms)
✔ wrong token fails (0.2358ms)
✔ freshness at 1h equality fails (0.2079ms)
✔ future >300 seconds fails (0.1636ms)
✔ nullable chat allowed; no membership inferred (0.254ms)
✔ duplicate form key rejected (0.1377ms)
✔ escaped duplicate form key rejected (0.1071ms)
✔ malformed form UTF-8 rejected (0.134ms)
✔ HMAC computed over original nested JSON not reserialized (0.3515ms)
✔ int64 exact 9007199254740993 (0.782ms)
✔ int64 exact 9223372036854775807 (0.1353ms)
✔ int64 exact -9223372036854775808 (0.1024ms)
✔ reject invalid int64 9223372036854775808 (0.1027ms)
✔ reject invalid int64 -9223372036854775809 (0.0401ms)
✔ reject invalid int64 1e3 (0.0466ms)
✔ reject invalid int64 1.0 (0.0295ms)
✔ reject invalid int64 "1" (0.0277ms)
✔ reject invalid int64 null (0.0217ms)
✔ reject invalid int64 [] (0.0212ms)
✔ reject invalid int64 {} (0.0242ms)
✔ strict duplicate/prototype preflight {"a":1,"a":1} (0.0525ms)
✔ strict duplicate/prototype preflight {"a":1,"\u0061":2} (0.0279ms)
✔ strict duplicate/prototype preflight {"x":{"a":0,"a":1}} (0.023ms)
✔ strict duplicate/prototype preflight {"__proto__":1} (0.021ms)
✔ strict duplicate/prototype preflight {"constructor":1} (0.0224ms)
✔ valid nested values not misidentified as duplicate keys (0.4569ms)
✔ depth bounded before native parse (0.062ms)
✔ unsafe app JSON integer rejected instead of coerced (0.0533ms)
✔ fatal UTF8 does not replace invalid bytes (0.1362ms)
✔ signed wrong first_name type rejected [] (0.7587ms)
✔ signed wrong first_name type rejected {} (0.2438ms)
✔ signed wrong first_name type rejected null (0.1464ms)
✔ signed wrong first_name type rejected true (0.1625ms)
✔ signed wrong first_name type rejected 1 (0.1425ms)
✔ AES-GCM escrow roundtrip; tamper fails (0.4905ms)
✔ empty optional MAX profile fields are valid strings (0.1966ms)
✔ valid HMAC-sized tampering rejected with AUTH_INVALID (0.2353ms)
✔ freshness boundaries: 3599 seconds and 300 second future skew accepted (0.2379ms)
✔ security rejects duplicate critical field &hash=000000 (0.1329ms)
✔ security rejects duplicate critical field &%68ash=0000 (0.0878ms)
✔ security rejects duplicate critical field &auth_date=1 (0.073ms)
✔ security rejects duplicate critical field &%61uth_date (0.0687ms)
✔ security rejects malformed encoding user=%&hash=x (0.0674ms)
✔ security rejects malformed encoding user=%G0&hash=x (0.1026ms)
✔ security rejects malformed encoding user=%C0%AF&hash=x (0.0877ms)
✔ security rejects malformed encoding user=%ED%A0%80&hash=x (0.0979ms)
✔ signed int64 max ID and non-ASCII profile remain exact (0.2335ms)
✔ signed start_param context never changes the validated actor (0.4708ms)
✔ Event is conceptual; two sessions yield two distinct occurrence proposals (13.3503ms)
✔ anonymous aliases ignore array order, title, price and end; duplicate session does not multiply (1.2491ms)
✔ conflicting duplicate aliases quarantine that identity and preserve siblings (0.9843ms)
✔ T104 free admission with mandatory 700 RUB deposit is conditional and never free (0.3525ms)
✔ explicit proven free, claimed free with unknown fees, numeric zero and missing price remain distinct (0.4397ms)
✔ FROM and RANGE preserve bounds without inventing affordable ceiling (0.1744ms)
✔ unknown fees and event-level scope cannot prove occurrence budget (0.0938ms)
✔ null end, null place and venue without coordinates remain honest (0.6692ms)
✔ invalid end is quarantined as a field, valid start survives (0.5083ms)
✔ invalid start, timezone, impossible date and source URL isolate records (1.9682ms)
✔ a malformed record is isolated and no page silently truncates 399 sessions (47.5049ms)
✔ duplicate provider rows dedupe; conflicting rows quarantine both (1.6785ms)
✔ T104 KudaGo null end, null place, 399 dates and actual_since do not create a cursor or fake facts (44.1374ms)
✔ KudaGo conflicting expanded start quarantines only that date; page size is bounded (0.8017ms)
✔ presentation exposes unknown/conditional/source-unavailable without fabricated end or venue (1.3847ms)
✔ malformed nested provider fields are bounded and isolated from valid siblings (0.8079ms)
✔ money overflow and contradictory no-fee evidence cannot enter canonical price (0.137ms)
✔ malformed coordinate child cannot erase a valid session sibling (2.6578ms)
✔ ambiguous online place and contradictory venue format stay uncertain (0.5914ms)
✔ RUB presentation preserves kopecks rather than truncating a known price (0.4234ms)
✔ live source without explicit policy admission is rejected with a structured reason (0.1002ms)
✔ invalid search HTTP 422 clears pending and corrected search succeeds without reload (12.1653ms)
✔ ambiguous transport keeps the pending key until the same command is retried (1.4043ms)
✔ Only explicit allowlisted routes activate design fixtures (0.5536ms)
✔ Shared navigation preserves Profile for Saved and the originating section for Detail (0.0854ms)
✔ Selected preview events retain identity without inheriting invented Detail facts (0.128ms)
✔ Selected solo plan stays solo and has no borrowed discussion (0.3407ms)
ℹ tests 269
ℹ suites 0
ℹ pass 269
ℹ fail 0
ℹ cancelled 0
ℹ skipped 0
ℹ todo 0
ℹ duration_ms 2364.4607
