
> the-boys-afisha-integration@0.2.0-candidate test:unit
> node --experimental-strip-types --test tests/unit/*.test.ts

✔ UNKNOWN never becomes EXPIRED or READY after TTL (0.5731ms)
✔ worker killed after possible submission becomes UNKNOWN (0.0929ms)
✔ known not submitted may recover READY (0.0517ms)
✔ known not submitted after deadline EXPIRED (0.0483ms)
✔ Redis loss does not revoke SUCCEEDED (0.0617ms)
✔ unsafe POST 503 is UNKNOWN (0.0753ms)
✔ logical false is not success (0.0577ms)
✔ accepted result means API acceptance only (0.0706ms)
✔ trusted 429 allows bounded retry (0.7267ms)
✔ personal scope does not need artificial group (0.2674ms)
✔ scope actor cannot be forged (0.3983ms)
✔ plan search non-participating organizer retained (0.2789ms)
(node:41024) [FSTDEP023] FastifyDeprecation: disableRequestLogging option is deprecated. Use the logController option with disableRequestLogging or isLogDisabled override instead. The disableRequestLogging top-level option will be removed in `fastify@6`.
(Use `node --trace-warnings ...` to show where the warning was created)
✔ ioredis named export is constructable in native Node ESM without opening a connection (0.7205ms)
✔ Drizzle PostgreSQL query types preserve parameterized SQL after declaration correction (2.2362ms)
{"event":"http_end","requestId":"75500088-e14e-4385-b8d3-27283bcb3928","route":"/synthetic-error-0","status":403}
{"event":"http_end","requestId":"51d5a535-9cbc-4efb-82df-eb6969581eb8","route":"/synthetic-error-1","status":413}
{"event":"http_end","requestId":"46017f51-3c51-49f6-a3ee-a1221952a7ba","route":"/synthetic-error-2","status":415}
{"event":"http_end","requestId":"b9e0bb43-bc53-49a5-8071-f5e63f3b69a7","route":"/synthetic-error-3","status":503}
{"event":"http_end","requestId":"01184dad-1e7d-4578-97ee-3373e35d2c16","route":"/synthetic-error-4","status":503}
{"event":"http_end","requestId":"e7eb1ba3-1119-42a4-ab11-011a84d384d7","route":"/synthetic-error-5","status":503}
{"event":"http_end","requestId":"41e3afd3-e33d-43f7-83a1-efa873cede18","route":"/api/v1/plans","status":400}
✔ Fastify unknown error boundary preserves validation/domain/status behavior without leaking messages (573.8915ms)
✔ deterministic Home fixture remains explicitly synthetic (0.8406ms)
✔ catalog adapter preserves server display evidence without changing domain models (0.2806ms)
✔ catalog adapter does not invent an event when the server returns no events (0.15ms)
✔ HTTP amount discriminator rejects impossible amount field combinations (2.1068ms)
✔ HTTP canonical price preserves EXACT evidence and unknown totals (3.9578ms)
✔ HTTP canonical price preserves FROM evidence and unknown totals (0.6896ms)
✔ HTTP canonical price preserves RANGE evidence and unknown totals (0.5433ms)
✔ HTTP canonical price preserves FREE evidence and unknown totals (1.1788ms)
✔ HTTP canonical price preserves TEXT evidence and unknown totals (0.2987ms)
✔ HTTP canonical price preserves UNKNOWN evidence and unknown totals (0.2824ms)
✔ PC001 ended (4.4757ms)
✔ PC001 end equality (0.6105ms)
✔ PC001 upcoming (0.4649ms)
✔ PC001 already started, end missing (0.3686ms)
✔ PC001 ongoing (0.7876ms)
✔ PC001 cancelled future event cannot pass (0.4783ms)
✔ PC002 cancellation after commitment deadline gets future informational TTL (10.7269ms)
✔ PC002 cancellation cannot be delivered at/after event start (0.3637ms)
✔ PC002 stale selection, terminal and legacy notice guards (0.4004ms)
✔ PC003 500+30 remains 530 across JSON, domain validation and UI projection (1.7544ms)
✔ PC003 unknown required fees are not turned into zero or a complete price (0.1903ms)
✔ PC003 forged total rejected; included quote not double charged (0.5387ms)
✔ PC004 19 venue -> 21 null name/city projection and blocked external maps (0.6646ms)
✔ SOLO context-only count and no-cinema filters do not create group authority (0.4974ms)
✔ free text under admission hold is rejected, not silently dropped (0.0917ms)
✔ budget with unknown basis is clarification, not pass (0.0776ms)
✔ source snapshot contains no personal query/history; changing time preserves source and appends (0.9569ms)
✔ organizer without participation has authority, no automatic active slot (0.1393ms)
✔ wall time conversion rejects fold, gap and invalid day; valid date exact (2.901ms)
✔ deep links are locators only and do not contain tokens or actor data (0.3014ms)
✔ durable approval contract survives new service object; foreign/expired/mutated rejected (11.4441ms)
✔ AI20 candidate remains an explicit-confirmation draft; no tool side effect (0.6856ms)
✔ AI strict JSON rejects {"x":1,"x":2} (0.2724ms)
✔ AI strict JSON rejects {"x":1,"\u0078":2} (0.0885ms)
✔ AI strict JSON rejects {"__proto__":{}} (0.03ms)
✔ price migration preserves legacy input and stales consent without rewriting immutable SQL rows (0.7249ms)
✔ R5-002 organizer without participation retains management, not a fictional vote (14.0231ms)
✔ R3 consent on changed terms is a new APPLIED domain revision, not raw NO_CHANGE (1.3572ms)
✔ cosmetic snapshot preserves terms revision and original receipt snapshot (0.7689ms)
✔ time change cannot claim cosmetic (0.5418ms)
✔ outsider IDOR is neutral; cannot replay current access (0.3907ms)
✔ stale state command fails before mutation (0.3202ms)
✔ stale selection command fails (0.3769ms)
✔ stale terms response fails (0.351ms)
✔ deadline equality rejects positive response (0.4388ms)
✔ deadline equality rejects CONFIRMED (1.1747ms)
✔ DECLINED after deadline remains possible until terminal (0.464ms)
✔ UNBOUND allowed at start and counts MISSING (0.4029ms)
✔ BLOCKED cannot be selected even with provisional override (0.3947ms)
✔ provisional selection requires explicit warning acknowledgement and reason (0.4817ms)
✔ organizer cannot create others as participants (0.1166ms)
✔ duplicate actor cannot occupy two slots (0.0998ms)
✔ MIN is not silently reduced (0.0772ms)
✔ roster after selection returns collecting, archives commitments, retains same terms responses (0.4324ms)
✔ participant sees own responses, not another actor matrix (0.4078ms)
✔ removed actor loses read immediately (0.4893ms)
✔ unknown required fee prevents final confirmation and retains warnings (0.9996ms)
✔ terminal forbids writes (0.2553ms)
✔ unknown time zone rejected (0.1127ms)
✔ invalid calendar date rejected (0.1332ms)
✔ UTC instant survives exact comparison without milliseconds (0.2814ms)
✔ strict commitment value null (0.48ms)
✔ strict commitment value [] (0.2964ms)
✔ strict commitment value {} (0.2265ms)
✔ strict commitment value "confirmed" (0.744ms)
✔ strict commitment value 1 (0.3176ms)
✔ Profile design render exposes the approved personalization surface (200.3707ms)
✔ Profile fixture is deterministic and explicitly non-persistent (0.7491ms)
✔ Preference chips only change during the local edit state (0.1436ms)
✔ Notifications control is local UI state only (0.0715ms)
✔ Search render model remains explicit, deterministic and map-design-only (1.2286ms)
✔ filter state selects and deselects a shared category option (0.284ms)
✔ removing a selected filter updates applied and draft state (0.1814ms)
✔ reset clears all structured filters while preserving the query and sort context (0.719ms)
✔ apply commits the Filter Sheet draft and closes it (0.1522ms)
✔ sort switching updates the visible Search sort immediately (0.1106ms)
✔ Filter Sheet open and close restores the last applied filters (0.108ms)
✔ signed >2^53 ID survives as decimal string (2.598ms)
✔ bad HMAC fails (0.607ms)
✔ wrong token fails (0.2334ms)
✔ freshness at 1h equality fails (0.1981ms)
✔ future >300 seconds fails (0.162ms)
✔ nullable chat allowed; no membership inferred (0.2943ms)
✔ duplicate form key rejected (0.2118ms)
✔ escaped duplicate form key rejected (0.1502ms)
✔ malformed form UTF-8 rejected (0.1417ms)
✔ HMAC computed over original nested JSON not reserialized (0.2878ms)
✔ int64 exact 9007199254740993 (0.082ms)
✔ int64 exact 9223372036854775807 (0.074ms)
✔ int64 exact -9223372036854775808 (0.0314ms)
✔ reject invalid int64 9223372036854775808 (0.0754ms)
✔ reject invalid int64 -9223372036854775809 (0.0516ms)
✔ reject invalid int64 1e3 (0.053ms)
✔ reject invalid int64 1.0 (0.0363ms)
✔ reject invalid int64 "1" (0.0287ms)
✔ reject invalid int64 null (0.0274ms)
✔ reject invalid int64 [] (0.0288ms)
✔ reject invalid int64 {} (0.0267ms)
✔ strict duplicate/prototype preflight {"a":1,"a":1} (0.0696ms)
✔ strict duplicate/prototype preflight {"a":1,"\u0061":2} (0.0276ms)
✔ strict duplicate/prototype preflight {"x":{"a":0,"a":1}} (0.0349ms)
✔ strict duplicate/prototype preflight {"__proto__":1} (0.0215ms)
✔ strict duplicate/prototype preflight {"constructor":1} (0.0471ms)
✔ valid nested values not misidentified as duplicate keys (0.4794ms)
✔ depth bounded before native parse (0.0727ms)
✔ unsafe app JSON integer rejected instead of coerced (0.0544ms)
✔ fatal UTF8 does not replace invalid bytes (0.0723ms)
✔ signed wrong first_name type rejected [] (0.1627ms)
✔ signed wrong first_name type rejected {} (0.1123ms)
✔ signed wrong first_name type rejected null (0.0978ms)
✔ signed wrong first_name type rejected true (0.6294ms)
✔ signed wrong first_name type rejected 1 (0.1395ms)
✔ AES-GCM escrow roundtrip; tamper fails (0.4605ms)
✔ empty optional MAX profile fields are valid strings (0.1768ms)
ℹ tests 129
ℹ suites 0
ℹ pass 129
ℹ fail 0
ℹ cancelled 0
ℹ skipped 0
ℹ todo 0
ℹ duration_ms 1956.1563
EXIT_CODE=0
