
> the-boys-afisha-integration@0.2.0-candidate test:unit
> node --experimental-strip-types --test tests/unit/*.test.ts

✔ UNKNOWN never becomes EXPIRED or READY after TTL (0.4953ms)
✔ worker killed after possible submission becomes UNKNOWN (0.0702ms)
✔ known not submitted may recover READY (0.0415ms)
✔ known not submitted after deadline EXPIRED (0.0375ms)
✔ Redis loss does not revoke SUCCEEDED (0.0479ms)
✔ unsafe POST 503 is UNKNOWN (0.0689ms)
✔ logical false is not success (0.0422ms)
✔ accepted result means API acceptance only (0.0497ms)
✔ trusted 429 allows bounded retry (0.6689ms)
✔ personal scope does not need artificial group (0.3367ms)
✔ scope actor cannot be forged (0.462ms)
✔ plan search non-participating organizer retained (0.4186ms)
(node:34408) [FSTDEP023] FastifyDeprecation: disableRequestLogging option is deprecated. Use the logController option with disableRequestLogging or isLogDisabled override instead. The disableRequestLogging top-level option will be removed in `fastify@6`.
(Use `node --trace-warnings ...` to show where the warning was created)
✔ ioredis named export is constructable in native Node ESM without opening a connection (0.7754ms)
✔ Drizzle PostgreSQL query types preserve parameterized SQL after declaration correction (2.3391ms)
{"event":"http_end","requestId":"d31f4893-956c-49b1-bc68-336a9c86b89d","route":"/synthetic-error-0","status":403}
{"event":"http_end","requestId":"1937033f-d922-4670-95e9-3da4a1d0d139","route":"/synthetic-error-1","status":413}
{"event":"http_end","requestId":"1bcb1df2-9555-438a-a079-a042b06aa647","route":"/synthetic-error-2","status":415}
{"event":"http_end","requestId":"d9842cc2-08ba-438c-be05-b0a60fb5656e","route":"/synthetic-error-3","status":503}
{"event":"http_end","requestId":"830b77b4-77e8-44f1-8871-4e4d929be2de","route":"/synthetic-error-4","status":503}
{"event":"http_end","requestId":"d30dc3a9-3a5b-470c-b7fd-0293af4ca3a5","route":"/synthetic-error-5","status":503}
{"event":"http_end","requestId":"f78393f9-ec8d-42f7-80aa-5994a09aa391","route":"/api/v1/plans","status":400}
✔ Fastify unknown error boundary preserves validation/domain/status behavior without leaking messages (674.5671ms)
✔ deterministic Home fixture remains explicitly synthetic (1.0315ms)
✔ catalog adapter preserves server display evidence without changing domain models (0.2173ms)
✔ catalog adapter does not invent an event when the server returns no events (0.1056ms)
✔ HTTP amount discriminator rejects impossible amount field combinations (1.9103ms)
✔ HTTP canonical price preserves EXACT evidence and unknown totals (4.2524ms)
✔ HTTP canonical price preserves FROM evidence and unknown totals (0.5137ms)
✔ HTTP canonical price preserves RANGE evidence and unknown totals (0.4492ms)
✔ HTTP canonical price preserves FREE evidence and unknown totals (1.3467ms)
✔ HTTP canonical price preserves TEXT evidence and unknown totals (0.3515ms)
✔ HTTP canonical price preserves UNKNOWN evidence and unknown totals (0.3184ms)
✔ PC001 ended (3.857ms)
✔ PC001 end equality (0.529ms)
✔ PC001 upcoming (0.4698ms)
✔ PC001 already started, end missing (0.6322ms)
✔ PC001 ongoing (0.9194ms)
✔ PC001 cancelled future event cannot pass (0.4314ms)
✔ PC002 cancellation after commitment deadline gets future informational TTL (10.674ms)
✔ PC002 cancellation cannot be delivered at/after event start (0.4662ms)
✔ PC002 stale selection, terminal and legacy notice guards (0.6058ms)
✔ PC003 500+30 remains 530 across JSON, domain validation and UI projection (1.7037ms)
✔ PC003 unknown required fees are not turned into zero or a complete price (0.2313ms)
✔ PC003 forged total rejected; included quote not double charged (0.5256ms)
✔ PC004 19 venue -> 21 null name/city projection and blocked external maps (0.9453ms)
✔ SOLO context-only count and no-cinema filters do not create group authority (0.3316ms)
✔ free text under admission hold is rejected, not silently dropped (0.0932ms)
✔ budget with unknown basis is clarification, not pass (0.0565ms)
✔ source snapshot contains no personal query/history; changing time preserves source and appends (0.92ms)
✔ organizer without participation has authority, no automatic active slot (0.0869ms)
✔ wall time conversion rejects fold, gap and invalid day; valid date exact (2.9589ms)
✔ deep links are locators only and do not contain tokens or actor data (0.3045ms)
✔ durable approval contract survives new service object; foreign/expired/mutated rejected (12.2555ms)
✔ AI20 candidate remains an explicit-confirmation draft; no tool side effect (0.6741ms)
✔ AI strict JSON rejects {"x":1,"x":2} (0.2725ms)
✔ AI strict JSON rejects {"x":1,"\u0078":2} (0.0804ms)
✔ AI strict JSON rejects {"__proto__":{}} (0.0294ms)
✔ price migration preserves legacy input and stales consent without rewriting immutable SQL rows (0.8788ms)
✔ R5-002 organizer without participation retains management, not a fictional vote (13.8118ms)
✔ R3 consent on changed terms is a new APPLIED domain revision, not raw NO_CHANGE (1.074ms)
✔ cosmetic snapshot preserves terms revision and original receipt snapshot (0.6047ms)
✔ time change cannot claim cosmetic (0.538ms)
✔ outsider IDOR is neutral; cannot replay current access (0.3639ms)
✔ stale state command fails before mutation (0.3238ms)
✔ stale selection command fails (0.3616ms)
✔ stale terms response fails (0.3073ms)
✔ deadline equality rejects positive response (0.7753ms)
✔ deadline equality rejects CONFIRMED (0.5378ms)
✔ DECLINED after deadline remains possible until terminal (0.3199ms)
✔ UNBOUND allowed at start and counts MISSING (0.3209ms)
✔ BLOCKED cannot be selected even with provisional override (0.3639ms)
✔ provisional selection requires explicit warning acknowledgement and reason (0.4334ms)
✔ organizer cannot create others as participants (0.0755ms)
✔ duplicate actor cannot occupy two slots (0.0926ms)
✔ MIN is not silently reduced (0.0659ms)
✔ roster after selection returns collecting, archives commitments, retains same terms responses (0.3558ms)
✔ participant sees own responses, not another actor matrix (0.3596ms)
✔ removed actor loses read immediately (0.3619ms)
✔ unknown required fee prevents final confirmation and retains warnings (0.7289ms)
✔ terminal forbids writes (0.2524ms)
✔ unknown time zone rejected (0.1127ms)
✔ invalid calendar date rejected (0.1191ms)
✔ UTC instant survives exact comparison without milliseconds (0.2546ms)
✔ strict commitment value null (0.342ms)
✔ strict commitment value [] (0.2508ms)
✔ strict commitment value {} (0.5526ms)
✔ strict commitment value "confirmed" (0.2516ms)
✔ strict commitment value 1 (0.2185ms)
✔ My Plans render includes nearest, other plans, status controls and active BottomNav (208.6341ms)
✔ Plan Detail render includes event summary, personal plan, participants and lightweight discussion (3.018ms)
✔ participant status states render for host, going and thinking fixtures (2.7921ms)
✔ solo plan fixture renders without a group prerequisite (4.2693ms)
✔ multi-participant fixture and empty discussion state remain deterministic (2.4778ms)
✔ Search render model remains explicit, deterministic and map-design-only (0.8586ms)
✔ filter state selects and deselects a shared category option (0.1783ms)
✔ removing a selected filter updates applied and draft state (0.1057ms)
✔ reset clears all structured filters while preserving the query and sort context (0.1291ms)
✔ apply commits the Filter Sheet draft and closes it (0.0794ms)
✔ sort switching updates the visible Search sort immediately (0.0846ms)
✔ Filter Sheet open and close restores the last applied filters (0.0619ms)
✔ signed >2^53 ID survives as decimal string (2.3977ms)
✔ bad HMAC fails (0.4052ms)
✔ wrong token fails (0.2221ms)
✔ freshness at 1h equality fails (0.1802ms)
✔ future >300 seconds fails (0.1477ms)
✔ nullable chat allowed; no membership inferred (0.3832ms)
✔ duplicate form key rejected (0.1914ms)
✔ escaped duplicate form key rejected (0.1452ms)
✔ malformed form UTF-8 rejected (0.123ms)
✔ HMAC computed over original nested JSON not reserialized (0.2685ms)
✔ int64 exact 9007199254740993 (0.0801ms)
✔ int64 exact 9223372036854775807 (0.0637ms)
✔ int64 exact -9223372036854775808 (0.0271ms)
✔ reject invalid int64 9223372036854775808 (0.0861ms)
✔ reject invalid int64 -9223372036854775809 (0.0516ms)
✔ reject invalid int64 1e3 (0.0542ms)
✔ reject invalid int64 1.0 (0.0315ms)
✔ reject invalid int64 "1" (0.0284ms)
✔ reject invalid int64 null (0.0259ms)
✔ reject invalid int64 [] (0.0239ms)
✔ reject invalid int64 {} (0.0536ms)
✔ strict duplicate/prototype preflight {"a":1,"a":1} (0.0585ms)
✔ strict duplicate/prototype preflight {"a":1,"\u0061":2} (0.0252ms)
✔ strict duplicate/prototype preflight {"x":{"a":0,"a":1}} (0.0214ms)
✔ strict duplicate/prototype preflight {"__proto__":1} (0.0214ms)
✔ strict duplicate/prototype preflight {"constructor":1} (0.0316ms)
✔ valid nested values not misidentified as duplicate keys (0.4602ms)
✔ depth bounded before native parse (0.0654ms)
✔ unsafe app JSON integer rejected instead of coerced (0.0514ms)
✔ fatal UTF8 does not replace invalid bytes (0.0704ms)
✔ signed wrong first_name type rejected [] (0.1522ms)
✔ signed wrong first_name type rejected {} (0.1274ms)
✔ signed wrong first_name type rejected null (0.0877ms)
✔ signed wrong first_name type rejected true (0.5114ms)
✔ signed wrong first_name type rejected 1 (0.0898ms)
✔ AES-GCM escrow roundtrip; tamper fails (0.378ms)
✔ empty optional MAX profile fields are valid strings (0.1602ms)
ℹ tests 130
ℹ suites 0
ℹ pass 130
ℹ fail 0
ℹ cancelled 0
ℹ skipped 0
ℹ todo 0
ℹ duration_ms 2099.0182
