(node:37780) [FSTDEP023] FastifyDeprecation: disableRequestLogging option is deprecated. Use the logController option with disableRequestLogging or isLogDisabled override instead. The disableRequestLogging top-level option will be removed in `fastify@6`.
(Use `node --trace-warnings ...` to show where the warning was created)
{"event":"http_end","requestId":"f653f4be-cac1-4361-940a-ca30684d8d3e","route":"/","status":200}
{"event":"http_end","requestId":"cfc314a6-cd4b-4afe-a31d-6b50072c8580","route":"/assets/*","status":200}
{"event":"http_end","requestId":"0532e1a1-ea96-47a8-91f3-150fb108d732","route":"/assets/*","status":200}
{"event":"http_end","requestId":"feaf8b5e-f569-4ca6-90cd-e87903903a1c","route":"/assets/*","status":200}
{"event":"http_end","requestId":"4e965fc3-5fd3-4f89-ae45-b5a6a2a04d9a","route":"/assets/*","status":200}
{"event":"http_end","requestId":"e020470f-3a70-410a-8316-95da091fec0e","route":"/assets/*","status":200}
{"event":"http_end","requestId":"cc93ad24-fc31-4656-aeb3-7cd16552655b","route":"/assets/*","status":200}
{"event":"http_end","requestId":"c896921b-7405-478c-8ad4-06de8acb112a","route":"/assets/*","status":200}
{"event":"http_end","requestId":"885900cc-de5a-42d4-949d-a9091e272a5d","route":"/assets/*","status":200}
{"event":"http_end","requestId":"629a38d5-68a3-4549-8a71-db5a5e00fb85","route":"/assets/*","status":200}
{"event":"http_end","requestId":"2c3a44cd-45d9-414f-9dbc-2e703c387d14","route":"/assets/*","status":200}
{"event":"http_end","requestId":"aae30d50-1e90-462c-9e94-6e5699fc2f15","route":"/assets/*","status":200}
{"event":"http_end","requestId":"307ecc1e-4db2-4ddc-b920-0598af42d052","route":"/assets/*","status":200}
{"event":"http_end","requestId":"c9361876-7741-4590-8f55-91dc9d1f6ed1","route":"/assets/*","status":200}
{"event":"http_end","requestId":"31e1ccf6-1e3f-4bc1-a441-d6625b520301","route":"/assets/*","status":200}
{"event":"http_end","requestId":"41684acf-e023-4ef9-9903-92dce81dd9ea","route":"/assets/*","status":200}
{"event":"http_end","requestId":"44e3e39d-124d-4d84-b90d-b941d6dc4655","route":"/assets/*","status":200}
{"event":"http_end","requestId":"be452fea-0fc0-4def-8687-345c78e10593","status":404}
{"event":"http_end","requestId":"f0407863-147d-4a54-b2f9-ce721c8d5e26","route":"/","status":200}
{"event":"http_end","requestId":"71525287-4cf8-4395-90d5-834bc9def81c","route":"/assets/*","status":200}
{"event":"http_end","requestId":"562b11a8-6342-42ea-93c1-8519b70d35a0","route":"/assets/*","status":200}
{"event":"http_end","requestId":"407c5bbe-8078-477d-86be-2c8b873a1054","route":"/api/v1/session","status":200}
{"event":"http_end","requestId":"5e429e03-ce87-4bc2-a89a-8530c88a6d72","route":"/assets/*","status":200}
{"event":"http_end","requestId":"08ee6340-edcf-4956-b1e4-aab62b1e87d8","route":"/assets/*","status":200}
{"event":"http_end","requestId":"9ee10d8e-d840-4ebb-a9e8-2783b7d93f26","route":"/assets/*","status":200}
{"event":"http_end","requestId":"314d2efe-3402-4062-801e-06cd0a5ab926","route":"/api/ui/v1/session","status":200}
{"event":"http_end","requestId":"e50e8867-585e-473a-8f9c-cd736272e488","route":"/api/ui/v1/view","status":200}
{"event":"http_end","requestId":"f650613d-b7ea-45ec-9ffd-328cc63775fd","route":"/assets/*","status":200}
{"event":"http_end","requestId":"c6b87af5-3ba0-4dd3-ba1d-c491534dc431","route":"/api/v1/me/saved","status":200}
{"event":"http_end","requestId":"d5f76d48-1160-4e07-8f6c-2c5323aa2576","route":"/api/ui/v1/session","status":200}
{"event":"http_end","requestId":"637b4157-1f8c-4450-a947-bf5e7f207e05","route":"/api/ui/v1/commands","status":200}
{"event":"http_end","requestId":"cdb358d3-9ac4-478d-8992-5e940f770f33","route":"/api/ui/v1/view","status":200}
{"event":"http_end","requestId":"79373d4d-a21a-4ced-ba85-e1722a51811f","route":"/api/v1/me/saved/resolve","status":200}
{"event":"http_end","requestId":"0c55ea7d-d9a7-43fc-bc98-1cd720cbb884","route":"/api/ui/v1/view","status":200}
{"event":"http_end","requestId":"c74e014e-eb8f-4150-81a7-baebb8d34067","route":"/api/ui/v1/view","status":200}
{"event":"http_end","requestId":"1bdde000-97f7-45c0-aa6a-653f0f80aa00","route":"/api/v1/me/saved/resolve","status":200}
{"event":"http_end","requestId":"f9169f66-f582-4fb7-8fa9-bcd8c6521fc2","route":"/api/v1/me/saved/:occurrenceId","status":503}
{"event":"http_end","requestId":"5cc353c2-ac90-47a8-be07-74d8a7abb0b2","route":"/api/v1/me/saved/:occurrenceId","status":200}
{"event":"http_end","requestId":"c79a9328-9cf2-4a83-a3ad-e804ca271497","route":"/api/v1/me/saved","status":200}
{"event":"http_end","requestId":"728ea9d5-6514-41e1-94cd-6521d155d9b6","route":"/","status":200}
{"event":"http_end","requestId":"bb4fb3f6-b614-4d6c-92c2-ab5df74d74e6","route":"/assets/*","status":200}
{"event":"http_end","requestId":"c386e53c-2a89-4b6d-8966-6886f64fa705","route":"/assets/*","status":200}
{"event":"http_end","requestId":"269f45ba-70af-4fda-8dbc-92c77cd68906","route":"/assets/*","status":200}
{"event":"http_end","requestId":"72ee024c-934e-4149-a68f-2a0b94e51114","route":"/assets/*","status":200}
{"event":"http_end","requestId":"db4c1428-cfe9-452c-84c9-52b1778ce6ad","route":"/api/v1/session","status":200}
{"event":"http_end","requestId":"fac3535d-d7a0-477f-96e4-cbbc019db865","route":"/assets/*","status":200}
{"event":"http_end","requestId":"75510fb6-4e45-4786-baae-276530826b92","route":"/api/ui/v1/session","status":200}
{"event":"http_end","requestId":"059a7501-0ebf-4659-9dfe-9290f78c240f","route":"/api/ui/v1/view","status":200}
{"event":"http_end","requestId":"675718a3-79d5-48a8-9a63-b2bd7e9e607e","route":"/api/v1/me/saved/resolve","status":200}
{"event":"http_end","requestId":"4f7dcdb1-ef8b-46a3-8a98-d7466fc84403","route":"/assets/*","status":200}
{"event":"http_end","requestId":"39c026da-e3ea-4718-85a5-f855e96c12c5","route":"/api/v1/me/saved","status":200}
{"event":"http_end","requestId":"bc76802d-19b0-48d5-b478-3b1854bea59d","route":"/api/v1/me/saved/:occurrenceId","status":200}
{"event":"http_end","requestId":"5a3f597d-2491-490d-ae26-e07572bb9712","route":"/api/v1/me/saved","status":200}
{"event":"http_end","requestId":"b56c7466-0e44-431e-b4a2-258ce4f11f13","route":"/","status":200}
{"event":"http_end","requestId":"c2555dff-77bd-433d-b893-753dc62b270b","route":"/assets/*","status":200}
{"event":"http_end","requestId":"9f6d586a-91ee-4d49-aa15-ca7013c2a17e","route":"/assets/*","status":200}
{"event":"http_end","requestId":"392e7654-cc4f-4f36-a3ca-66bb43e903d9","route":"/api/v1/session","status":200}
{"event":"http_end","requestId":"b9652482-19b7-463a-8b95-c54adcb37a4c","route":"/assets/*","status":200}
{"event":"http_end","requestId":"583d0354-8237-4a28-b337-5bbdb605ac87","route":"/assets/*","status":200}
{"event":"http_end","requestId":"0c3c3369-d650-4edb-bd06-a7c37ce33e73","route":"/api/ui/v1/session","status":200}
{"event":"http_end","requestId":"1c85b909-99b4-4895-9d65-0ecd6d1fb984","route":"/","status":200}
{"event":"http_end","requestId":"59a12a74-4d1a-4727-b39b-eea2a27f690a","route":"/assets/*","status":200}
{"event":"http_end","requestId":"2a3b6764-cfdd-4c64-985b-8fd9bb0323f5","route":"/assets/*","status":200}
{"event":"http_end","requestId":"c611c300-0fb9-48cc-b504-78144bafc071","route":"/api/v1/session","status":200}
{"event":"http_end","requestId":"90eadea6-6c26-403f-b77a-58f1c1a61542","route":"/assets/*","status":200}
{"event":"http_end","requestId":"07d46ab0-0942-4ed2-9289-53e550036667","route":"/assets/*","status":200}
{"event":"http_end","requestId":"0dbda1c1-967b-4e45-8ce6-54236caf8fb1","route":"/api/ui/v1/session","status":200}
{"event":"http_end","requestId":"9cb06423-c7b2-412e-aa99-d68807d36178","route":"/api/ui/v1/view","status":503}
{"event":"http_end","requestId":"9bac9b61-e18f-4b2e-817e-eda05164fa59","route":"/assets/*","status":200}
{"event":"http_end","requestId":"46bda3e1-c28c-4530-b05c-4495f88ad049","route":"/api/ui/v1/view","status":200}
{"event":"http_end","requestId":"07cce86b-062a-4a9a-a206-e3976676f4fb","route":"/assets/*","status":200}
{"event":"http_end","requestId":"cf22b3eb-fce1-465a-ba42-5b90ed213f4d","route":"/","status":200}
{"event":"http_end","requestId":"5f5b70c2-8ecd-4ead-acc5-465d46c2002d","route":"/assets/*","status":200}
{"event":"http_end","requestId":"26493cba-9141-4a0f-851d-68bdb44cbec4","route":"/assets/*","status":200}
{"event":"http_end","requestId":"222b93c4-e080-42d3-b287-bf270c20c2a0","route":"/api/v1/session","status":401}
{"event":"http_end","requestId":"13a090b9-9690-4484-93b7-e2ecb428e2bf","route":"/assets/*","status":200}
{"event":"http_end","requestId":"717a70c1-2ab3-4849-863a-cca52afd50d5","route":"/assets/*","status":200}
{"event":"http_end","requestId":"371e68ee-1724-4d89-8a78-566f04dfb8d1","route":"/assets/*","status":200}
{"status":"PASS","screenshots":28,"assets":14,"checks":["Fastify nested assets: MIME, bytes, build JS/CSS and traversal","Authenticated demo journey: Home, Search, Filters, Detail, Save, Saved, reopen, reload, unsave","Onest and IBM Plex Mono loaded in browser before every capture"]}
