(node:43124) [FSTDEP023] FastifyDeprecation: disableRequestLogging option is deprecated. Use the logController option with disableRequestLogging or isLogDisabled override instead. The disableRequestLogging top-level option will be removed in `fastify@6`.
(Use `node --trace-warnings ...` to show where the warning was created)
{"event":"http_end","requestId":"fcc91bff-f82b-472e-bf81-cc6f270f56f9","route":"/","status":200}
{"event":"http_end","requestId":"433640d6-8674-47a8-87c4-372b77e1a5e3","route":"/assets/*","status":200}
{"event":"http_end","requestId":"4568fe83-3916-44ca-91d8-6cdc5a8ff469","route":"/assets/*","status":200}
{"event":"http_end","requestId":"422c665b-095a-4574-b74e-f51949c6d657","route":"/api/v1/session","status":200}
{"event":"http_end","requestId":"ffe4a903-2306-4ff8-8c07-5d1d8112c55b","route":"/assets/*","status":200}
{"event":"http_end","requestId":"fd581e34-b678-48d5-86fd-e4a0d7db08b3","route":"/assets/*","status":200}
{"event":"http_end","requestId":"d6c2683b-3363-47a5-a72c-8983db4f92d4","route":"/assets/*","status":200}
{"event":"http_end","requestId":"1046c944-0909-41c9-9e43-0f64964941bd","route":"/api/ui/v1/session","status":200}
{"event":"http_end","requestId":"37491d67-1bb1-4752-abb8-4c5d3818bb6d","route":"/api/ui/v1/view","status":200}
{"event":"http_end","requestId":"9f428aba-5045-4feb-adf0-5a7e68bfe7b1","route":"/assets/*","status":200}
{"event":"http_end","requestId":"83253866-6348-4de8-a2ea-2ee286e53ab7","route":"/api/ui/v1/view","status":200}
{"event":"http_end","requestId":"0996e3dc-d3e0-418d-8c73-8e01562d1d6e","route":"/api/v1/me/saved/resolve","status":200}
{"event":"http_end","requestId":"531bd8cb-0f45-43ba-be36-f460b70f78f3","route":"/api/v1/me/saved/:occurrenceId","status":200}
{"event":"http_end","requestId":"b83e8d64-e85b-484b-aac5-698e38095eca","route":"/api/v1/me/saved","status":200}
{"event":"http_end","requestId":"7c590297-7ec5-4636-a72c-8e96ac6253df","route":"/","status":200}
{"event":"http_end","requestId":"ad3c64e0-118f-4b38-aa22-a84495403bf2","route":"/assets/*","status":200}
{"event":"http_end","requestId":"c3d45b0f-74bd-41cf-9169-9123316626d5","route":"/assets/*","status":200}
{"event":"http_end","requestId":"86561fb0-ed5c-477e-b6da-a059df039d81","route":"/assets/*","status":200}
{"event":"http_end","requestId":"3d2664ed-5068-4b09-b788-10aab3c9dfa4","route":"/assets/*","status":200}
{"event":"http_end","requestId":"22293899-5fa8-4a29-be87-111a5875f0f4","route":"/api/v1/session","status":200}
{"event":"http_end","requestId":"1f634d0d-cd52-4c56-994e-b813b07f4024","route":"/assets/*","status":200}
{"event":"http_end","requestId":"5e209962-7127-4713-87cb-bed1caa5dbbf","route":"/api/ui/v1/session","status":200}
{"event":"http_end","requestId":"7a1f5fc9-ab67-4936-b204-fb6c0df61e04","route":"/api/ui/v1/view","status":200}
{"event":"http_end","requestId":"8090f17b-9766-4e93-aa8f-c138769f9170","route":"/api/v1/me/saved/resolve","status":200}
{"event":"http_end","requestId":"82c6e4ae-cf4f-4edb-bbb4-e6b09f5a78b7","route":"/assets/*","status":200}
{"event":"http_end","requestId":"e7346e8a-b537-40d5-b2d4-e9fe27085920","route":"/api/v1/me/saved","status":200}
PASS demo browser Detail → Save → Saved → reload with authenticated canonical persistence and notice
