(node:20088) [FSTDEP023] FastifyDeprecation: disableRequestLogging option is deprecated. Use the logController option with disableRequestLogging or isLogDisabled override instead. The disableRequestLogging top-level option will be removed in `fastify@6`.
(Use `node --trace-warnings ...` to show where the warning was created)
{"event":"http_end","requestId":"9a517f20-e020-4175-88c7-17f41f22318b","route":"/api/v1/session/bootstrap","status":200}
{"event":"http_end","requestId":"02a5c55a-69e6-47df-b4a7-c7da9b60078e","route":"/api/v1/session/max","status":200}
{"event":"http_end","requestId":"3e246113-f0fb-4bf2-bee2-0617ebe89ac9","route":"/api/v1/me/saved","status":200}
{"event":"http_end","requestId":"c235047d-a48e-4304-bce3-ec1139d80838","route":"/api/v1/me/saved/:occurrenceId","status":200}
{"event":"http_end","requestId":"7eb18e9c-3ab0-42d4-a5cc-8f81eed93e4b","route":"/api/v1/me/saved/:occurrenceId","status":200}
{"event":"http_end","requestId":"65d78e7d-022a-431f-a86f-fa9d9a6e0118","route":"/api/v1/me/saved/:occurrenceId","status":200}
{"event":"http_end","requestId":"0788a292-fa94-4585-ad98-5a91c538c86e","route":"/api/v1/me/saved/:occurrenceId","status":200}
{"event":"http_end","requestId":"1f078523-2666-4909-8c7b-288c6d4f0e1f","route":"/api/v1/me/saved/:occurrenceId","status":200}
{"event":"http_end","requestId":"fa93cd9f-0107-4abf-b1cd-b911c9b58328","route":"/api/v1/me/saved/:occurrenceId","status":200}
{"event":"http_end","requestId":"de21c9d4-8565-4868-a221-db3d196a447b","route":"/api/v1/me/saved/:occurrenceId","status":200}
{"event":"http_end","requestId":"dffa8c97-471a-4dbc-85dc-d5d1223d8da5","route":"/api/v1/me/saved/:occurrenceId","status":200}
{"event":"http_end","requestId":"9e7da7c3-8104-4ecf-bf97-d9ffda30742f","route":"/api/v1/me/saved/:occurrenceId","status":200}
{"event":"http_end","requestId":"5378bb00-acff-4e5f-96bb-a4c2bda08475","route":"/api/v1/me/saved/:occurrenceId","status":200}
{"event":"http_end","requestId":"e20a4ca8-2f1b-43ea-8248-ee1bc7893311","route":"/api/v1/me/saved","status":200}
{"event":"http_end","requestId":"ed540b8f-b3eb-4dd5-bb8f-f75f5faee55a","route":"/api/v1/me/saved/resolve","status":200}
{"event":"http_end","requestId":"4d790b0f-e776-4f5c-ba31-85f35412dd31","route":"/api/v1/session/bootstrap","status":200}
{"event":"http_end","requestId":"08e7e5fd-b73b-44b6-9152-5d2024bb2280","route":"/api/v1/session/max","status":200}
{"event":"http_end","requestId":"22bc14f8-2f7c-40f4-a839-1b8ba8b4e2b6","route":"/api/v1/me/saved","status":200}
✔ Save: idempotent PUT, concurrent duplicates, deterministic list and canonical UNKNOWN facts (163.7393ms)
{"event":"http_end","requestId":"11aa8c80-2a21-432d-b7be-a4cae3bd69b5","route":"/api/v1/session/bootstrap","status":200}
{"event":"http_end","requestId":"5729d3a9-9b24-4cec-b16e-547223342e78","route":"/api/v1/session/max","status":200}
{"event":"http_end","requestId":"6e35fc7a-ed9e-48c0-8e0e-b243c63d66a4","route":"/api/v1/session/bootstrap","status":200}
{"event":"http_end","requestId":"fc87dbd5-9cec-4fae-bfdc-0e05a91c8767","route":"/api/v1/session/max","status":200}
{"event":"http_end","requestId":"3a045d4a-ae78-4ebc-9890-6e1b30bd93da","route":"/api/v1/me/saved/:occurrenceId","status":200}
{"event":"http_end","requestId":"37446500-85b7-42b5-b40b-0f5ace5a0587","route":"/api/v1/me/saved","status":200}
{"event":"http_end","requestId":"452c2ce7-078d-435c-a9b9-d9582f066874","route":"/api/v1/me/saved/:occurrenceId","status":200}
{"event":"http_end","requestId":"6d08f834-54e1-4cb8-8849-ed3010e0dc38","route":"/api/v1/me/saved","status":200}
{"event":"http_end","requestId":"64f5f6a5-616c-480a-a0cc-0892643a525f","route":"/api/v1/me/saved/:occurrenceId","status":200}
{"event":"http_end","requestId":"89549e27-7916-426b-84bc-0027ac8d3a6e","route":"/api/v1/me/saved/:occurrenceId","status":200}
{"event":"http_end","requestId":"f7ce7865-4a78-4783-a876-10a459a74d58","route":"/api/v1/me/saved","status":200}
{"event":"http_end","requestId":"503b6cd2-172d-4159-a0c9-a8727d06d325","route":"/api/v1/me/saved/:occurrenceId","status":404}
{"event":"http_end","requestId":"ec56f16c-93b3-4a68-a277-66903a842aad","route":"/api/v1/me/saved/:occurrenceId","status":400}
{"event":"http_end","requestId":"57b3ea74-8342-4872-b590-858c3edbf21c","route":"/api/v1/me/saved","status":401}
{"event":"http_end","requestId":"d07fa2e5-6ba9-450d-8661-59f6463238ba","route":"/api/v1/me/saved/:occurrenceId","status":403}
{"event":"http_end","requestId":"ccd20177-6b28-4884-8f1a-e8edbe9e88eb","route":"/api/v1/me/saved/:occurrenceId","status":403}
{"event":"http_end","requestId":"0d8fe8f4-1afa-4b37-a44f-12d946bc0b7d","route":"/api/v1/me/saved/:occurrenceId","status":400}
✔ Save: DELETE converges, actor ownership, validation, session and Origin guards (56.1853ms)
{"event":"http_end","requestId":"f6a50ac1-768e-49d7-b153-dfd4e3b9fb07","route":"/api/v1/session/bootstrap","status":200}
{"event":"http_end","requestId":"696a4efa-a4bc-462e-aabc-648161fb9a42","route":"/api/v1/session/max","status":200}
{"event":"http_end","requestId":"bc2b3359-0dcb-44a0-8490-8525cd333af1","route":"/api/v1/me/saved/:occurrenceId","status":200}
{"event":"http_end","requestId":"33c8d717-c640-4338-b190-e6d44f590069","route":"/api/v1/me/saved","status":200}
✔ Save: conditional price stays conditional through persistence and API (18.8277ms)
ℹ tests 3
ℹ suites 0
ℹ pass 3
ℹ fail 0
ℹ cancelled 0
ℹ skipped 0
ℹ todo 0
ℹ duration_ms 756.2926
