(node:44540) [FSTDEP023] FastifyDeprecation: disableRequestLogging option is deprecated. Use the logController option with disableRequestLogging or isLogDisabled override instead. The disableRequestLogging top-level option will be removed in `fastify@6`.
(Use `node --trace-warnings ...` to show where the warning was created)
{"event":"http_end","requestId":"32e1aa06-95a6-4a1d-87f8-4b45778fa43c","route":"/api/v1/session/bootstrap","status":200}
{"event":"http_end","requestId":"8385aa44-4b97-4736-a948-4f871ba166fe","route":"/api/v1/session/max","status":200}
{"event":"http_end","requestId":"3a54e093-b653-4c90-bf2f-98f7657f118e","route":"/","status":200}
{"event":"http_end","requestId":"6ed647df-c6d2-40dd-82da-6a9548e392a7","route":"/assets/*","status":200}
{"event":"http_end","requestId":"3526e479-6ea9-4c19-a1da-2aad6367b00e","route":"/assets/*","status":200}
{"event":"http_end","requestId":"d6a66d65-b851-46d0-9d7a-ea08f9a65c95","route":"/api/v1/session","status":200}
{"event":"http_end","requestId":"7ec4ae48-25dd-4151-bee4-bb9da6fb0fce","route":"/assets/*","status":200}
{"event":"http_end","requestId":"759050b7-9143-44a1-9591-1a5c56ad1557","route":"/assets/*","status":200}
{"event":"http_end","requestId":"e9947ed8-ffc2-4db3-95fb-07e175e2f7f4","route":"/assets/*","status":200}
{"event":"http_end","requestId":"60fed72b-3567-4acf-ab61-4480da5cc753","route":"/api/ui/v1/session","status":200}
{"event":"http_end","requestId":"570097b4-9862-4c2f-a58b-d8e8e8c42610","route":"/api/ui/v1/view","status":200}
{"event":"http_end","requestId":"e2ba7652-cf7d-4108-a5f9-1b679f819584","route":"/assets/*","status":200}
{"event":"http_end","requestId":"d4ebf3a9-36ac-4186-8f27-b8c559306eb3","route":"/api/v1/me/saved","status":200}
{"event":"http_end","requestId":"ea4a903e-0386-44c5-88bd-ae354387887f","route":"/api/ui/v1/session","status":200}
{"event":"http_end","requestId":"f658b15c-0362-42dc-a7bf-77da5a38f0f9","route":"/api/ui/v1/commands","status":200}
{"event":"http_end","requestId":"274562f7-59d8-496c-ae2d-aa366cdecd7e","route":"/api/ui/v1/session","status":200}
{"event":"http_end","requestId":"72ffb6cd-07b9-4e26-a3da-613cd9ecfbc0","route":"/api/ui/v1/commands","status":200}
{"event":"http_end","requestId":"617fbaac-92d2-4d07-9700-42188dbf848d","route":"/api/ui/v1/view","status":200}
{"event":"http_end","requestId":"b1890c2a-8b80-496c-bba2-7149a4da6a56","route":"/api/v1/me/saved/resolve","status":200}
{"event":"http_end","requestId":"8c7b6508-b043-4e87-8c2f-8d38c09e4699","route":"/api/ui/v1/view","status":200}
{"event":"http_end","requestId":"f5264350-3697-4d97-b814-7f5061910432","route":"/api/ui/v1/view","status":200}
{"event":"http_end","requestId":"4f13e468-d64a-4c9c-b5e5-10568a9e6a23","route":"/api/v1/me/saved/resolve","status":200}
{"event":"http_end","requestId":"b8e66069-9fef-4d2d-819a-d4336dd2832f","route":"/api/v1/me/saved/:occurrenceId","status":200}
{"event":"http_end","requestId":"5c439f2f-ba3b-4ca6-87bb-79fd553e52eb","route":"/api/v1/me/saved","status":200}
{"event":"http_end","requestId":"98cdbbe6-c111-4dae-820d-de3e27174b91","route":"/api/v1/me/saved/:occurrenceId","status":200}
{"event":"http_end","requestId":"42fd7b9a-5069-4ffd-8028-07a45e1842aa","route":"/api/v1/me/saved/:occurrenceId","status":200}
{"event":"http_end","requestId":"1bc67b8f-9cce-4ee1-a370-93ef32c4723c","route":"/api/v1/me/saved","status":200}
{"event":"http_end","requestId":"7f869d9a-c150-476f-a507-eaa22cb85aac","route":"/","status":200}
{"event":"http_end","requestId":"fb991cbb-ae86-49d2-8157-e4bc1619a295","route":"/assets/*","status":200}
{"event":"http_end","requestId":"65917720-48a9-4dfd-990f-4c8ff6fca396","route":"/assets/*","status":200}
{"event":"http_end","requestId":"5e614626-1b8e-40ed-af92-b1799385758b","route":"/assets/*","status":200}
{"event":"http_end","requestId":"eb775478-acad-44ce-934d-6f0a85279972","route":"/api/v1/session","status":200}
{"event":"http_end","requestId":"ab1e9e61-81fb-49d5-840b-e56826235306","route":"/assets/*","status":200}
{"event":"http_end","requestId":"cc9b327d-ce23-44e7-a428-a3813f1bde3a","route":"/assets/*","status":200}
{"event":"http_end","requestId":"19a0164f-9457-4ceb-ac20-bd4bf9352251","route":"/api/ui/v1/session","status":200}
{"event":"http_end","requestId":"207ccb83-3fd7-453f-97fe-518d355faf37","route":"/api/ui/v1/view","status":200}
{"event":"http_end","requestId":"c6df829f-3d7c-48cd-a574-dc2fd32a8a8f","route":"/api/v1/me/saved/resolve","status":200}
{"event":"http_end","requestId":"f7416cf9-f784-44d3-85e6-8d13f7c06a9c","route":"/assets/*","status":200}
{"event":"http_end","requestId":"ef2d9de1-78d8-4b96-9cf6-44fa027175e7","route":"/api/v1/me/saved","status":200}
PASS runtime authenticated Event Detail Save → canonical Saved → unsave/resave → reload → rejected mutation stays saved
{"event":"http_end","requestId":"9b0eca53-a5b6-4476-ae37-bbf5d53800c1","route":"/","status":200}
{"event":"http_end","requestId":"a4d6a1cf-311f-4002-a09a-3d27d3f8f903","route":"/assets/*","status":200}
{"event":"http_end","requestId":"b8500490-0a03-4823-ad87-e4c23e5fb6d9","route":"/assets/*","status":200}
{"event":"http_end","requestId":"2148ee3a-ea92-444c-9256-59353b2841ce","route":"/api/v1/session","status":401}
{"event":"http_end","requestId":"c16c8904-c6f8-4cbc-9d1a-8fb8c8e76fdb","route":"/assets/*","status":200}
{"event":"http_end","requestId":"8140a22a-c3d5-446f-ab8e-e0389dae9dd0","route":"/assets/*","status":200}
{"event":"http_end","requestId":"a8367c68-0e59-4fae-b2e5-44dc95d0a199","route":"/assets/*","status":200}
