
> the-boys-afisha-integration@0.2.0-candidate test:unit
> node --experimental-strip-types --test tests/unit/*.test.ts

✔ UNKNOWN never becomes EXPIRED or READY after TTL (1.3299ms)
✔ worker killed after possible submission becomes UNKNOWN (0.2313ms)
✔ known not submitted may recover READY (0.1448ms)
✔ known not submitted after deadline EXPIRED (0.1305ms)
✔ Redis loss does not revoke SUCCEEDED (0.1526ms)
✔ unsafe POST 503 is UNKNOWN (0.1766ms)
✔ logical false is not success (0.1315ms)
✔ accepted result means API acceptance only (0.1202ms)
✔ trusted 429 allows bounded retry (1.0346ms)
✔ personal scope does not need artificial group (0.3917ms)
✔ scope actor cannot be forged (0.9694ms)
✔ plan search non-participating organizer retained (0.4015ms)
✔ demo catalog requires explicit server mode and version (1.1443ms)
✔ demo v1 is bounded, fictional, Moscow, and canonical with explicit uncertainty (19.6138ms)
✔ demo source link accepts only a first-party explanatory page (0.5483ms)
(node:9948) [FSTDEP023] FastifyDeprecation: disableRequestLogging option is deprecated. Use the logController option with disableRequestLogging or isLogDisabled override instead. The disableRequestLogging top-level option will be removed in `fastify@6`.
(Use `node --trace-warnings ...` to show where the warning was created)
✔ ioredis named export is constructable in native Node ESM without opening a connection (1.2154ms)
✔ Drizzle PostgreSQL query types preserve parameterized SQL after declaration correction (3.6961ms)
{"event":"http_end","requestId":"ade94d31-d57f-4e56-b29b-553f511e9954","route":"/synthetic-error-0","status":403}
{"event":"http_end","requestId":"12f0e641-8fd5-420b-ae74-547f0ccc8d7d","route":"/synthetic-error-1","status":413}
{"event":"http_end","requestId":"058a1ba6-df4d-4a8a-907f-f03d8083d0fc","route":"/synthetic-error-2","status":415}
{"event":"http_end","requestId":"b791a651-97d3-4489-a32e-3d910b61c5fb","route":"/synthetic-error-3","status":503}
{"event":"http_end","requestId":"70915382-14f6-4807-bef6-e4a6a600bd61","route":"/synthetic-error-4","status":503}
{"event":"http_end","requestId":"81c2371c-9169-4119-ae03-33023c98b46d","route":"/synthetic-error-5","status":503}
{"event":"http_end","requestId":"f43b7c12-078d-483d-b72d-1ce7b3459ea5","route":"/api/v1/plans","status":400}
✔ Fastify unknown error boundary preserves validation/domain/status behavior without leaking messages (108.3725ms)
✔ Detail design variants are deterministic and explicitly synthetic (0.7271ms)
✔ unknown price stays unknown in the deterministic price variant (0.1149ms)
✔ missing venue stays explicit and is omitted from the hero (0.0912ms)
✔ unavailable source has no fabricated URL and disables the primary action (0.1014ms)
✔ runtime adapter preserves supplied start only and does not invent detail facts (0.3227ms)
✔ runtime source action is exposed only for an allowlisted safe URL (0.1197ms)
✔ Empty reset action clears user filters while preserving Moscow and timezone context (1.0657ms)
✔ loading, empty and error system states are explicit and deterministic (1.0804ms)
✔ retry and reset actions leave a deterministic preview destination (0.1328ms)
✔ offline state contains only explicitly supplied cached content (0.1982ms)
✔ deterministic Home fixture remains explicitly synthetic (0.7438ms)
✔ catalog adapter preserves server display evidence without changing domain models (0.6082ms)
✔ catalog adapter does not invent an event when the server returns no events (0.0948ms)
✔ server catalog adapters do not assign design artwork or design map behavior (0.2348ms)
✔ HTTP amount discriminator rejects impossible amount field combinations (3.0366ms)
✔ HTTP canonical price preserves EXACT evidence and unknown totals (5.7016ms)
✔ HTTP canonical price preserves FROM evidence and unknown totals (0.7719ms)
✔ HTTP canonical price preserves RANGE evidence and unknown totals (0.6998ms)
✔ HTTP canonical price preserves FREE evidence and unknown totals (1.8402ms)
✔ HTTP canonical price preserves TEXT evidence and unknown totals (0.5623ms)
✔ HTTP canonical price preserves UNKNOWN evidence and unknown totals (0.6131ms)
✔ PC001 ended (3.9021ms)
✔ PC001 end equality (0.8336ms)
✔ PC001 upcoming (0.7954ms)
✔ PC001 already started, end missing (0.6726ms)
✔ PC001 ongoing (1.3628ms)
✔ PC001 cancelled future event cannot pass (0.7419ms)
✔ PC002 cancellation after commitment deadline gets future informational TTL (16.2857ms)
✔ PC002 cancellation cannot be delivered at/after event start (0.5756ms)
✔ PC002 stale selection, terminal and legacy notice guards (0.8819ms)
✔ PC003 500+30 remains 530 across JSON, domain validation and UI projection (2.6819ms)
✔ PC003 unknown required fees are not turned into zero or a complete price (0.403ms)
✔ PC003 forged total rejected; included quote not double charged (0.8185ms)
✔ PC004 19 venue -> 21 null name/city projection and blocked external maps (1.3649ms)
✔ SOLO context-only count and no-cinema filters do not create group authority (0.4456ms)
✔ free text under admission hold is rejected, not silently dropped (0.1696ms)
✔ budget with unknown basis is clarification, not pass (0.149ms)
✔ source snapshot contains no personal query/history; changing time preserves source and appends (1.5413ms)
✔ organizer without participation has authority, no automatic active slot (0.143ms)
✔ wall time conversion rejects fold, gap and invalid day; valid date exact (5.9859ms)
✔ deep links are locators only and do not contain tokens or actor data (0.5998ms)
✔ durable approval contract survives new service object; foreign/expired/mutated rejected (12.2816ms)
✔ AI20 candidate remains an explicit-confirmation draft; no tool side effect (1.0869ms)
✔ AI strict JSON rejects {"x":1,"x":2} (0.3731ms)
✔ AI strict JSON rejects {"x":1,"\u0078":2} (0.1146ms)
✔ AI strict JSON rejects {"__proto__":{}} (0.0428ms)
✔ price migration preserves legacy input and stales consent without rewriting immutable SQL rows (1.0035ms)
(node:13768) [FSTDEP023] FastifyDeprecation: disableRequestLogging option is deprecated. Use the logController option with disableRequestLogging or isLogDisabled override instead. The disableRequestLogging top-level option will be removed in `fastify@6`.
(Use `node --trace-warnings ...` to show where the warning was created)
✔ desired commands and subscription have only the entry flow (1.0813ms)
✔ command "/start" (0.2039ms)
✔ command " /HELP " (0.077ms)
✔ command "/app" (0.0917ms)
✔ command "/start locator" (0.1244ms)
✔ command "/startle" (0.0673ms)
✔ command "Привет" (0.0775ms)
✔ command "" (0.0479ms)
✔ welcome uses native open_app with bot identity and safe catalog payload (0.3535ms)
✔ help has recovery, configured URL, published policy/about links (0.2197ms)
✔ missing Mini App URL suppresses launch and never invents an address (0.2205ms)
✔ optional policy links are absent until published (0.0627ms)
✔ URLs are optional but production HTTPS is mandatory (0.6214ms)
✔ canonical secret config is separate; legacy test config remains compatible (0.7049ms)
✔ runtime config validates every configured product URL (0.3476ms)
✔ bot_started accepts current first_name and legacy name without inferring app rights (1.0229ms)
✔ lossless bot_started IDs and message_created commands retain exact recipient (0.3063ms)
✔ event identity deduplicates message_created across webhook timestamps (0.2698ms)
✔ destination fencing uses the source update time, not nested message or receipt time (0.1662ms)
✔ groups, channels and bot echoes do not become personal destinations (0.1692ms)
✔ malformed supported payloads fail closed; callbacks are unsupported (0.2306ms)
{"event":"http_end","requestId":"a8c8f4ad-f9bd-4a12-a2f5-8bb02d35b12d","route":"/api/v1/max/webhook","status":403}
{"event":"http_end","requestId":"683f51d2-c6dd-4c5b-aa43-e974d82a6dee","route":"/api/v1/max/webhook","status":403}
✔ invalid or missing webhook secret returns 403 without a database connection (102.127ms)
✔ Mini App URL permits 1024 and rejects 1025 without narrowing unrelated URLs (0.3542ms)
✔ MAX trust configuration keeps global Node trust unchanged (2.3108ms)
✔ T106.1 packaged MAX root is the independently sourced pinned public CA (2.0737ms)
✔ MAX 429 with ordinary error.message maps to safe retry and Retry-After (3.731ms)
✔ transport preserves keyboard body and sends only to pinned MAX API2 (6.9523ms)
✔ HTTP outcome classification keeps ambiguous sends out of retry (1.4726ms)
✔ network failure after possible submission is UNKNOWN and is not retried (0.807ms)
✔ HTTP 400 string message is a definitive response with scoped TLS (0.8029ms)
✔ HTTP 401 string message is a definitive response with scoped TLS (0.5475ms)
✔ HTTP 403 string message is a definitive response with scoped TLS (0.4632ms)
✔ HTTP 404 string message is a definitive response with scoped TLS (0.443ms)
✔ HTTP 429 string message is a definitive response with scoped TLS (0.8489ms)
✔ definitive 401 does not depend on optional error body completion (1.0312ms)
✔ definitive 429 does not depend on optional error body completion (0.7041ms)
✔ capability matrix web (1.0903ms)
✔ capability matrix android (0.189ms)
✔ capability matrix ios (0.2825ms)
✔ capability matrix desktop (0.0883ms)
✔ absent Bridge and CDN object without launch expose no native capabilities (0.178ms)
✔ launch context version gate android 26.19.1 (0.144ms)
✔ launch context version gate android 26.19.2 (0.0844ms)
✔ launch context version gate ios 26.19.99 (0.0971ms)
✔ launch context version gate ios 26.20.0 (0.1254ms)
✔ launch context version gate ios unknown (0.1423ms)
✔ launch context version gate web 99.99.99 (0.1195ms)
✔ URL WebAppData is forwarded byte-exactly, without a fabricated Bridge (0.4663ms)
✔ reject ambiguous or malformed launch #WebAppData=x&WebAppData=x (0.4105ms)
✔ reject ambiguous or malformed launch #WebAppData=x&%57ebAppData=y (0.0809ms)
✔ reject ambiguous or malformed launch #WebAppData=x&WebAppPlatform=web&WebAppPlatform=ios (0.0594ms)
✔ reject ambiguous or malformed launch #WebAppData=%ff (0.1256ms)
✔ reject ambiguous or malformed launch #WebAppData=% (0.0997ms)
✔ reject ambiguous or malformed launch #WebAppData= (0.0529ms)
✔ conflicting Bridge and fragment rejected before exchange (0.104ms)
✔ unsafe user never read even when its getter throws (0.0887ms)
✔ only allowed context fields are read, never user identity (0.3503ms)
✔ 512 ASCII characters accepted; 513 or disallowed characters rejected (0.1226ms)
✔ event deep link round-trip retains an occurrence locator, never an offer or permission (1.0326ms)
✔ campaign/referral are context only and route to personal home (0.203ms)
✔ invalid or oversized event encoding fails closed to personal home (0.254ms)
✔ launch context rejection and timeout are graceful (8.7884ms)
✔ viewport dimensions are bounded and failures leave CSS fallback (1.1345ms)
✔ native links are dispatched in the click turn and routed by exact MAX origin (0.5514ms)
✔ native rejection and missing APIs report explicit outcomes (0.9028ms)
✔ BackButton subscription and cleanup use the same callback (0.6418ms)
✔ resolved native error responses are never reported as invoked (0.3118ms)
✔ fresh MAX launch is verified before an existing cookie can select identity (20.7078ms)
✔ new launch rejection never falls back to the previous identity (1.2002ms)
✔ external browser can resume only an existing server session (0.633ms)
✔ unsafe identity alone cannot issue a session (0.3169ms)
✔ transport retry reuses exact exchange body and bootstrap (0.9565ms)
✔ partial BackButton does not break browser fallback (0.3703ms)
✔ throwing share Bridge reports failure without throwing into UI (0.2462ms)
✔ blocked cookie storage is explicit and never a successful login (0.3722ms)
✔ external browser service outage does not trigger new session issuance (0.2667ms)
✔ a tab cannot replace its CSRF binding after another MAX account changes the cookie (0.2858ms)
✔ R5-002 organizer without participation retains management, not a fictional vote (16.5964ms)
✔ R3 consent on changed terms is a new APPLIED domain revision, not raw NO_CHANGE (1.4986ms)
✔ cosmetic snapshot preserves terms revision and original receipt snapshot (0.957ms)
✔ time change cannot claim cosmetic (0.789ms)
✔ outsider IDOR is neutral; cannot replay current access (0.9815ms)
✔ stale state command fails before mutation (0.6045ms)
✔ stale selection command fails (0.6256ms)
✔ stale terms response fails (0.4975ms)
✔ deadline equality rejects positive response (1.0394ms)
✔ deadline equality rejects CONFIRMED (0.6226ms)
✔ DECLINED after deadline remains possible until terminal (0.3684ms)
✔ UNBOUND allowed at start and counts MISSING (0.3346ms)
✔ BLOCKED cannot be selected even with provisional override (1.0391ms)
✔ provisional selection requires explicit warning acknowledgement and reason (1.0295ms)
✔ organizer cannot create others as participants (0.2172ms)
✔ duplicate actor cannot occupy two slots (0.259ms)
✔ MIN is not silently reduced (0.1693ms)
✔ roster after selection returns collecting, archives commitments, retains same terms responses (0.5299ms)
✔ participant sees own responses, not another actor matrix (0.4813ms)
✔ removed actor loses read immediately (0.3766ms)
✔ unknown required fee prevents final confirmation and retains warnings (0.7713ms)
✔ terminal forbids writes (0.266ms)
✔ unknown time zone rejected (0.1152ms)
✔ invalid calendar date rejected (0.1251ms)
✔ UTC instant survives exact comparison without milliseconds (0.2467ms)
✔ strict commitment value null (0.363ms)
✔ strict commitment value [] (0.4279ms)
✔ strict commitment value {} (0.772ms)
✔ strict commitment value "confirmed" (0.5287ms)
✔ strict commitment value 1 (0.6105ms)
✔ My Plans render includes nearest, other plans, status controls and active BottomNav (588.6261ms)
✔ Plan Detail render includes event summary, personal plan, participants and lightweight discussion (3.003ms)
✔ participant status states render for host, going and thinking fixtures (2.8235ms)
✔ solo plan fixture renders without a group prerequisite (4.309ms)
✔ multi-participant fixture and empty discussion state remain deterministic (2.6392ms)
WebSocket server error: Port 24678 is already in use
✔ Profile design render exposes the approved personalization surface (592.3221ms)
✔ Profile fixture is deterministic and explicitly non-persistent (0.5342ms)
✔ Preference chips only change during the local edit state (0.1468ms)
✔ Notifications control is local UI state only (0.0703ms)
✔ Profile fixtures show VK and OK as unconnected placeholders (2.6263ms)
✔ Server Profile renders connected services only from supplied connected records (4.2794ms)
WebSocket server error: Port 24678 is already in use
✔ runtime Detail exposes Save and reports rejected mutation without false success (640.1464ms)
✔ runtime Saved model uses only server occurrences and preserves unknown facts (1.6081ms)
✔ Saved render model remains explicit, deterministic and close to the approved screen (1.8827ms)
✔ Saved segmented selection switches the visible deterministic collection (0.2384ms)
✔ Saved state removes and re-saves an event without changing its event model (0.1594ms)
✔ Saved screen renders the populated and empty saved states (664.4002ms)
✔ Search render model remains explicit, deterministic and map-design-only (0.8479ms)
✔ filter state selects and deselects a shared category option (0.1624ms)
✔ removing a selected filter updates applied and draft state (0.1002ms)
✔ reset clears all structured filters while preserving the query and sort context (0.0715ms)
✔ apply commits the Filter Sheet draft and closes it (0.7258ms)
✔ sort switching updates the visible Search sort immediately (0.1091ms)
✔ Filter Sheet open and close restores the last applied filters (0.0894ms)
✔ signed >2^53 ID survives as decimal string (3.1748ms)
✔ bad HMAC fails (0.5629ms)
✔ wrong token fails (0.289ms)
✔ freshness at 1h equality fails (0.3264ms)
✔ future >300 seconds fails (0.3182ms)
✔ nullable chat allowed; no membership inferred (0.4094ms)
✔ duplicate form key rejected (0.2257ms)
✔ escaped duplicate form key rejected (0.2019ms)
✔ malformed form UTF-8 rejected (0.25ms)
✔ HMAC computed over original nested JSON not reserialized (0.5539ms)
✔ int64 exact 9007199254740993 (0.2092ms)
✔ int64 exact 9223372036854775807 (0.0558ms)
✔ int64 exact -9223372036854775808 (0.0297ms)
✔ reject invalid int64 9223372036854775808 (0.0663ms)
✔ reject invalid int64 -9223372036854775809 (0.0715ms)
✔ reject invalid int64 1e3 (0.1161ms)
✔ reject invalid int64 1.0 (0.0685ms)
✔ reject invalid int64 "1" (0.0602ms)
✔ reject invalid int64 null (0.0543ms)
✔ reject invalid int64 [] (0.0394ms)
✔ reject invalid int64 {} (0.0347ms)
✔ strict duplicate/prototype preflight {"a":1,"a":1} (0.0905ms)
✔ strict duplicate/prototype preflight {"a":1,"\u0061":2} (0.0438ms)
✔ strict duplicate/prototype preflight {"x":{"a":0,"a":1}} (0.0428ms)
✔ strict duplicate/prototype preflight {"__proto__":1} (0.0323ms)
✔ strict duplicate/prototype preflight {"constructor":1} (0.033ms)
✔ valid nested values not misidentified as duplicate keys (0.6092ms)
✔ depth bounded before native parse (0.1177ms)
✔ unsafe app JSON integer rejected instead of coerced (0.09ms)
✔ fatal UTF8 does not replace invalid bytes (0.0863ms)
✔ signed wrong first_name type rejected [] (0.1953ms)
✔ signed wrong first_name type rejected {} (0.3872ms)
✔ signed wrong first_name type rejected null (0.2648ms)
✔ signed wrong first_name type rejected true (0.2223ms)
✔ signed wrong first_name type rejected 1 (0.1755ms)
✔ AES-GCM escrow roundtrip; tamper fails (0.6352ms)
✔ empty optional MAX profile fields are valid strings (0.2904ms)
✔ valid HMAC-sized tampering rejected with AUTH_INVALID (0.7051ms)
✔ freshness boundaries: 3599 seconds and 300 second future skew accepted (0.3675ms)
✔ security rejects duplicate critical field &hash=000000 (0.1615ms)
✔ security rejects duplicate critical field &%68ash=0000 (0.243ms)
✔ security rejects duplicate critical field &auth_date=1 (0.2526ms)
✔ security rejects duplicate critical field &%61uth_date (0.1121ms)
✔ security rejects malformed encoding user=%&hash=x (0.0722ms)
✔ security rejects malformed encoding user=%G0&hash=x (0.0814ms)
✔ security rejects malformed encoding user=%C0%AF&hash=x (0.0328ms)
✔ security rejects malformed encoding user=%ED%A0%80&hash=x (0.0258ms)
✔ signed int64 max ID and non-ASCII profile remain exact (0.1718ms)
✔ signed start_param context never changes the validated actor (0.3091ms)
✔ Event is conceptual; two sessions yield two distinct occurrence proposals (16.9891ms)
✔ anonymous aliases ignore array order, title, price and end; duplicate session does not multiply (1.4583ms)
✔ conflicting duplicate aliases quarantine that identity and preserve siblings (3.0468ms)
✔ T104 free admission with mandatory 700 RUB deposit is conditional and never free (0.8764ms)
✔ explicit proven free, claimed free with unknown fees, numeric zero and missing price remain distinct (0.861ms)
✔ FROM and RANGE preserve bounds without inventing affordable ceiling (0.1228ms)
✔ unknown fees and event-level scope cannot prove occurrence budget (0.0721ms)
✔ null end, null place and venue without coordinates remain honest (0.6287ms)
✔ invalid end is quarantined as a field, valid start survives (0.6459ms)
✔ invalid start, timezone, impossible date and source URL isolate records (2.3536ms)
✔ a malformed record is isolated and no page silently truncates 399 sessions (59.5366ms)
✔ duplicate provider rows dedupe; conflicting rows quarantine both (3.3899ms)
✔ T104 KudaGo null end, null place, 399 dates and actual_since do not create a cursor or fake facts (81.1808ms)
✔ KudaGo conflicting expanded start quarantines only that date; page size is bounded (0.8148ms)
✔ presentation exposes unknown/conditional/source-unavailable without fabricated end or venue (1.3572ms)
✔ malformed nested provider fields are bounded and isolated from valid siblings (0.8003ms)
✔ money overflow and contradictory no-fee evidence cannot enter canonical price (0.1639ms)
✔ malformed coordinate child cannot erase a valid session sibling (0.6571ms)
✔ ambiguous online place and contradictory venue format stay uncertain (3.3868ms)
✔ RUB presentation preserves kopecks rather than truncating a known price (0.3836ms)
✔ live source without explicit policy admission is rejected with a structured reason (0.0838ms)
✔ invalid search HTTP 422 clears pending and corrected search succeeds without reload (19.423ms)
✔ ambiguous transport keeps the pending key until the same command is retried (1.9275ms)
✔ runtime date search supplies the required fixed Moscow context (0.9202ms)
✔ same-route catalog refresh retains only authenticated cards during offline recovery (0.521ms)
✔ Only explicit allowlisted routes activate design fixtures (0.4721ms)
✔ Shared navigation preserves Profile for Saved and the originating section for Detail (0.1579ms)
✔ Selected preview events retain identity without inheriting invented Detail facts (0.1491ms)
✔ Selected solo plan stays solo and has no borrowed discussion (0.3757ms)
ℹ tests 274
ℹ suites 0
ℹ pass 274
ℹ fail 0
ℹ cancelled 0
ℹ skipped 0
ℹ todo 0
ℹ duration_ms 1243.6801
