
> the-boys-afisha-integration@0.2.0-candidate test:unit
> node --experimental-strip-types --test tests/unit/*.test.ts

✔ UNKNOWN never becomes EXPIRED or READY after TTL (0.4924ms)
✔ worker killed after possible submission becomes UNKNOWN (0.0685ms)
✔ known not submitted may recover READY (0.054ms)
✔ known not submitted after deadline EXPIRED (0.0382ms)
✔ Redis loss does not revoke SUCCEEDED (0.0478ms)
✔ unsafe POST 503 is UNKNOWN (0.0615ms)
✔ logical false is not success (0.0451ms)
✔ accepted result means API acceptance only (0.0398ms)
✔ trusted 429 allows bounded retry (0.4261ms)
✔ personal scope does not need artificial group (0.2139ms)
✔ scope actor cannot be forged (0.2836ms)
✔ plan search non-participating organizer retained (0.2069ms)
(node:38096) [FSTDEP023] FastifyDeprecation: disableRequestLogging option is deprecated. Use the logController option with disableRequestLogging or isLogDisabled override instead. The disableRequestLogging top-level option will be removed in `fastify@6`.
(Use `node --trace-warnings ...` to show where the warning was created)
✔ ioredis named export is constructable in native Node ESM without opening a connection (0.7127ms)
✔ Drizzle PostgreSQL query types preserve parameterized SQL after declaration correction (2.2274ms)
{"event":"http_end","requestId":"cedd4f3d-7077-4820-b4aa-39721607a506","route":"/synthetic-error-0","status":403}
{"event":"http_end","requestId":"91c90c8c-b428-49ea-8c02-8deff85e2728","route":"/synthetic-error-1","status":413}
{"event":"http_end","requestId":"ee42f65c-752e-4f88-abbd-b30008ad5fb2","route":"/synthetic-error-2","status":415}
{"event":"http_end","requestId":"7ab6435c-38f5-4d6f-97bc-c23510879d7e","route":"/synthetic-error-3","status":503}
{"event":"http_end","requestId":"96b94d03-5f20-4b72-98e4-4b215789fb61","route":"/synthetic-error-4","status":503}
{"event":"http_end","requestId":"b8c981d1-0ec3-44d8-98cf-08bf0063438e","route":"/synthetic-error-5","status":503}
{"event":"http_end","requestId":"e0818101-f1fb-4837-ba4b-73fc3f8a2c7c","route":"/api/v1/plans","status":400}
✔ Fastify unknown error boundary preserves validation/domain/status behavior without leaking messages (81.5486ms)
✔ deterministic Home fixture remains explicitly synthetic (0.7718ms)
✔ catalog adapter preserves server display evidence without changing domain models (0.1616ms)
✔ catalog adapter does not invent an event when the server returns no events (0.0767ms)
✔ HTTP amount discriminator rejects impossible amount field combinations (1.9702ms)
✔ HTTP canonical price preserves EXACT evidence and unknown totals (4.1102ms)
✔ HTTP canonical price preserves FROM evidence and unknown totals (0.5003ms)
✔ HTTP canonical price preserves RANGE evidence and unknown totals (0.453ms)
✔ HTTP canonical price preserves FREE evidence and unknown totals (1.1761ms)
✔ HTTP canonical price preserves TEXT evidence and unknown totals (0.3093ms)
✔ HTTP canonical price preserves UNKNOWN evidence and unknown totals (0.2893ms)
✔ PC001 ended (3.3261ms)
✔ PC001 end equality (0.5563ms)
✔ PC001 upcoming (0.5821ms)
✔ PC001 already started, end missing (0.5317ms)
✔ PC001 ongoing (0.9512ms)
✔ PC001 cancelled future event cannot pass (0.4436ms)
✔ PC002 cancellation after commitment deadline gets future informational TTL (10.2035ms)
✔ PC002 cancellation cannot be delivered at/after event start (0.464ms)
✔ PC002 stale selection, terminal and legacy notice guards (0.4356ms)
✔ PC003 500+30 remains 530 across JSON, domain validation and UI projection (1.516ms)
✔ PC003 unknown required fees are not turned into zero or a complete price (0.1866ms)
✔ PC003 forged total rejected; included quote not double charged (0.7536ms)
✔ PC004 19 venue -> 21 null name/city projection and blocked external maps (0.8193ms)
✔ SOLO context-only count and no-cinema filters do not create group authority (0.269ms)
✔ free text under admission hold is rejected, not silently dropped (0.089ms)
✔ budget with unknown basis is clarification, not pass (0.0586ms)
✔ source snapshot contains no personal query/history; changing time preserves source and appends (1.0502ms)
✔ organizer without participation has authority, no automatic active slot (0.0817ms)
✔ wall time conversion rejects fold, gap and invalid day; valid date exact (2.8879ms)
✔ deep links are locators only and do not contain tokens or actor data (0.2987ms)
✔ durable approval contract survives new service object; foreign/expired/mutated rejected (12.6003ms)
✔ AI20 candidate remains an explicit-confirmation draft; no tool side effect (0.6713ms)
✔ AI strict JSON rejects {"x":1,"x":2} (0.2743ms)
✔ AI strict JSON rejects {"x":1,"\u0078":2} (0.0822ms)
✔ AI strict JSON rejects {"__proto__":{}} (0.0288ms)
✔ price migration preserves legacy input and stales consent without rewriting immutable SQL rows (0.7343ms)
✔ R5-002 organizer without participation retains management, not a fictional vote (13.3024ms)
✔ R3 consent on changed terms is a new APPLIED domain revision, not raw NO_CHANGE (0.9828ms)
✔ cosmetic snapshot preserves terms revision and original receipt snapshot (0.9299ms)
✔ time change cannot claim cosmetic (0.5409ms)
✔ outsider IDOR is neutral; cannot replay current access (0.3526ms)
✔ stale state command fails before mutation (0.3011ms)
✔ stale selection command fails (0.3588ms)
✔ stale terms response fails (0.2969ms)
✔ deadline equality rejects positive response (0.7409ms)
✔ deadline equality rejects CONFIRMED (0.4835ms)
✔ DECLINED after deadline remains possible until terminal (0.3225ms)
✔ UNBOUND allowed at start and counts MISSING (0.2775ms)
✔ BLOCKED cannot be selected even with provisional override (0.2727ms)
✔ provisional selection requires explicit warning acknowledgement and reason (0.4232ms)
✔ organizer cannot create others as participants (0.0731ms)
✔ duplicate actor cannot occupy two slots (0.0749ms)
✔ MIN is not silently reduced (0.0548ms)
✔ roster after selection returns collecting, archives commitments, retains same terms responses (0.3342ms)
✔ participant sees own responses, not another actor matrix (0.3313ms)
✔ removed actor loses read immediately (0.27ms)
✔ unknown required fee prevents final confirmation and retains warnings (0.9156ms)
✔ terminal forbids writes (0.2753ms)
✔ unknown time zone rejected (0.1246ms)
✔ invalid calendar date rejected (0.121ms)
✔ UTC instant survives exact comparison without milliseconds (0.2371ms)
✔ strict commitment value null (0.3299ms)
✔ strict commitment value [] (0.265ms)
✔ strict commitment value {} (0.2191ms)
✔ strict commitment value "confirmed" (0.5192ms)
✔ strict commitment value 1 (0.2221ms)
✔ Search render model remains explicit, deterministic and map-design-only (0.8835ms)
✔ filter state selects and deselects a shared category option (0.1707ms)
✔ removing a selected filter updates applied and draft state (0.1046ms)
✔ reset clears all structured filters while preserving the query and sort context (0.0638ms)
✔ apply commits the Filter Sheet draft and closes it (0.0572ms)
✔ sort switching updates the visible Search sort immediately (0.0718ms)
✔ Filter Sheet open and close restores the last applied filters (0.0596ms)
✔ signed >2^53 ID survives as decimal string (2.3992ms)
✔ bad HMAC fails (0.8806ms)
✔ wrong token fails (0.2432ms)
✔ freshness at 1h equality fails (0.1984ms)
✔ future >300 seconds fails (0.1598ms)
✔ nullable chat allowed; no membership inferred (0.2659ms)
✔ duplicate form key rejected (0.1797ms)
✔ escaped duplicate form key rejected (0.1153ms)
✔ malformed form UTF-8 rejected (0.115ms)
✔ HMAC computed over original nested JSON not reserialized (0.2656ms)
✔ int64 exact 9007199254740993 (0.1107ms)
✔ int64 exact 9223372036854775807 (0.0622ms)
✔ int64 exact -9223372036854775808 (0.0295ms)
✔ reject invalid int64 9223372036854775808 (0.0839ms)
✔ reject invalid int64 -9223372036854775809 (0.0583ms)
✔ reject invalid int64 1e3 (0.0629ms)
✔ reject invalid int64 1.0 (0.0452ms)
✔ reject invalid int64 "1" (0.0285ms)
✔ reject invalid int64 null (0.0343ms)
✔ reject invalid int64 [] (0.0267ms)
✔ reject invalid int64 {} (0.0243ms)
✔ strict duplicate/prototype preflight {"a":1,"a":1} (0.0455ms)
✔ strict duplicate/prototype preflight {"a":1,"\u0061":2} (0.024ms)
✔ strict duplicate/prototype preflight {"x":{"a":0,"a":1}} (0.0256ms)
✔ strict duplicate/prototype preflight {"__proto__":1} (0.0202ms)
✔ strict duplicate/prototype preflight {"constructor":1} (0.0208ms)
✔ valid nested values not misidentified as duplicate keys (0.4317ms)
✔ depth bounded before native parse (0.0625ms)
✔ unsafe app JSON integer rejected instead of coerced (0.057ms)
✔ fatal UTF8 does not replace invalid bytes (0.0691ms)
✔ signed wrong first_name type rejected [] (0.1546ms)
✔ signed wrong first_name type rejected {} (0.1169ms)
✔ signed wrong first_name type rejected null (0.1002ms)
✔ signed wrong first_name type rejected true (0.4815ms)
✔ signed wrong first_name type rejected 1 (0.1251ms)
✔ AES-GCM escrow roundtrip; tamper fails (0.3658ms)
✔ empty optional MAX profile fields are valid strings (0.1454ms)
ℹ tests 125
ℹ suites 0
ℹ pass 125
ℹ fail 0
ℹ cancelled 0
ℹ skipped 0
ℹ todo 0
ℹ duration_ms 556.613
